Archive member included to satisfy reference by file (symbol)

c:/siliconlabs/simplicitystudio/v5/developer/toolchains/gnu_arm/12.2.rel1_2023.7/bin/../lib/gcc/arm-none-eabi/12.2.1/thumb/v7e-m+fp/softfp\libgcc.a(_arm_muldf3.o)
                              ./wiseconnect3_sdk_3.4.1/components/device/silabs/si91x/mcu/drivers/unified_api/src/sl_si91x_bjt_temperature_sensor.o (__aeabi_dmul)
c:/siliconlabs/simplicitystudio/v5/developer/toolchains/gnu_arm/12.2.rel1_2023.7/bin/../lib/gcc/arm-none-eabi/12.2.1/thumb/v7e-m+fp/softfp\libgcc.a(_arm_addsubdf3.o)
                              ./wiseconnect3_sdk_3.4.1/components/device/silabs/si91x/mcu/drivers/peripheral_drivers/src/clock_update.o (__aeabi_dadd)
c:/siliconlabs/simplicitystudio/v5/developer/toolchains/gnu_arm/12.2.rel1_2023.7/bin/../lib/gcc/arm-none-eabi/12.2.1/thumb/v7e-m+fp/softfp\libgcc.a(_arm_muldivdf3.o)
                              ./wiseconnect3_sdk_3.4.1/components/device/silabs/si91x/mcu/drivers/peripheral_drivers/src/clock_update.o (__aeabi_ddiv)
c:/siliconlabs/simplicitystudio/v5/developer/toolchains/gnu_arm/12.2.rel1_2023.7/bin/../lib/gcc/arm-none-eabi/12.2.1/thumb/v7e-m+fp/softfp\libgcc.a(_arm_cmpdf2.o)
                              ./wiseconnect3_sdk_3.4.1/components/device/silabs/si91x/mcu/drivers/peripheral_drivers/src/rsi_adc.o (__aeabi_dcmplt)
c:/siliconlabs/simplicitystudio/v5/developer/toolchains/gnu_arm/12.2.rel1_2023.7/bin/../lib/gcc/arm-none-eabi/12.2.1/thumb/v7e-m+fp/softfp\libgcc.a(_arm_fixunsdfsi.o)
                              ./wiseconnect3_sdk_3.4.1/components/device/silabs/si91x/mcu/drivers/peripheral_drivers/src/clock_update.o (__aeabi_d2uiz)
c:/siliconlabs/simplicitystudio/v5/developer/toolchains/gnu_arm/12.2.rel1_2023.7/bin/../lib/gcc/arm-none-eabi/12.2.1/thumb/v7e-m+fp/softfp\libc_nano.a(libc_a-assert.o)
                              ./wiseconnect3_sdk_3.4.1/components/device/silabs/si91x/wireless/src/sl_rsi_utility.o (__assert_func)
c:/siliconlabs/simplicitystudio/v5/developer/toolchains/gnu_arm/12.2.rel1_2023.7/bin/../lib/gcc/arm-none-eabi/12.2.1/thumb/v7e-m+fp/softfp\libc_nano.a(libc_a-calloc.o)
                              ./wiseconnect3_sdk_3.4.1/components/device/silabs/si91x/wireless/socket/src/sl_si91x_socket_utility.o (calloc)
c:/siliconlabs/simplicitystudio/v5/developer/toolchains/gnu_arm/12.2.rel1_2023.7/bin/../lib/gcc/arm-none-eabi/12.2.1/thumb/v7e-m+fp/softfp\libc_nano.a(libc_a-callocr.o)
                              c:/siliconlabs/simplicitystudio/v5/developer/toolchains/gnu_arm/12.2.rel1_2023.7/bin/../lib/gcc/arm-none-eabi/12.2.1/thumb/v7e-m+fp/softfp\libc_nano.a(libc_a-calloc.o) (_calloc_r)
c:/siliconlabs/simplicitystudio/v5/developer/toolchains/gnu_arm/12.2.rel1_2023.7/bin/../lib/gcc/arm-none-eabi/12.2.1/thumb/v7e-m+fp/softfp\libc_nano.a(libc_a-exit.o)
                              c:/siliconlabs/simplicitystudio/v5/developer/toolchains/gnu_arm/12.2.rel1_2023.7/bin/../lib/gcc/arm-none-eabi/12.2.1/thumb/v7e-m+fp/softfp/crt0.o (exit)
c:/siliconlabs/simplicitystudio/v5/developer/toolchains/gnu_arm/12.2.rel1_2023.7/bin/../lib/gcc/arm-none-eabi/12.2.1/thumb/v7e-m+fp/softfp\libc_nano.a(libc_a-malloc.o)
                              ./app.o (malloc)
c:/siliconlabs/simplicitystudio/v5/developer/toolchains/gnu_arm/12.2.rel1_2023.7/bin/../lib/gcc/arm-none-eabi/12.2.1/thumb/v7e-m+fp/softfp\libc_nano.a(libc_a-mallocr.o)
                              c:/siliconlabs/simplicitystudio/v5/developer/toolchains/gnu_arm/12.2.rel1_2023.7/bin/../lib/gcc/arm-none-eabi/12.2.1/thumb/v7e-m+fp/softfp\libc_nano.a(libc_a-callocr.o) (_malloc_r)
c:/siliconlabs/simplicitystudio/v5/developer/toolchains/gnu_arm/12.2.rel1_2023.7/bin/../lib/gcc/arm-none-eabi/12.2.1/thumb/v7e-m+fp/softfp\libc_nano.a(libc_a-mlock.o)
                              c:/siliconlabs/simplicitystudio/v5/developer/toolchains/gnu_arm/12.2.rel1_2023.7/bin/../lib/gcc/arm-none-eabi/12.2.1/thumb/v7e-m+fp/softfp\libc_nano.a(libc_a-mallocr.o) (__malloc_lock)
c:/siliconlabs/simplicitystudio/v5/developer/toolchains/gnu_arm/12.2.rel1_2023.7/bin/../lib/gcc/arm-none-eabi/12.2.1/thumb/v7e-m+fp/softfp\libc_nano.a(libc_a-strtoul.o)
                              ./wiseconnect3_sdk_3.4.1/components/common/src/sl_utility.o (strtoul)
c:/siliconlabs/simplicitystudio/v5/developer/toolchains/gnu_arm/12.2.rel1_2023.7/bin/../lib/gcc/arm-none-eabi/12.2.1/thumb/v7e-m+fp/softfp\libc_nano.a(libc_a-ctype_.o)
                              ./simplicity_sdk_2024.12.1/platform/common/src/sl_string.o (_ctype_)
c:/siliconlabs/simplicitystudio/v5/developer/toolchains/gnu_arm/12.2.rel1_2023.7/bin/../lib/gcc/arm-none-eabi/12.2.1/thumb/v7e-m+fp/softfp\libc_nano.a(libc_a-nano-vfprintf_float.o)
                              (_printf_float)
c:/siliconlabs/simplicitystudio/v5/developer/toolchains/gnu_arm/12.2.rel1_2023.7/bin/../lib/gcc/arm-none-eabi/12.2.1/thumb/v7e-m+fp/softfp\libc_nano.a(libc_a-nano-vfprintf_i.o)
[...]
Memory Configuration

Name             Origin             Length             Attributes
rom              0x08202000         0x001fe000         xr
ram              0x0000000c         0x0002fbf4         xrw
udma0            0x0002fc00         0x00000400         xrw
udma1            0x24061c00         0x00000400         xrw
*default*        0x00000000         0xffffffff

Linker script and memory map

LOAD c:/siliconlabs/simplicitystudio/v5/developer/toolchains/gnu_arm/12.2.rel1_2023.7/bin/../lib/gcc/arm-none-eabi/12.2.1/thumb/v7e-m+fp/softfp/crti.o
LOAD c:/siliconlabs/simplicitystudio/v5/developer/toolchains/gnu_arm/12.2.rel1_2023.7/bin/../lib/gcc/arm-none-eabi/12.2.1/thumb/v7e-m+fp/softfp/crtbegin.o
LOAD c:/siliconlabs/simplicitystudio/v5/developer/toolchains/gnu_arm/12.2.rel1_2023.7/bin/../lib/gcc/arm-none-eabi/12.2.1/thumb/v7e-m+fp/softfp/crt0.o
START GROUP
LOAD ./app.o
LOAD ./main.o
LOAD ./autogen/sl_event_handler.o
LOAD ./simplicity_sdk_2024.12.1/platform/CMSIS/RTOS2/Source/os_systick.o
LOAD ./simplicity_sdk_2024.12.1/platform/common/src/sl_assert.o
LOAD ./simplicity_sdk_2024.12.1/platform/common/src/sl_cmsis_os2_common.o
LOAD ./simplicity_sdk_2024.12.1/platform/common/src/sl_core_cortexm.o
LOAD ./simplicity_sdk_2024.12.1/platform/common/src/sl_slist.o
LOAD ./simplicity_sdk_2024.12.1/platform/common/src/sl_string.o
LOAD ./simplicity_sdk_2024.12.1/platform/common/src/sl_syscalls.o
LOAD ./simplicity_sdk_2024.12.1/platform/common/src/sli_cmsis_os2_ext_task_register.o
LOAD ./simplicity_sdk_2024.12.1/platform/emlib/src/em_core.o
LOAD ./simplicity_sdk_2024.12.1/platform/service/mem_pool/src/sl_mem_pool.o
LOAD ./simplicity_sdk_2024.12.1/platform/service/system/src/sl_system_init.o
LOAD ./simplicity_sdk_2024.12.1/platform/service/system/src/sl_system_kernel.o
LOAD ./simplicity_sdk_2024.12.1/util/third_party/freertos/cmsis/Source/cmsis_os2.o
LOAD ./simplicity_sdk_2024.12.1/util/third_party/freertos/kernel/croutine.o
LOAD ./simplicity_sdk_2024.12.1/util/third_party/freertos/kernel/event_groups.o
LOAD ./simplicity_sdk_2024.12.1/util/third_party/freertos/kernel/list.o
LOAD ./simplicity_sdk_2024.12.1/util/third_party/freertos/kernel/queue.o
LOAD ./simplicity_sdk_2024.12.1/util/third_party/freertos/kernel/stream_buffer.o
LOAD ./simplicity_sdk_2024.12.1/util/third_party/freertos/kernel/tasks.o
LOAD ./simplicity_sdk_2024.12.1/util/third_party/freertos/kernel/timers.o
LOAD ./simplicity_sdk_2024.12.1/util/third_party/freertos/kernel/portable/GCC/ARM_CM4F/port.o
LOAD ./simplicity_sdk_2024.12.1/util/third_party/freertos/kernel/portable/MemMang/heap_4.o
LOAD ./wiseconnect3_sdk_3.4.1/components/board/silabs/src/rsi_board.o
LOAD ./wiseconnect3_sdk_3.4.1/components/common/src/sl_utility.o
LOAD ./wiseconnect3_sdk_3.4.1/components/device/silabs/si91x/mcu/core/chip/src/iPMU_prog/iPMU_dotc/ipmu_apis.o
LOAD ./wiseconnect3_sdk_3.4.1/components/device/silabs/si91x/mcu/core/chip/src/iPMU_prog/iPMU_dotc/rsi_system_config_917.o
LOAD ./wiseconnect3_sdk_3.4.1/components/device/silabs/si91x/mcu/core/chip/src/rsi_deepsleep_soc.o
LOAD ./wiseconnect3_sdk_3.4.1/components/device/silabs/si91x/mcu/core/chip/src/rsi_ps_ram_func.o
LOAD ./wiseconnect3_sdk_3.4.1/components/device/silabs/si91x/mcu/core/chip/src/startup_si91x.o
LOAD ./wiseconnect3_sdk_3.4.1/components/device/silabs/si91x/mcu/core/chip/src/system_si91x.o
LOAD ./wiseconnect3_sdk_3.4.1/components/device/silabs/si91x/mcu/core/common/src/rsi_debug.o
LOAD ./wiseconnect3_sdk_3.4.1/components/device/silabs/si91x/mcu/core/common/src/sl_si91x_stack_object_declare.o
LOAD ./wiseconnect3_sdk_3.4.1/components/device/silabs/si91x/mcu/core/common/src/syscalls.o
LOAD ./wiseconnect3_sdk_3.4.1/components/device/silabs/si91x/mcu/core/config/src/rsi_nvic_priorities_config.o
LOAD ./wiseconnect3_sdk_3.4.1/components/device/silabs/si91x/mcu/drivers/cmsis_driver/UDMA.o
LOAD ./wiseconnect3_sdk_3.4.1/components/device/silabs/si91x/mcu/drivers/cmsis_driver/USART.o
LOAD ./wiseconnect3_sdk_3.4.1/components/device/silabs/si91x/mcu/drivers/peripheral_drivers/src/aux_reference_volt_config.o
LOAD ./wiseconnect3_sdk_3.4.1/components/device/silabs/si91x/mcu/drivers/peripheral_drivers/src/clock_update.o
LOAD ./wiseconnect3_sdk_3.4.1/components/device/silabs/si91x/mcu/drivers/peripheral_drivers/src/rsi_adc.o
LOAD ./wiseconnect3_sdk_3.4.1/components/device/silabs/si91x/mcu/drivers/peripheral_drivers/src/rsi_crc.o
LOAD ./wiseconnect3_sdk_3.4.1/components/device/silabs/si91x/mcu/drivers/peripheral_drivers/src/rsi_dac.o
LOAD ./wiseconnect3_sdk_3.4.1/components/device/silabs/si91x/mcu/drivers/peripheral_drivers/src/rsi_egpio.o
LOAD ./wiseconnect3_sdk_3.4.1/components/device/silabs/si91x/mcu/drivers/peripheral_drivers/src/rsi_opamp.o
LOAD ./wiseconnect3_sdk_3.4.1/components/device/silabs/si91x/mcu/drivers/peripheral_drivers/src/rsi_udma.o
LOAD ./wiseconnect3_sdk_3.4.1/components/device/silabs/si91x/mcu/drivers/peripheral_drivers/src/rsi_udma_wrapper.o
LOAD ./wiseconnect3_sdk_3.4.1/components/device/silabs/si91x/mcu/drivers/peripheral_drivers/src/rsi_usart.o
LOAD ./wiseconnect3_sdk_3.4.1/components/device/silabs/si91x/mcu/drivers/rom_driver/src/rsi_rom_table_si91x.o
LOAD ./wiseconnect3_sdk_3.4.1/components/device/silabs/si91x/mcu/drivers/service/clock_manager/src/sl_si91x_clock_manager.o
LOAD ./wiseconnect3_sdk_3.4.1/components/device/silabs/si91x/mcu/drivers/systemlevel/src/rsi_bod.o
LOAD ./wiseconnect3_sdk_3.4.1/components/device/silabs/si91x/mcu/drivers/systemlevel/src/rsi_ipmu.o
LOAD ./wiseconnect3_sdk_3.4.1/components/device/silabs/si91x/mcu/drivers/systemlevel/src/rsi_pll.o
LOAD ./wiseconnect3_sdk_3.4.1/components/device/silabs/si91x/mcu/drivers/systemlevel/src/rsi_rtc.o
LOAD ./wiseconnect3_sdk_3.4.1/components/device/silabs/si91x/mcu/drivers/systemlevel/src/rsi_temp_sensor.o
LOAD ./wiseconnect3_sdk_3.4.1/components/device/silabs/si91x/mcu/drivers/systemlevel/src/rsi_time_period.o
LOAD ./wiseconnect3_sdk_3.4.1/components/device/silabs/si91x/mcu/drivers/systemlevel/src/rsi_ulpss_clk.o
LOAD ./wiseconnect3_sdk_3.4.1/components/device/silabs/si91x/mcu/drivers/unified_api/src/sl_si91x_adc.o
LOAD ./wiseconnect3_sdk_3.4.1/components/device/silabs/si91x/mcu/drivers/unified_api/src/sl_si91x_bjt_temperature_sensor.o
LOAD ./wiseconnect3_sdk_3.4.1/components/device/silabs/si91x/mcu/drivers/unified_api/src/sl_si91x_dma.o
LOAD ./wiseconnect3_sdk_3.4.1/components/device/silabs/si91x/wireless/ahb_interface/src/rsi_hal_mcu_m4_ram.o
LOAD ./wiseconnect3_sdk_3.4.1/components/device/silabs/si91x/wireless/ahb_interface/src/rsi_hal_mcu_m4_rom.o
LOAD ./wiseconnect3_sdk_3.4.1/components/device/silabs/si91x/wireless/ahb_interface/src/sl_platform.o
LOAD ./wiseconnect3_sdk_3.4.1/components/device/silabs/si91x/wireless/ahb_interface/src/sl_platform_wireless.o
LOAD ./wiseconnect3_sdk_3.4.1/components/device/silabs/si91x/wireless/ahb_interface/src/sl_si91x_bus.o
LOAD ./wiseconnect3_sdk_3.4.1/components/device/silabs/si91x/wireless/ahb_interface/src/sl_si91x_timer.o
LOAD ./wiseconnect3_sdk_3.4.1/components/device/silabs/si91x/wireless/ahb_interface/src/sli_siwx917_soc.o
LOAD ./wiseconnect3_sdk_3.4.1/components/device/silabs/si91x/wireless/asynchronous_socket/src/sl_si91x_socket.o
LOAD ./wiseconnect3_sdk_3.4.1/components/device/silabs/si91x/wireless/errno/src/sl_si91x_errno.o
LOAD ./wiseconnect3_sdk_3.4.1/components/device/silabs/si91x/wireless/firmware_upgrade/firmware_upgradation.o
LOAD ./wiseconnect3_sdk_3.4.1/components/device/silabs/si91x/wireless/host_mcu/si91x/siwx917_soc_ncp_host.o
LOAD ./wiseconnect3_sdk_3.4.1/components/device/silabs/si91x/wireless/icmp/sl_net_ping.o
LOAD ./wiseconnect3_sdk_3.4.1/components/device/silabs/si91x/wireless/memory/mem_pool_buffer_quota.o
LOAD ./wiseconnect3_sdk_3.4.1/components/device/silabs/si91x/wireless/sl_net/src/sl_net_rsi_utility.o
LOAD ./wiseconnect3_sdk_3.4.1/components/device/silabs/si91x/wireless/sl_net/src/sl_net_si91x_callback_framework.o
LOAD ./wiseconnect3_sdk_3.4.1/components/device/silabs/si91x/wireless/sl_net/src/sl_net_si91x_integration_handler.o
LOAD ./wiseconnect3_sdk_3.4.1/components/device/silabs/si91x/wireless/sl_net/src/sl_si91x_net_credentials.o
LOAD ./wiseconnect3_sdk_3.4.1/components/device/silabs/si91x/wireless/sl_net/src/sl_si91x_net_internal_stack.o
LOAD ./wiseconnect3_sdk_3.4.1/components/device/silabs/si91x/wireless/socket/src/sl_si91x_socket_utility.o
LOAD ./wiseconnect3_sdk_3.4.1/components/device/silabs/si91x/wireless/src/sl_rsi_utility.o
LOAD ./wiseconnect3_sdk_3.4.1/components/device/silabs/si91x/wireless/src/sl_si91x_driver.o
LOAD ./wiseconnect3_sdk_3.4.1/components/device/silabs/si91x/wireless/threading/sli_si91x_multithreaded.o
LOAD ./wiseconnect3_sdk_3.4.1/components/protocol/wifi/si91x/sl_wifi.o
LOAD ./wiseconnect3_sdk_3.4.1/components/protocol/wifi/src/sl_wifi_basic_credentials.o
LOAD ./wiseconnect3_sdk_3.4.1/components/protocol/wifi/src/sl_wifi_callback_framework.o
LOAD ./wiseconnect3_sdk_3.4.1/components/service/bsd_socket/si91x_socket/sl_si91x_bsd_socket.o
LOAD ./wiseconnect3_sdk_3.4.1/components/service/mqtt/si91x/sl_mqtt_client.o
LOAD ./wiseconnect3_sdk_3.4.1/components/service/network_manager/si91x/sl_net_si91x.o
LOAD ./wiseconnect3_sdk_3.4.1/components/service/network_manager/src/sl_net.o
LOAD ./wiseconnect3_sdk_3.4.1/components/service/network_manager/src/sl_net_basic_certificate_store.o
LOAD ./wiseconnect3_sdk_3.4.1/components/service/network_manager/src/sl_net_basic_profiles.o
LOAD ./wiseconnect3_sdk_3.4.1/components/service/network_manager/src/sl_net_credentials.o
LOAD ./wiseconnect3_sdk_3.4.1/third_party/json_parser/src/jsmn.o
LOAD c:/siliconlabs/simplicitystudio/v5/developer/toolchains/gnu_arm/12.2.rel1_2023.7/bin/../lib/gcc/arm-none-eabi/12.2.1/thumb/v7e-m+fp/softfp\libgcc.a
LOAD c:/siliconlabs/simplicitystudio/v5/developer/toolchains/gnu_arm/12.2.rel1_2023.7/bin/../lib/gcc/arm-none-eabi/12.2.1/thumb/v7e-m+fp/softfp\libnosys.a
LOAD c:/siliconlabs/simplicitystudio/v5/developer/toolchains/gnu_arm/12.2.rel1_2023.7/bin/../lib/gcc/arm-none-eabi/12.2.1/thumb/v7e-m+fp/softfp\libc_nano.a
LOAD c:/siliconlabs/simplicitystudio/v5/developer/toolchains/gnu_arm/12.2.rel1_2023.7/bin/../lib/gcc/arm-none-eabi/12.2.1/thumb/v7e-m+fp/softfp\libm.a
END GROUP
START GROUP
LOAD c:/siliconlabs/simplicitystudio/v5/developer/toolchains/gnu_arm/12.2.rel1_2023.7/bin/../lib/gcc/arm-none-eabi/12.2.1/thumb/v7e-m+fp/softfp\libgcc.a
LOAD c:/siliconlabs/simplicitystudio/v5/developer/toolchains/gnu_arm/12.2.rel1_2023.7/bin/../lib/gcc/arm-none-eabi/12.2.1/thumb/v7e-m+fp/softfp\libc_nano.a
LOAD c:/siliconlabs/simplicitystudio/v5/developer/toolchains/gnu_arm/12.2.rel1_2023.7/bin/../lib/gcc/arm-none-eabi/12.2.1/thumb/v7e-m+fp/softfp\libnosys.a
END GROUP
START GROUP
LOAD c:/siliconlabs/simplicitystudio/v5/developer/toolchains/gnu_arm/12.2.rel1_2023.7/bin/../lib/gcc/arm-none-eabi/12.2.1/thumb/v7e-m+fp/softfp\libgcc.a
LOAD c:/siliconlabs/simplicitystudio/v5/developer/toolchains/gnu_arm/12.2.rel1_2023.7/bin/../lib/gcc/arm-none-eabi/12.2.1/thumb/v7e-m+fp/softfp\libg_nano.a
LOAD c:/siliconlabs/simplicitystudio/v5/developer/toolchains/gnu_arm/12.2.rel1_2023.7/bin/../lib/gcc/arm-none-eabi/12.2.1/thumb/v7e-m+fp/softfp\libc_nano.a
END GROUP
START GROUP
LOAD c:/siliconlabs/simplicitystudio/v5/developer/toolchains/gnu_arm/12.2.rel1_2023.7/bin/../lib/gcc/arm-none-eabi/12.2.1/thumb/v7e-m+fp/softfp\libgcc.a
LOAD c:/siliconlabs/simplicitystudio/v5/developer/toolchains/gnu_arm/12.2.rel1_2023.7/bin/../lib/gcc/arm-none-eabi/12.2.1/thumb/v7e-m+fp/softfp\libc_nano.a
END GROUP
LOAD c:/siliconlabs/simplicitystudio/v5/developer/toolchains/gnu_arm/12.2.rel1_2023.7/bin/../lib/gcc/arm-none-eabi/12.2.1/thumb/v7e-m+fp/softfp/crtend.o
LOAD c:/siliconlabs/simplicitystudio/v5/developer/toolchains/gnu_arm/12.2.rel1_2023.7/bin/../lib/gcc/arm-none-eabi/12.2.1/thumb/v7e-m+fp/softfp/crtn.o

.text           0x08202000    0x12a73
 *(.isr_vector)
 .isr_vector    0x08202000      0x16c ./wiseconnect3_sdk_3.4.1/components/device/silabs/si91x/mcu/core/chip/src/startup_si91x.o
                0x08202000                __Vectors
                0x08202180                . = ALIGN (0x20)
 *fill*         0x0820216c       0x14 
 *(EXCLUDE_FILE(*tasks.o *UDMA.o) .text*)
 .text.deregister_tm_clones
                0x08202180       0x1c c:/siliconlabs/simplicitystudio/v5/developer/toolchains/gnu_arm/12.2.rel1_2023.7/bin/../lib/gcc/arm-none-eabi/12.2.1/thumb/v7e-m+fp/softfp/crtbegin.o
 .text.register_tm_clones
                0x0820219c       0x24 c:/siliconlabs/simplicitystudio/v5/developer/toolchains/gnu_arm/12.2.rel1_2023.7/bin/../lib/gcc/arm-none-eabi/12.2.1/thumb/v7e-m+fp/softfp/crtbegin.o
 .text.__do_global_dtors_aux
                0x082021c0       0x28 c:/siliconlabs/simplicitystudio/v5/developer/toolchains/gnu_arm/12.2.rel1_2023.7/bin/../lib/gcc/arm-none-eabi/12.2.1/thumb/v7e-m+fp/softfp/crtbegin.o
 .text.frame_dummy
                0x082021e8       0x24 c:/siliconlabs/simplicitystudio/v5/developer/toolchains/gnu_arm/12.2.rel1_2023.7/bin/../lib/gcc/arm-none-eabi/12.2.1/thumb/v7e-m+fp/softfp/crtbegin.o
 .text.wlan_app_scan_callback_handler
                0x0820220c       0xec ./app.o
 .text.sleep    0x082022f8        0xc ./app.o
                0x082022f8                sleep
 .text.get_rss_scan
                0x08202304      0x1f0 ./app.o
                0x08202304                get_rss_scan
 .text.mqtt_deinit
                0x082024f4       0x48 ./app.o
                0x082024f4                mqtt_deinit
 .text.mqtt_client_cleanup
                0x0820253c       0x2c ./app.o
                0x0820253c                mqtt_client_cleanup
 .text.mqtt_client_event_handler
                0x08202568       0x7c ./app.o
                0x08202568                mqtt_client_event_handler
 .text.send_mqtt
                0x082025e4      0x170 ./app.o
                0x082025e4                send_mqtt
 .text.mqtt_process
                0x08202754       0x3c ./app.o
                0x08202754                mqtt_process
 .text.application_start
                0x08202790       0x38 ./app.o
 .text.app_init
                0x082027c8       0x14 ./app.o
                0x082027c8                app_init
 .text.startup.main
                0x082027dc       0x12 ./main.o
                0x082027dc                main
 .text.sl_platform_init
                0x082027ee       0x22 ./autogen/sl_event_handler.o
                0x082027ee                sl_platform_init
 .text.sl_kernel_start
                0x08202810        0x4 ./autogen/sl_event_handler.o
                0x08202810                sl_kernel_start
 .text.sl_driver_init
                0x08202814        0x2 ./autogen/sl_event_handler.o
                0x08202814                sl_driver_init
 .text.sl_service_init
                0x08202816        0x2 ./autogen/sl_event_handler.o
                0x08202816                sl_service_init
 .text.sl_stack_init
                0x08202818        0x2 ./autogen/sl_event_handler.o
                0x08202818                sl_stack_init
 .text.sl_internal_app_init
                0x0820281a        0x2 ./autogen/sl_event_handler.o
                0x0820281a                sl_internal_app_init
 .text.CORE_EnterCritical
                0x0820281c        0x8 ./simplicity_sdk_2024.12.1/platform/common/src/sl_core_cortexm.o
                0x0820281c                CORE_EnterCritical
 .text.CORE_ExitCritical
                0x08202824        0xa ./simplicity_sdk_2024.12.1/platform/common/src/sl_core_cortexm.o
                0x08202824                CORE_ExitCritical
 .text.CORE_EnterAtomic
                0x0820282e        0xc ./simplicity_sdk_2024.12.1/platform/common/src/sl_core_cortexm.o
                0x0820282e                CORE_EnterAtomic
 .text.CORE_ExitAtomic
                0x0820283a        0xa ./simplicity_sdk_2024.12.1/platform/common/src/sl_core_cortexm.o
                0x0820283a                CORE_ExitAtomic
 .text.sl_slist_init
                0x08202844        0x6 ./simplicity_sdk_2024.12.1/platform/common/src/sl_slist.o
                0x08202844                sl_slist_init
 .text.sl_slist_push
                0x0820284a        0x8 ./simplicity_sdk_2024.12.1/platform/common/src/sl_slist.o
                0x0820284a                sl_slist_push
 .text.sl_slist_pop
                0x08202852       0x10 ./simplicity_sdk_2024.12.1/platform/common/src/sl_slist.o
                0x08202852                sl_slist_pop
 .text.sl_slist_remove
                0x08202862       0x18 ./simplicity_sdk_2024.12.1/platform/common/src/sl_slist.o
                0x08202862                sl_slist_remove
 .text.sl_strnlen
                0x0820287a       0x16 ./simplicity_sdk_2024.12.1/platform/common/src/sl_string.o
                0x0820287a                sl_strnlen
 .text.sli_osTaskRegisterNew
                0x08202890       0x1c ./simplicity_sdk_2024.12.1/platform/common/src/sli_cmsis_os2_ext_task_register.o
                0x08202890                sli_osTaskRegisterNew
 .text.sli_osTaskRegisterSetValue
                0x082028ac        0xa ./simplicity_sdk_2024.12.1/platform/common/src/sli_cmsis_os2_ext_task_register.o
                0x082028ac                sli_osTaskRegisterSetValue
 .text.sli_mem_pool_create
                0x082028b6       0x3c ./simplicity_sdk_2024.12.1/platform/service/mem_pool/src/sl_mem_pool.o
                0x082028b6                sli_mem_pool_create
 .text.sli_mem_pool_alloc
                0x082028f2       0x24 ./simplicity_sdk_2024.12.1/platform/service/mem_pool/src/sl_mem_pool.o
                0x082028f2                sli_mem_pool_alloc
 .text.sli_mem_pool_free
                0x08202916       0x18 ./simplicity_sdk_2024.12.1/platform/service/mem_pool/src/sl_mem_pool.o
                0x08202916                sli_mem_pool_free
 .text.sl_system_init
                0x0820292e       0x1a ./simplicity_sdk_2024.12.1/platform/service/system/src/sl_system_init.o
                0x0820292e                sl_system_init
 .text.sl_system_kernel_start
                0x08202948        0x4 ./simplicity_sdk_2024.12.1/platform/service/system/src/sl_system_kernel.o
                0x08202948                sl_system_kernel_start
 .text.SysTick_Handler
                0x0820294c       0x1a ./simplicity_sdk_2024.12.1/util/third_party/freertos/cmsis/Source/cmsis_os2.o
                0x0820294c                SysTick_Handler
 *fill*         0x08202966        0x2 
 .text.osKernelInitialize
                0x08202968       0x34 ./simplicity_sdk_2024.12.1/util/third_party/freertos/cmsis/Source/cmsis_os2.o
                0x08202968                osKernelInitialize
 .text.osKernelGetState
                0x0820299c       0x20 ./simplicity_sdk_2024.12.1/util/third_party/freertos/cmsis/Source/cmsis_os2.o
                0x0820299c                osKernelGetState
 .text.osKernelStart
                0x082029bc       0x48 ./simplicity_sdk_2024.12.1/util/third_party/freertos/cmsis/Source/cmsis_os2.o
                0x082029bc                osKernelStart
 .text.osKernelGetTickCount
                0x08202a04       0x28 ./simplicity_sdk_2024.12.1/util/third_party/freertos/cmsis/Source/cmsis_os2.o
                0x08202a04                osKernelGetTickCount
 .text.osThreadNew
                0x08202a2c       0xa8 ./simplicity_sdk_2024.12.1/util/third_party/freertos/cmsis/Source/cmsis_os2.o
                0x08202a2c                osThreadNew
 .text.osThreadGetId
                0x08202ad4        0x4 ./simplicity_sdk_2024.12.1/util/third_party/freertos/cmsis/Source/cmsis_os2.o
                0x08202ad4                osThreadGetId
 .text.osThreadYield
                0x08202ad8       0x3c ./simplicity_sdk_2024.12.1/util/third_party/freertos/cmsis/Source/cmsis_os2.o
                0x08202ad8                osThreadYield
 .text.osThreadTerminate
                0x08202b14       0x4c ./simplicity_sdk_2024.12.1/util/third_party/freertos/cmsis/Source/cmsis_os2.o
                0x08202b14                osThreadTerminate
 .text.osDelay  0x08202b60       0x30 ./simplicity_sdk_2024.12.1/util/third_party/freertos/cmsis/Source/cmsis_os2.o
                0x08202b60                osDelay
 .text.osEventFlagsNew
                0x08202b90       0x3c ./simplicity_sdk_2024.12.1/util/third_party/freertos/cmsis/Source/cmsis_os2.o
                0x08202b90                osEventFlagsNew
 .text.osEventFlagsSet
                0x08202bcc       0x70 ./simplicity_sdk_2024.12.1/util/third_party/freertos/cmsis/Source/cmsis_os2.o
                0x08202bcc                osEventFlagsSet
 .text.osEventFlagsClear
                0x08202c3c       0x5c ./simplicity_sdk_2024.12.1/util/third_party/freertos/cmsis/Source/cmsis_os2.o
                0x08202c3c                osEventFlagsClear
 .text.osEventFlagsWait
                0x08202c98       0x70 ./simplicity_sdk_2024.12.1/util/third_party/freertos/cmsis/Source/cmsis_os2.o
                0x08202c98                osEventFlagsWait
 .text.osEventFlagsDelete
                0x08202d08       0x38 ./simplicity_sdk_2024.12.1/util/third_party/freertos/cmsis/Source/cmsis_os2.o
                0x08202d08                osEventFlagsDelete
 .text.osMutexNew
                0x08202d40       0x94 ./simplicity_sdk_2024.12.1/util/third_party/freertos/cmsis/Source/cmsis_os2.o
                0x08202d40                osMutexNew
 .text.osMutexAcquire
                0x08202dd4       0x60 ./simplicity_sdk_2024.12.1/util/third_party/freertos/cmsis/Source/cmsis_os2.o
                0x08202dd4                osMutexAcquire
 .text.osMutexRelease
                0x08202e34       0x58 ./simplicity_sdk_2024.12.1/util/third_party/freertos/cmsis/Source/cmsis_os2.o
                0x08202e34                osMutexRelease
 .text.osMutexDelete
                0x08202e8c       0x48 ./simplicity_sdk_2024.12.1/util/third_party/freertos/cmsis/Source/cmsis_os2.o
                0x08202e8c                osMutexDelete
 .text.vApplicationGetIdleTaskMemory
                0x08202ed4       0x18 ./simplicity_sdk_2024.12.1/util/third_party/freertos/cmsis/Source/cmsis_os2.o
                0x08202ed4                vApplicationGetIdleTaskMemory
 .text.vApplicationGetTimerTaskMemory
                0x08202eec       0x18 ./simplicity_sdk_2024.12.1/util/third_party/freertos/cmsis/Source/cmsis_os2.o
                0x08202eec                vApplicationGetTimerTaskMemory
 .text.xEventGroupCreateStatic
                0x08202f04       0x48 ./simplicity_sdk_2024.12.1/util/third_party/freertos/kernel/event_groups.o
                0x08202f04                xEventGroupCreateStatic
 .text.xEventGroupCreate
                0x08202f4c       0x1c ./simplicity_sdk_2024.12.1/util/third_party/freertos/kernel/event_groups.o
                0x08202f4c                xEventGroupCreate
 .text.xEventGroupWaitBits
                0x08202f68      0x130 ./simplicity_sdk_2024.12.1/util/third_party/freertos/kernel/event_groups.o
                0x08202f68                xEventGroupWaitBits
 .text.xEventGroupClearBits
                0x08203098       0x46 ./simplicity_sdk_2024.12.1/util/third_party/freertos/kernel/event_groups.o
                0x08203098                xEventGroupClearBits
 .text.vEventGroupClearBitsCallback
                0x082030de        0x4 ./simplicity_sdk_2024.12.1/util/third_party/freertos/kernel/event_groups.o
                0x082030de                vEventGroupClearBitsCallback
 *fill*         0x082030e2        0x2 
 .text.xEventGroupClearBitsFromISR
                0x082030e4       0x10 ./simplicity_sdk_2024.12.1/util/third_party/freertos/kernel/event_groups.o
                0x082030e4                xEventGroupClearBitsFromISR
 .text.xEventGroupGetBitsFromISR
                0x082030f4       0x1c ./simplicity_sdk_2024.12.1/util/third_party/freertos/kernel/event_groups.o
                0x082030f4                xEventGroupGetBitsFromISR
 .text.xEventGroupSetBits
                0x08203110       0x88 ./simplicity_sdk_2024.12.1/util/third_party/freertos/kernel/event_groups.o
                0x08203110                xEventGroupSetBits
 .text.vEventGroupSetBitsCallback
                0x08203198        0x4 ./simplicity_sdk_2024.12.1/util/third_party/freertos/kernel/event_groups.o
                0x08203198                vEventGroupSetBitsCallback
 .text.vEventGroupDelete
                0x0820319c       0x44 ./simplicity_sdk_2024.12.1/util/third_party/freertos/kernel/event_groups.o
                0x0820319c                vEventGroupDelete
 .text.xEventGroupSetBitsFromISR
                0x082031e0       0x10 ./simplicity_sdk_2024.12.1/util/third_party/freertos/kernel/event_groups.o
                0x082031e0                xEventGroupSetBitsFromISR
 .text.vListInitialise
                0x082031f0       0x16 ./simplicity_sdk_2024.12.1/util/third_party/freertos/kernel/list.o
                0x082031f0                vListInitialise
 .text.vListInitialiseItem
                0x08203206        0x6 ./simplicity_sdk_2024.12.1/util/third_party/freertos/kernel/list.o
                0x08203206                vListInitialiseItem
 .text.vListInsertEnd
                0x0820320c       0x16 ./simplicity_sdk_2024.12.1/util/third_party/freertos/kernel/list.o
                0x0820320c                vListInsertEnd
 .text.vListInsert
                0x08203222       0x2e ./simplicity_sdk_2024.12.1/util/third_party/freertos/kernel/list.o
                0x08203222                vListInsert
 .text.uxListRemove
                0x08203250       0x20 ./simplicity_sdk_2024.12.1/util/third_party/freertos/kernel/list.o
                0x08203250                uxListRemove
 .text.prvIsQueueEmpty
                0x08203270       0x16 ./simplicity_sdk_2024.12.1/util/third_party/freertos/kernel/queue.o
 .text.prvCopyDataToQueue
                0x08203286       0x66 ./simplicity_sdk_2024.12.1/util/third_party/freertos/kernel/queue.o
 .text.prvCopyDataFromQueue
                0x082032ec       0x2c ./simplicity_sdk_2024.12.1/util/third_party/freertos/kernel/queue.o
 .text.prvUnlockQueue
                0x08203318       0x70 ./simplicity_sdk_2024.12.1/util/third_party/freertos/kernel/queue.o
 .text.xQueueGenericReset
                0x08203388       0x7e ./simplicity_sdk_2024.12.1/util/third_party/freertos/kernel/queue.o
                0x08203388                xQueueGenericReset
 .text.xQueueGenericCreate.part.0
                0x08203406       0x7a ./simplicity_sdk_2024.12.1/util/third_party/freertos/kernel/queue.o
 .text.xQueueGenericCreateStatic
                0x08203480       0xa6 ./simplicity_sdk_2024.12.1/util/third_party/freertos/kernel/queue.o
                0x08203480                xQueueGenericCreateStatic
 .text.xQueueGenericSend
                0x08203526      0x178 ./simplicity_sdk_2024.12.1/util/third_party/freertos/kernel/queue.o
                0x08203526                xQueueGenericSend
 .text.xQueueCreateMutexStatic
                0x0820369e       0x2a ./simplicity_sdk_2024.12.1/util/third_party/freertos/kernel/queue.o
                0x0820369e                xQueueCreateMutexStatic
 .text.xQueueGiveMutexRecursive
                0x082036c8       0x3e ./simplicity_sdk_2024.12.1/util/third_party/freertos/kernel/queue.o
                0x082036c8                xQueueGiveMutexRecursive
 .text.xQueueCreateMutex
                0x08203706       0x24 ./simplicity_sdk_2024.12.1/util/third_party/freertos/kernel/queue.o
                0x08203706                xQueueCreateMutex
 .text.xQueueGenericSendFromISR
                0x0820372a       0xd0 ./simplicity_sdk_2024.12.1/util/third_party/freertos/kernel/queue.o
                0x0820372a                xQueueGenericSendFromISR
 .text.xQueueReceive
                0x082037fa      0x13e ./simplicity_sdk_2024.12.1/util/third_party/freertos/kernel/queue.o
                0x082037fa                xQueueReceive
 .text.xQueueSemaphoreTake
                0x08203938      0x17a ./simplicity_sdk_2024.12.1/util/third_party/freertos/kernel/queue.o
                0x08203938                xQueueSemaphoreTake
 .text.xQueueTakeMutexRecursive
                0x08203ab2       0x42 ./simplicity_sdk_2024.12.1/util/third_party/freertos/kernel/queue.o
                0x08203ab2                xQueueTakeMutexRecursive
 .text.vQueueAddToRegistry
                0x08203af4       0x24 ./simplicity_sdk_2024.12.1/util/third_party/freertos/kernel/queue.o
                0x08203af4                vQueueAddToRegistry
 .text.vQueueUnregisterQueue
                0x08203b18       0x30 ./simplicity_sdk_2024.12.1/util/third_party/freertos/kernel/queue.o
                0x08203b18                vQueueUnregisterQueue
 .text.vQueueDelete
                0x08203b48       0x2a ./simplicity_sdk_2024.12.1/util/third_party/freertos/kernel/queue.o
                0x08203b48                vQueueDelete
 .text.vQueueWaitForMessageRestricted
                0x08203b72       0x46 ./simplicity_sdk_2024.12.1/util/third_party/freertos/kernel/queue.o
                0x08203b72                vQueueWaitForMessageRestricted
 .text.prvInsertTimerInActiveList
                0x08203bb8       0x3c ./simplicity_sdk_2024.12.1/util/third_party/freertos/kernel/timers.o
 .text.prvCheckForValidListAndQueue
                0x08203bf4       0x68 ./simplicity_sdk_2024.12.1/util/third_party/freertos/kernel/timers.o
 .text.xTimerCreateTimerTask
                0x08203c5c       0x64 ./simplicity_sdk_2024.12.1/util/third_party/freertos/kernel/timers.o
                0x08203c5c                xTimerCreateTimerTask
 .text.xTimerGenericCommand
                0x08203cc0       0x58 ./simplicity_sdk_2024.12.1/util/third_party/freertos/kernel/timers.o
                0x08203cc0                xTimerGenericCommand
 .text.prvSampleTimeNow
                0x08203d18       0xa4 ./simplicity_sdk_2024.12.1/util/third_party/freertos/kernel/timers.o
 .text.prvTimerTask
                0x08203dbc      0x1cc ./simplicity_sdk_2024.12.1/util/third_party/freertos/kernel/timers.o
 .text.xTimerPendFunctionCallFromISR
                0x08203f88       0x28 ./simplicity_sdk_2024.12.1/util/third_party/freertos/kernel/timers.o
                0x08203f88                xTimerPendFunctionCallFromISR
 .text.prvPortStartFirstTask
                0x08203fb0       0x28 ./simplicity_sdk_2024.12.1/util/third_party/freertos/kernel/portable/GCC/ARM_CM4F/port.o
 .text.vPortEnableVFP
                0x08203fd8       0x14 ./simplicity_sdk_2024.12.1/util/third_party/freertos/kernel/portable/GCC/ARM_CM4F/port.o
 .text.prvTaskExitError
                0x08203fec       0x40 ./simplicity_sdk_2024.12.1/util/third_party/freertos/kernel/portable/GCC/ARM_CM4F/port.o
 .text.pxPortInitialiseStack
                0x0820402c       0x2c ./simplicity_sdk_2024.12.1/util/third_party/freertos/kernel/portable/GCC/ARM_CM4F/port.o
                0x0820402c                pxPortInitialiseStack
 *fill*         0x08204058        0x8 
 .text.SVC_Handler
                0x08204060       0x24 ./simplicity_sdk_2024.12.1/util/third_party/freertos/kernel/portable/GCC/ARM_CM4F/port.o
                0x08204060                SVC_Handler
 .text.vPortEnterCritical
                0x08204084       0x40 ./simplicity_sdk_2024.12.1/util/third_party/freertos/kernel/portable/GCC/ARM_CM4F/port.o
                0x08204084                vPortEnterCritical
 .text.vPortExitCritical
                0x082040c4       0x28 ./simplicity_sdk_2024.12.1/util/third_party/freertos/kernel/portable/GCC/ARM_CM4F/port.o
                0x082040c4                vPortExitCritical
 *fill*         0x082040ec        0x4 
 .text.PendSV_Handler
                0x082040f0       0x64 ./simplicity_sdk_2024.12.1/util/third_party/freertos/kernel/portable/GCC/ARM_CM4F/port.o
                0x082040f0                PendSV_Handler
 .text.xPortSysTickHandler
                0x08204154       0x2c ./simplicity_sdk_2024.12.1/util/third_party/freertos/kernel/portable/GCC/ARM_CM4F/port.o
                0x08204154                xPortSysTickHandler
 .text.vPortSetupTimerInterrupt
                0x08204180       0x24 ./simplicity_sdk_2024.12.1/util/third_party/freertos/kernel/portable/GCC/ARM_CM4F/port.o
                0x08204180                vPortSetupTimerInterrupt
 .text.xPortStartScheduler
                0x082041a4      0x10c ./simplicity_sdk_2024.12.1/util/third_party/freertos/kernel/portable/GCC/ARM_CM4F/port.o
                0x082041a4                xPortStartScheduler
 .text.vPortValidateInterruptPriority
                0x082042b0       0x5c ./simplicity_sdk_2024.12.1/util/third_party/freertos/kernel/portable/GCC/ARM_CM4F/port.o
                0x082042b0                vPortValidateInterruptPriority
 .text.prvInsertBlockIntoFreeList
                0x0820430c       0x50 ./simplicity_sdk_2024.12.1/util/third_party/freertos/kernel/portable/MemMang/heap_4.o
 .text.pvPortMalloc
                0x0820435c      0x134 ./simplicity_sdk_2024.12.1/util/third_party/freertos/kernel/portable/MemMang/heap_4.o
                0x0820435c                pvPortMalloc
 .text.vPortFree
                0x08204490       0x7c ./simplicity_sdk_2024.12.1/util/third_party/freertos/kernel/portable/MemMang/heap_4.o
                0x08204490                vPortFree
 .text.RSI_Board_Init
                0x0820450c       0x5c ./wiseconnect3_sdk_3.4.1/components/board/silabs/src/rsi_board.o
                0x0820450c                RSI_Board_Init
 .text.sl_redirect_log
                0x08204568        0x6 ./wiseconnect3_sdk_3.4.1/components/common/src/sl_utility.o
                0x08204568                sl_redirect_log
 *fill*         0x0820456e        0x2 
 .text.init_ipmu_calib_data
                0x08204570       0x54 ./wiseconnect3_sdk_3.4.1/components/device/silabs/si91x/mcu/core/chip/src/iPMU_prog/iPMU_dotc/ipmu_apis.o
                0x08204570                init_ipmu_calib_data
 .text.program_ipmu_data
                0x082045c4       0x54 ./wiseconnect3_sdk_3.4.1/components/device/silabs/si91x/mcu/core/chip/src/iPMU_prog/iPMU_dotc/ipmu_apis.o
                0x082045c4                program_ipmu_data
 .text.ipmu_init_mcu
                0x08204618       0x94 ./wiseconnect3_sdk_3.4.1/components/device/silabs/si91x/mcu/core/chip/src/iPMU_prog/iPMU_dotc/ipmu_apis.o
                0x08204618                ipmu_init_mcu
 .text.ipmu_init
                0x082046ac       0xa8 ./wiseconnect3_sdk_3.4.1/components/device/silabs/si91x/mcu/core/chip/src/iPMU_prog/iPMU_dotc/ipmu_apis.o
                0x082046ac                ipmu_init
 .text.configure_ipmu_mode
                0x08204754       0x38 ./wiseconnect3_sdk_3.4.1/components/device/silabs/si91x/mcu/core/chip/src/iPMU_prog/iPMU_dotc/ipmu_apis.o
                0x08204754                configure_ipmu_mode
 .text.RSI_PS_RestoreCpuContext
                0x0820478c       0x34 ./wiseconnect3_sdk_3.4.1/components/device/silabs/si91x/mcu/core/chip/src/rsi_deepsleep_soc.o
                0x0820478c                RSI_PS_RestoreCpuContext
 .text.RSI_Set_Cntrls_To_M4
                0x082047c0       0x50 ./wiseconnect3_sdk_3.4.1/components/device/silabs/si91x/mcu/core/chip/src/rsi_deepsleep_soc.o
                0x082047c0                RSI_Set_Cntrls_To_M4
 .text.Default_Handler
                0x08204810        0x2 ./wiseconnect3_sdk_3.4.1/components/device/silabs/si91x/mcu/core/chip/src/startup_si91x.o
                0x08204810                DebugMon_Handler
                0x08204810                IRQ031_Handler
                0x08204810                HardFault_Handler
                0x08204810                IRQ058_Handler
                0x08204810                IRQ095_Handler
                0x08204810                IRQ065_Handler
                0x08204810                IRQ019_Handler
                0x08204810                IRQ056_Handler
                0x08204810                IRQ093_Handler
                0x08204810                NMI_Handler
                0x08204810                IRQ014_Handler
                0x08204810                IRQ051_Handler
                0x08204810                IRQ027_Handler
                0x08204810                IRQ062_Handler
                0x08204810                IRQ097_Handler
                0x08204810                IRQ088_Handler
                0x08204810                IRQ034_Handler
                0x08204810                IRQ071_Handler
                0x08204810                IRQ067_Handler
                0x08204810                IRQ070_Handler
                0x08204810                IRQ077_Handler
                0x08204810                IRQ028_Handler
                0x08204810                IRQ063_Handler
                0x08204810                IRQ076_Handler
                0x08204810                UsageFault_Handler
                0x08204810                IRQ023_Handler
                0x08204810                IRQ009_Handler
                0x08204810                IRQ048_Handler
                0x08204810                IRQ083_Handler
                0x08204810                IRQ089_Handler
                0x08204810                HIF1_IRQHandler
                0x08204810                IRQ037_Handler
                0x08204810                IRQ072_Handler
                0x08204810                IRQ021_Handler
                0x08204810                IRQ008_Handler
                0x08204810                IRQ047_Handler
                0x08204810                IRQ082_Handler
                0x08204810                IRQ022_Handler
                0x08204810                IRQ007_Handler
                0x08204810                IRQ046_Handler
                0x08204810                IRQ081_Handler
                0x08204810                IRQ004_Handler
                0x08204810                IRQ043_Handler
                0x08204810                IRQ002_Handler
                0x08204810                IRQ041_Handler
                0x08204810                IRQ098_Handler
                0x08204810                IRQ000_Handler
                0x08204810                IRQ005_Handler
                0x08204810                IRQ044_Handler
                0x08204810                IRQ049_Handler
                0x08204810                IRQ084_Handler
                0x08204810                IRQ006_Handler
                0x08204810                IRQ045_Handler
                0x08204810                IRQ080_Handler
                0x08204810                IRQ015_Handler
                0x08204810                IRQ052_Handler
                0x08204810                MemManage_Handler
                0x08204810                HIF2_IRQHandler
                0x08204810                IRQ001_Handler
                0x08204810                IRQ040_Handler
                0x08204810                IRQ068_Handler
                0x08204810                IRQ059_Handler
                0x08204810                IRQ096_Handler
                0x08204810                IRQ003_Handler
                0x08204810                IRQ042_Handler
                0x08204810                IRQ024_Handler
                0x08204810                IRQ016_Handler
                0x08204810                IRQ053_Handler
                0x08204810                IRQ090_Handler
                0x08204810                IRQ078_Handler
                0x08204810                IRQ032_Handler
                0x08204810                IRQ020_Handler
                0x08204810                IRQ073_Handler
                0x08204810                IRQ018_Handler
                0x08204810                IRQ055_Handler
                0x08204810                IRQ092_Handler
                0x08204810                IRQ087_Handler
                0x08204810                IRQ026_Handler
                0x08204810                IRQ061_Handler
                0x08204810                IRQ025_Handler
                0x08204810                IRQ060_Handler
                0x08204810                IRQ085_Handler
                0x08204810                IRQ013_Handler
                0x08204810                IRQ050_Handler
                0x08204810                IRQ030_Handler
                0x08204810                IRQ029_Handler
                0x08204810                IRQ064_Handler
                0x08204810                IRQ066_Handler
                0x08204810                IRQ017_Handler
                0x08204810                IRQ054_Handler
                0x08204810                IRQ091_Handler
                0x08204810                BusFault_Handler
                0x08204810                IRQ069_Handler
                0x08204810                IRQ075_Handler
                0x08204810                IRQ086_Handler
                0x08204810                IRQ057_Handler
                0x08204810                IRQ094_Handler
                0x08204810                IRQ079_Handler
 .text.Default_Reset_Handler
                0x08204812        0x2 ./wiseconnect3_sdk_3.4.1/components/device/silabs/si91x/mcu/core/chip/src/startup_si91x.o
                0x08204812                Default_Reset_Handler
                0x08204812                Reset_Handler
 .text.Copy_Table
                0x08204814       0x24 ./wiseconnect3_sdk_3.4.1/components/device/silabs/si91x/mcu/core/chip/src/startup_si91x.o
                0x08204814                Copy_Table
 .text.Zero_Table
                0x08204838       0x24 ./wiseconnect3_sdk_3.4.1/components/device/silabs/si91x/mcu/core/chip/src/startup_si91x.o
                0x08204838                Zero_Table
 .text.RSI_Default_Reset_Handler
                0x0820485c       0x16 ./wiseconnect3_sdk_3.4.1/components/device/silabs/si91x/mcu/core/chip/src/startup_si91x.o
                0x0820485c                RSI_Default_Reset_Handler
 *fill*         0x08204872        0x2 
 .text.SystemCoreClockUpdate
                0x08204874      0x118 ./wiseconnect3_sdk_3.4.1/components/device/silabs/si91x/mcu/core/chip/src/system_si91x.o
                0x08204874                SystemCoreClockUpdate
 .text.fpuInit  0x0820498c       0x44 ./wiseconnect3_sdk_3.4.1/components/device/silabs/si91x/mcu/core/chip/src/system_si91x.o
                0x0820498c                fpuInit
 .text.SystemInit
                0x082049d0       0xe4 ./wiseconnect3_sdk_3.4.1/components/device/silabs/si91x/mcu/core/chip/src/system_si91x.o
                0x082049d0                SystemInit
 .text.ARM_UART_SignalEvent
                0x08204ab4       0x24 ./wiseconnect3_sdk_3.4.1/components/device/silabs/si91x/mcu/core/common/src/rsi_debug.o
                0x08204ab4                ARM_UART_SignalEvent
 .text.Board_Debug_Init
                0x08204ad8       0x5c ./wiseconnect3_sdk_3.4.1/components/device/silabs/si91x/mcu/core/common/src/rsi_debug.o
                0x08204ad8                Board_Debug_Init
 .text.Board_UARTGetChar
                0x08204b34       0x30 ./wiseconnect3_sdk_3.4.1/components/device/silabs/si91x/mcu/core/common/src/rsi_debug.o
                0x08204b34                Board_UARTGetChar
 .text.Board_UARTPutChar
                0x08204b64       0x30 ./wiseconnect3_sdk_3.4.1/components/device/silabs/si91x/mcu/core/common/src/rsi_debug.o
                0x08204b64                Board_UARTPutChar
 .text.read_exclude_space
                0x08204b94       0x20 ./wiseconnect3_sdk_3.4.1/components/device/silabs/si91x/mcu/core/common/src/syscalls.o
 .text._getpid  0x08204bb4        0x4 ./wiseconnect3_sdk_3.4.1/components/device/silabs/si91x/mcu/core/common/src/syscalls.o
                0x08204bb4                _getpid
 .text._kill    0x08204bb8       0x10 ./wiseconnect3_sdk_3.4.1/components/device/silabs/si91x/mcu/core/common/src/syscalls.o
                0x08204bb8                _kill
 .text._exit    0x08204bc8        0xc ./wiseconnect3_sdk_3.4.1/components/device/silabs/si91x/mcu/core/common/src/syscalls.o
                0x08204bc8                _exit
 .text._write   0x08204bd4       0x44 ./wiseconnect3_sdk_3.4.1/components/device/silabs/si91x/mcu/core/common/src/syscalls.o
                0x08204bd4                _write
 .text._close   0x08204c18        0x6 ./wiseconnect3_sdk_3.4.1/components/device/silabs/si91x/mcu/core/common/src/syscalls.o
                0x08204c18                _close
 .text._fstat   0x08204c1e        0xa ./wiseconnect3_sdk_3.4.1/components/device/silabs/si91x/mcu/core/common/src/syscalls.o
                0x08204c1e                _fstat
 .text._isatty  0x08204c28        0x4 ./wiseconnect3_sdk_3.4.1/components/device/silabs/si91x/mcu/core/common/src/syscalls.o
                0x08204c28                _isatty
 .text._lseek   0x08204c2c        0x4 ./wiseconnect3_sdk_3.4.1/components/device/silabs/si91x/mcu/core/common/src/syscalls.o
                0x08204c2c                _lseek
 .text._read    0x08204c30      0x30c ./wiseconnect3_sdk_3.4.1/components/device/silabs/si91x/mcu/core/common/src/syscalls.o
                0x08204c30                _read
 .text.sl_si91x_device_init_nvic
                0x08204f3c       0x18 ./wiseconnect3_sdk_3.4.1/components/device/silabs/si91x/mcu/core/config/src/rsi_nvic_priorities_config.o
                0x08204f3c                sl_si91x_device_init_nvic
 .text.ARM_USARTx_GetVersion
                0x08204f54       0x20 ./wiseconnect3_sdk_3.4.1/components/device/silabs/si91x/mcu/drivers/cmsis_driver/USART.o
                0x08204f54                ARM_USARTx_GetVersion
 .text.ARM_ULP_UART_GetCapabilities
                0x08204f74        0xc ./wiseconnect3_sdk_3.4.1/components/device/silabs/si91x/mcu/drivers/cmsis_driver/USART.o
 .text.ARM_ULP_UART_GetModemStatus
                0x08204f80        0xc ./wiseconnect3_sdk_3.4.1/components/device/silabs/si91x/mcu/drivers/cmsis_driver/USART.o
 .text.ARM_ULP_UART_SetModemControl
                0x08204f8c        0xc ./wiseconnect3_sdk_3.4.1/components/device/silabs/si91x/mcu/drivers/cmsis_driver/USART.o
 .text.ARM_ULP_UART_GetStatus
                0x08204f98        0xc ./wiseconnect3_sdk_3.4.1/components/device/silabs/si91x/mcu/drivers/cmsis_driver/USART.o
 .text.ARM_ULP_UART_Control
                0x08204fa4       0x34 ./wiseconnect3_sdk_3.4.1/components/device/silabs/si91x/mcu/drivers/cmsis_driver/USART.o
 .text.ARM_ULP_UART_GetRxCount
                0x08204fd8        0xc ./wiseconnect3_sdk_3.4.1/components/device/silabs/si91x/mcu/drivers/cmsis_driver/USART.o
 .text.ARM_ULP_UART_GetTxCount
                0x08204fe4        0xc ./wiseconnect3_sdk_3.4.1/components/device/silabs/si91x/mcu/drivers/cmsis_driver/USART.o
 .text.ARM_ULP_UART_Transfer
                0x08204ff0       0x54 ./wiseconnect3_sdk_3.4.1/components/device/silabs/si91x/mcu/drivers/cmsis_driver/USART.o
 .text.ARM_ULP_UART_Receive
                0x08205044       0x48 ./wiseconnect3_sdk_3.4.1/components/device/silabs/si91x/mcu/drivers/cmsis_driver/USART.o
 .text.ARM_ULP_UART_Send
                0x0820508c       0x48 ./wiseconnect3_sdk_3.4.1/components/device/silabs/si91x/mcu/drivers/cmsis_driver/USART.o
 .text.ARM_ULP_UART_PowerControl
                0x082050d4       0x18 ./wiseconnect3_sdk_3.4.1/components/device/silabs/si91x/mcu/drivers/cmsis_driver/USART.o
 .text.ARM_ULP_UART_Uninitialize
                0x082050ec       0x1c ./wiseconnect3_sdk_3.4.1/components/device/silabs/si91x/mcu/drivers/cmsis_driver/USART.o
 .text.ARM_ULP_UART_Initialize
                0x08205108       0x30 ./wiseconnect3_sdk_3.4.1/components/device/silabs/si91x/mcu/drivers/cmsis_driver/USART.o
 .text.IRQ038_Handler
                0x08205138        0xc ./wiseconnect3_sdk_3.4.1/components/device/silabs/si91x/mcu/drivers/cmsis_driver/USART.o
                0x08205138                IRQ038_Handler
 .text.IRQ039_Handler
                0x08205144        0xc ./wiseconnect3_sdk_3.4.1/components/device/silabs/si91x/mcu/drivers/cmsis_driver/USART.o
                0x08205144                IRQ039_Handler
 .text.IRQ012_Handler
                0x08205150        0xc ./wiseconnect3_sdk_3.4.1/components/device/silabs/si91x/mcu/drivers/cmsis_driver/USART.o
                0x08205150                IRQ012_Handler
 .text.RSI_ULPUartHandler
                0x0820515c        0x4 ./wiseconnect3_sdk_3.4.1/components/device/silabs/si91x/mcu/drivers/cmsis_driver/USART.o
                0x0820515c                RSI_ULPUartHandler
 .text.RSI_AUX_RefVoltageConfig
                0x08205160       0xe8 ./wiseconnect3_sdk_3.4.1/components/device/silabs/si91x/mcu/drivers/peripheral_drivers/src/aux_reference_volt_config.o
                0x08205160                RSI_AUX_RefVoltageConfig
 .text.RSI_CLK_GetBaseClock
                0x08205248      0x50c ./wiseconnect3_sdk_3.4.1/components/device/silabs/si91x/mcu/drivers/peripheral_drivers/src/clock_update.o
                0x08205248                RSI_CLK_GetBaseClock
 .text.RSI_EGPIO_HostPadsGpioModeDisable
                0x08205754       0x10 ./wiseconnect3_sdk_3.4.1/components/device/silabs/si91x/mcu/drivers/peripheral_drivers/src/rsi_adc.o
 .text.RSI_EGPIO_PadReceiverDisable
                0x08205764       0x10 ./wiseconnect3_sdk_3.4.1/components/device/silabs/si91x/mcu/drivers/peripheral_drivers/src/rsi_adc.o
 .text.RSI_EGPIO_UlpPadReceiverDisable
                0x08205774       0x10 ./wiseconnect3_sdk_3.4.1/components/device/silabs/si91x/mcu/drivers/peripheral_drivers/src/rsi_adc.o
 .text.ADC_DMA_Transfer_Complete
                0x08205784       0x10 ./wiseconnect3_sdk_3.4.1/components/device/silabs/si91x/mcu/drivers/peripheral_drivers/src/rsi_adc.o
                0x08205784                ADC_DMA_Transfer_Complete
 .text.ADC_DMA_Error_Callback
                0x08205794        0x4 ./wiseconnect3_sdk_3.4.1/components/device/silabs/si91x/mcu/drivers/peripheral_drivers/src/rsi_adc.o
                0x08205794                ADC_DMA_Error_Callback
 .text.RSI_EGPIO_SetPinMux.constprop.0
                0x08205798       0x1c ./wiseconnect3_sdk_3.4.1/components/device/silabs/si91x/mcu/drivers/peripheral_drivers/src/rsi_adc.o
 .text.RSI_ULPSS_AuxClkConfig.constprop.0.isra.0
                0x082057b4       0x18 ./wiseconnect3_sdk_3.4.1/components/device/silabs/si91x/mcu/drivers/peripheral_drivers/src/rsi_adc.o
 .text.ADC_Start
                0x082057cc       0x50 ./wiseconnect3_sdk_3.4.1/components/device/silabs/si91x/mcu/drivers/peripheral_drivers/src/rsi_adc.o
                0x082057cc                ADC_Start
 .text.cal_adc_channel_offset
                0x0820581c       0xa4 ./wiseconnect3_sdk_3.4.1/components/device/silabs/si91x/mcu/drivers/peripheral_drivers/src/rsi_adc.o
                0x0820581c                cal_adc_channel_offset
 .text.check_power_two
                0x082058c0       0x12 ./wiseconnect3_sdk_3.4.1/components/device/silabs/si91x/mcu/drivers/peripheral_drivers/src/rsi_adc.o
                0x082058c0                check_power_two
 .text.roundupto_pwr2
                0x082058d2       0x1e ./wiseconnect3_sdk_3.4.1/components/device/silabs/si91x/mcu/drivers/peripheral_drivers/src/rsi_adc.o
                0x082058d2                roundupto_pwr2
 .text.max_sample_rate_achive
                0x082058f0       0x30 ./wiseconnect3_sdk_3.4.1/components/device/silabs/si91x/mcu/drivers/peripheral_drivers/src/rsi_adc.o
                0x082058f0                max_sample_rate_achive
 .text.get_min_sampling_time
                0x08205920      0x2a0 ./wiseconnect3_sdk_3.4.1/components/device/silabs/si91x/mcu/drivers/peripheral_drivers/src/rsi_adc.o
                0x08205920                get_min_sampling_time
 .text.ADC_PinMux
                0x08205bc0      0x39c ./wiseconnect3_sdk_3.4.1/components/device/silabs/si91x/mcu/drivers/peripheral_drivers/src/rsi_adc.o
                0x08205bc0                ADC_PinMux
 .text.RSI_ADC_PingPongMemoryAdrConfig
                0x08205f5c       0xd4 ./wiseconnect3_sdk_3.4.1/components/device/silabs/si91x/mcu/drivers/peripheral_drivers/src/rsi_adc.o
                0x08205f5c                RSI_ADC_PingPongMemoryAdrConfig
 .text.RSI_ADC_PingPongReInit
                0x08206030       0x60 ./wiseconnect3_sdk_3.4.1/components/device/silabs/si91x/mcu/drivers/peripheral_drivers/src/rsi_adc.o
                0x08206030                RSI_ADC_PingPongReInit
 .text.RSI_ADC_Calibration
                0x08206090       0xb8 ./wiseconnect3_sdk_3.4.1/components/device/silabs/si91x/mcu/drivers/peripheral_drivers/src/rsi_adc.o
                0x08206090                RSI_ADC_Calibration
 .text.RSI_ADC_PingpongEnable
                0x08206148       0x28 ./wiseconnect3_sdk_3.4.1/components/device/silabs/si91x/mcu/drivers/peripheral_drivers/src/rsi_adc.o
                0x08206148                RSI_ADC_PingpongEnable
 .text.RSI_ADC_InternalPerChnlDmaEnable
                0x08206170       0x2a ./wiseconnect3_sdk_3.4.1/components/device/silabs/si91x/mcu/drivers/peripheral_drivers/src/rsi_adc.o
                0x08206170                RSI_ADC_InternalPerChnlDmaEnable
 .text.RSI_ADC_ChannelConfig
                0x0820619a       0x68 ./wiseconnect3_sdk_3.4.1/components/device/silabs/si91x/mcu/drivers/peripheral_drivers/src/rsi_adc.o
                0x0820619a                RSI_ADC_ChannelConfig
 *fill*         0x08206202        0x2 
 .text.RSI_ADC_Stop
                0x08206204       0x2c ./wiseconnect3_sdk_3.4.1/components/device/silabs/si91x/mcu/drivers/peripheral_drivers/src/rsi_adc.o
                0x08206204                RSI_ADC_Stop
 .text.ADC_Stop
                0x08206230       0x10 ./wiseconnect3_sdk_3.4.1/components/device/silabs/si91x/mcu/drivers/peripheral_drivers/src/rsi_adc.o
                0x08206230                ADC_Stop
 .text.RSI_ADC_ChnlEnable
                0x08206240       0x40 ./wiseconnect3_sdk_3.4.1/components/device/silabs/si91x/mcu/drivers/peripheral_drivers/src/rsi_adc.o
                0x08206240                RSI_ADC_ChnlEnable
 .text.RSI_ADC_ClkDivfactor
                0x08206280       0x34 ./wiseconnect3_sdk_3.4.1/components/device/silabs/si91x/mcu/drivers/peripheral_drivers/src/rsi_adc.o
                0x08206280                RSI_ADC_ClkDivfactor
 .text.RSI_ADC_ChnlIntrUnMask
                0x082062b4       0x58 ./wiseconnect3_sdk_3.4.1/components/device/silabs/si91x/mcu/drivers/peripheral_drivers/src/rsi_adc.o
                0x082062b4                RSI_ADC_ChnlIntrUnMask
 .text.RSI_ADC_ChnlIntrClr
                0x0820630c       0x36 ./wiseconnect3_sdk_3.4.1/components/device/silabs/si91x/mcu/drivers/peripheral_drivers/src/rsi_adc.o
                0x0820630c                RSI_ADC_ChnlIntrClr
 *fill*         0x08206342        0x2 
 .text.RSI_ADC_PowerControl
                0x08206344       0x64 ./wiseconnect3_sdk_3.4.1/components/device/silabs/si91x/mcu/drivers/peripheral_drivers/src/rsi_adc.o
                0x08206344                RSI_ADC_PowerControl
 .text.ADC_Init
                0x082063a8      0x1a8 ./wiseconnect3_sdk_3.4.1/components/device/silabs/si91x/mcu/drivers/peripheral_drivers/src/rsi_adc.o
                0x082063a8                ADC_Init
 .text.ADC_Per_Channel_Init
                0x08206550      0x1a0 ./wiseconnect3_sdk_3.4.1/components/device/silabs/si91x/mcu/drivers/peripheral_drivers/src/rsi_adc.o
                0x08206550                ADC_Per_Channel_Init
 .text.ADC_Deinit
                0x082066f0       0x3c ./wiseconnect3_sdk_3.4.1/components/device/silabs/si91x/mcu/drivers/peripheral_drivers/src/rsi_adc.o
                0x082066f0                ADC_Deinit
 .text.RSI_ADC_NoiseAvgMode
                0x0820672c       0x20 ./wiseconnect3_sdk_3.4.1/components/device/silabs/si91x/mcu/drivers/peripheral_drivers/src/rsi_adc.o
                0x0820672c                RSI_ADC_NoiseAvgMode
 .text.ADC_ChannelConfig
                0x0820674c      0x3c8 ./wiseconnect3_sdk_3.4.1/components/device/silabs/si91x/mcu/drivers/peripheral_drivers/src/rsi_adc.o
                0x0820674c                ADC_ChannelConfig
 .text.ADC_Per_ChannelConfig
                0x08206b14      0x438 ./wiseconnect3_sdk_3.4.1/components/device/silabs/si91x/mcu/drivers/peripheral_drivers/src/rsi_adc.o
                0x08206b14                ADC_Per_ChannelConfig
 .text.RSI_ADC_TempSensorEnable
                0x08206f4c       0x10 ./wiseconnect3_sdk_3.4.1/components/device/silabs/si91x/mcu/drivers/peripheral_drivers/src/rsi_adc.o
                0x08206f4c                RSI_ADC_TempSensorEnable
 .text.RSI_ADC_InterruptHandler
                0x08206f5c       0xf4 ./wiseconnect3_sdk_3.4.1/components/device/silabs/si91x/mcu/drivers/peripheral_drivers/src/rsi_adc.o
                0x08206f5c                RSI_ADC_InterruptHandler
 .text.IRQ011_Handler
                0x08207050        0xc ./wiseconnect3_sdk_3.4.1/components/device/silabs/si91x/mcu/drivers/peripheral_drivers/src/rsi_adc.o
                0x08207050                IRQ011_Handler
 .text.RSI_ADC_GainOffsetCal
                0x0820705c       0x6c ./wiseconnect3_sdk_3.4.1/components/device/silabs/si91x/mcu/drivers/peripheral_drivers/src/rsi_adc.o
                0x0820705c                RSI_ADC_GainOffsetCal
 .text.RSI_ADC_ReadDataStatic
                0x082070c8       0x14 ./wiseconnect3_sdk_3.4.1/components/device/silabs/si91x/mcu/drivers/peripheral_drivers/src/rsi_adc.o
                0x082070c8                RSI_ADC_ReadDataStatic
 .text.RSI_DAC_InterruptMask
                0x082070dc       0x1e ./wiseconnect3_sdk_3.4.1/components/device/silabs/si91x/mcu/drivers/peripheral_drivers/src/rsi_dac.o
                0x082070dc                RSI_DAC_InterruptMask
 .text.RSI_OPAMP1_Config
                0x082070fa       0xc6 ./wiseconnect3_sdk_3.4.1/components/device/silabs/si91x/mcu/drivers/peripheral_drivers/src/rsi_opamp.o
                0x082070fa                RSI_OPAMP1_Config
 .text.RSI_EGPIO_SetPinMux
                0x082071c0       0x14 ./wiseconnect3_sdk_3.4.1/components/device/silabs/si91x/mcu/drivers/peripheral_drivers/src/rsi_usart.o
 .text.RSI_EGPIO_HostPadsGpioModeEnable
                0x082071d4       0x10 ./wiseconnect3_sdk_3.4.1/components/device/silabs/si91x/mcu/drivers/peripheral_drivers/src/rsi_usart.o
 .text.RSI_EGPIO_PadSelectionEnable
                0x082071e4       0x10 ./wiseconnect3_sdk_3.4.1/components/device/silabs/si91x/mcu/drivers/peripheral_drivers/src/rsi_usart.o
 .text.RSI_EGPIO_PadReceiverEnable
                0x082071f4       0x10 ./wiseconnect3_sdk_3.4.1/components/device/silabs/si91x/mcu/drivers/peripheral_drivers/src/rsi_usart.o
 .text.RSI_EGPIO_UlpPadReceiverEnable
                0x08207204       0x10 ./wiseconnect3_sdk_3.4.1/components/device/silabs/si91x/mcu/drivers/peripheral_drivers/src/rsi_usart.o
 .text.UDMAx_ChannelDisable.isra.0
                0x08207214        0xc ./wiseconnect3_sdk_3.4.1/components/device/silabs/si91x/mcu/drivers/peripheral_drivers/src/rsi_usart.o
 .text.UartIrqHandler
                0x08207220      0x200 ./wiseconnect3_sdk_3.4.1/components/device/silabs/si91x/mcu/drivers/peripheral_drivers/src/rsi_usart.o
                0x08207220                UartIrqHandler
 .text.USART_SetBaudrate
                0x08207420       0x50 ./wiseconnect3_sdk_3.4.1/components/device/silabs/si91x/mcu/drivers/peripheral_drivers/src/rsi_usart.o
                0x08207420                USART_SetBaudrate
 .text.USART_Initialize
                0x08207470      0x120 ./wiseconnect3_sdk_3.4.1/components/device/silabs/si91x/mcu/drivers/peripheral_drivers/src/rsi_usart.o
                0x08207470                USART_Initialize
 .text.USART_Uninitialize
                0x08207590       0xa0 ./wiseconnect3_sdk_3.4.1/components/device/silabs/si91x/mcu/drivers/peripheral_drivers/src/rsi_usart.o
                0x08207590                USART_Uninitialize
 .text.USART_PowerControl
                0x08207630      0x150 ./wiseconnect3_sdk_3.4.1/components/device/silabs/si91x/mcu/drivers/peripheral_drivers/src/rsi_usart.o
                0x08207630                USART_PowerControl
 .text.USART_Send_Data
                0x08207780      0x15c ./wiseconnect3_sdk_3.4.1/components/device/silabs/si91x/mcu/drivers/peripheral_drivers/src/rsi_usart.o
                0x08207780                USART_Send_Data
 .text.USART_Receive_Data
                0x082078dc      0x13c ./wiseconnect3_sdk_3.4.1/components/device/silabs/si91x/mcu/drivers/peripheral_drivers/src/rsi_usart.o
                0x082078dc                USART_Receive_Data
 .text.USART_Transfer
                0x08207a18       0x72 ./wiseconnect3_sdk_3.4.1/components/device/silabs/si91x/mcu/drivers/peripheral_drivers/src/rsi_usart.o
                0x08207a18                USART_Transfer
 .text.USART_GetTxCount
                0x08207a8a        0x6 ./wiseconnect3_sdk_3.4.1/components/device/silabs/si91x/mcu/drivers/peripheral_drivers/src/rsi_usart.o
                0x08207a8a                USART_GetTxCount
 .text.USART_GetRxCount
                0x08207a90        0x6 ./wiseconnect3_sdk_3.4.1/components/device/silabs/si91x/mcu/drivers/peripheral_drivers/src/rsi_usart.o
                0x08207a90                USART_GetRxCount
 *fill*         0x08207a96        0x2 
 .text.USART_Control
                0x08207a98      0x8e0 ./wiseconnect3_sdk_3.4.1/components/device/silabs/si91x/mcu/drivers/peripheral_drivers/src/rsi_usart.o
                0x08207a98                USART_Control
 .text.USART_GetStatus
                0x08208378       0x42 ./wiseconnect3_sdk_3.4.1/components/device/silabs/si91x/mcu/drivers/peripheral_drivers/src/rsi_usart.o
                0x08208378                USART_GetStatus
 *fill*         0x082083ba        0x2 
 .text.USART_SetModemControl
                0x082083bc       0x84 ./wiseconnect3_sdk_3.4.1/components/device/silabs/si91x/mcu/drivers/peripheral_drivers/src/rsi_usart.o
                0x082083bc                USART_SetModemControl
 .text.USART_GetModemStatus
                0x08208440       0x5c ./wiseconnect3_sdk_3.4.1/components/device/silabs/si91x/mcu/drivers/peripheral_drivers/src/rsi_usart.o
                0x08208440                USART_GetModemStatus
 .text.convert_rsi_to_sl_error_code
                0x0820849c       0x58 ./wiseconnect3_sdk_3.4.1/components/device/silabs/si91x/mcu/drivers/service/clock_manager/src/sl_si91x_clock_manager.o
 .text.RSI_CLK_IntfPLLTurnOn.isra.0
                0x082084f4        0xc ./wiseconnect3_sdk_3.4.1/components/device/silabs/si91x/mcu/drivers/service/clock_manager/src/sl_si91x_clock_manager.o
 .text.RSI_CLK_I2sPllTurnOn.isra.0
                0x08208500        0xc ./wiseconnect3_sdk_3.4.1/components/device/silabs/si91x/mcu/drivers/service/clock_manager/src/sl_si91x_clock_manager.o
 .text.RSI_CLK_SocPllTurnOn.isra.0
                0x0820850c        0xc ./wiseconnect3_sdk_3.4.1/components/device/silabs/si91x/mcu/drivers/service/clock_manager/src/sl_si91x_clock_manager.o
 .text.sl_si91x_clock_manager_set_pll_freq
                0x08208518      0x140 ./wiseconnect3_sdk_3.4.1/components/device/silabs/si91x/mcu/drivers/service/clock_manager/src/sl_si91x_clock_manager.o
                0x08208518                sl_si91x_clock_manager_set_pll_freq
 .text.sl_si91x_clock_manager_m4_set_core_clk
                0x08208658       0x90 ./wiseconnect3_sdk_3.4.1/components/device/silabs/si91x/mcu/drivers/service/clock_manager/src/sl_si91x_clock_manager.o
                0x08208658                sl_si91x_clock_manager_m4_set_core_clk
 .text.sl_si91x_clock_manager_init
                0x082086e8       0x2c ./wiseconnect3_sdk_3.4.1/components/device/silabs/si91x/mcu/drivers/service/clock_manager/src/sl_si91x_clock_manager.o
                0x082086e8                sl_si91x_clock_manager_init
 .text.RSI_BOD_IntrClr
                0x08208714       0x1c ./wiseconnect3_sdk_3.4.1/components/device/silabs/si91x/mcu/drivers/systemlevel/src/rsi_bod.o
                0x08208714                RSI_BOD_IntrClr
 .text.RSI_BOD_SoftTriggerGetBatteryStatus
                0x08208730       0xc8 ./wiseconnect3_sdk_3.4.1/components/device/silabs/si91x/mcu/drivers/systemlevel/src/rsi_bod.o
                0x08208730                RSI_BOD_SoftTriggerGetBatteryStatus
 .text.RSI_IPMU_UpdateIpmuCalibData_efuse
                0x082087f8      0x300 ./wiseconnect3_sdk_3.4.1/components/device/silabs/si91x/mcu/drivers/systemlevel/src/rsi_ipmu.o
                0x082087f8                RSI_IPMU_UpdateIpmuCalibData_efuse
 .text.RSI_Ipmu_Init
                0x08208af8        0x4 ./wiseconnect3_sdk_3.4.1/components/device/silabs/si91x/mcu/drivers/systemlevel/src/rsi_ipmu.o
                0x08208af8                RSI_Ipmu_Init
 .text.RSI_Configure_Ipmu_Mode
                0x08208afc       0x74 ./wiseconnect3_sdk_3.4.1/components/device/silabs/si91x/mcu/drivers/systemlevel/src/rsi_ipmu.o
                0x08208afc                RSI_Configure_Ipmu_Mode
 .text.RSI_IPMU_PowerGateSet
                0x08208b70       0x34 ./wiseconnect3_sdk_3.4.1/components/device/silabs/si91x/mcu/drivers/systemlevel/src/rsi_ipmu.o
                0x08208b70                RSI_IPMU_PowerGateSet
 .text.RSI_IPMU_PowerGateClr
                0x08208ba4       0x4c ./wiseconnect3_sdk_3.4.1/components/device/silabs/si91x/mcu/drivers/systemlevel/src/rsi_ipmu.o
                0x08208ba4                RSI_IPMU_PowerGateClr
 .text.RSI_IPMU_ClockMuxSel
                0x08208bf0       0x40 ./wiseconnect3_sdk_3.4.1/components/device/silabs/si91x/mcu/drivers/systemlevel/src/rsi_ipmu.o
                0x08208bf0                RSI_IPMU_ClockMuxSel
 .text.RSI_IPMU_ProgramConfigData
                0x08208c30       0xea ./wiseconnect3_sdk_3.4.1/components/device/silabs/si91x/mcu/drivers/systemlevel/src/rsi_ipmu.o
                0x08208c30                RSI_IPMU_ProgramConfigData
 .text.RSI_APB_ProgramConfigData
                0x08208d1a       0xc8 ./wiseconnect3_sdk_3.4.1/components/device/silabs/si91x/mcu/drivers/systemlevel/src/rsi_ipmu.o
                0x08208d1a                RSI_APB_ProgramConfigData
 *fill*         0x08208de2        0x2 
 .text.RSI_IPMU_Retn_Voltage_To_Default
                0x08208de4       0x10 ./wiseconnect3_sdk_3.4.1/components/device/silabs/si91x/mcu/drivers/systemlevel/src/rsi_ipmu.o
                0x08208de4                RSI_IPMU_Retn_Voltage_To_Default
 .text.RSI_IPMU_Set_Higher_Pwm_Ro_Frequency_Mode_to_PMU
                0x08208df4       0x14 ./wiseconnect3_sdk_3.4.1/components/device/silabs/si91x/mcu/drivers/systemlevel/src/rsi_ipmu.o
                0x08208df4                RSI_IPMU_Set_Higher_Pwm_Ro_Frequency_Mode_to_PMU
 .text.RSI_IPMU_M32rc_OscTrimEfuse
                0x08208e08       0x28 ./wiseconnect3_sdk_3.4.1/components/device/silabs/si91x/mcu/drivers/systemlevel/src/rsi_ipmu.o
                0x08208e08                RSI_IPMU_M32rc_OscTrimEfuse
 .text.RSI_IPMU_DBLR32M_TrimEfuse
                0x08208e30       0x18 ./wiseconnect3_sdk_3.4.1/components/device/silabs/si91x/mcu/drivers/systemlevel/src/rsi_ipmu.o
                0x08208e30                RSI_IPMU_DBLR32M_TrimEfuse
 .text.RSI_IPMU_M20roOsc_TrimEfuse
                0x08208e48       0x28 ./wiseconnect3_sdk_3.4.1/components/device/silabs/si91x/mcu/drivers/systemlevel/src/rsi_ipmu.o
                0x08208e48                RSI_IPMU_M20roOsc_TrimEfuse
 .text.RSI_IPMU_RO32khz_TrimEfuse
                0x08208e70       0x18 ./wiseconnect3_sdk_3.4.1/components/device/silabs/si91x/mcu/drivers/systemlevel/src/rsi_ipmu.o
                0x08208e70                RSI_IPMU_RO32khz_TrimEfuse
 .text.RSI_IPMU_RC32khz_TrimEfuse
                0x08208e88       0x18 ./wiseconnect3_sdk_3.4.1/components/device/silabs/si91x/mcu/drivers/systemlevel/src/rsi_ipmu.o
                0x08208e88                RSI_IPMU_RC32khz_TrimEfuse
 .text.RSI_IPMU_Vbg_Tsbjt_Efuse
                0x08208ea0        0xc ./wiseconnect3_sdk_3.4.1/components/device/silabs/si91x/mcu/drivers/systemlevel/src/rsi_ipmu.o
                0x08208ea0                RSI_IPMU_Vbg_Tsbjt_Efuse
 .text.RSI_IPMU_Auxadcoff_DiffEfuse
                0x08208eac        0xc ./wiseconnect3_sdk_3.4.1/components/device/silabs/si91x/mcu/drivers/systemlevel/src/rsi_ipmu.o
                0x08208eac                RSI_IPMU_Auxadcoff_DiffEfuse
 .text.RSI_IPMU_Auxadcgain_DiffEfuse
                0x08208eb8        0xc ./wiseconnect3_sdk_3.4.1/components/device/silabs/si91x/mcu/drivers/systemlevel/src/rsi_ipmu.o
                0x08208eb8                RSI_IPMU_Auxadcgain_DiffEfuse
 .text.RSI_IPMU_Auxadcoff_SeEfuse
                0x08208ec4        0xc ./wiseconnect3_sdk_3.4.1/components/device/silabs/si91x/mcu/drivers/systemlevel/src/rsi_ipmu.o
                0x08208ec4                RSI_IPMU_Auxadcoff_SeEfuse
 .text.RSI_IPMU_Auxadcgain_SeEfuse
                0x08208ed0        0xc ./wiseconnect3_sdk_3.4.1/components/device/silabs/si91x/mcu/drivers/systemlevel/src/rsi_ipmu.o
                0x08208ed0                RSI_IPMU_Auxadcgain_SeEfuse
 .text.RSI_IPMU_Delvbe_Tsbjt_Efuse
                0x08208edc        0xc ./wiseconnect3_sdk_3.4.1/components/device/silabs/si91x/mcu/drivers/systemlevel/src/rsi_ipmu.o
                0x08208edc                RSI_IPMU_Delvbe_Tsbjt_Efuse
 .text._usdelay
                0x08208ee8        0x6 ./wiseconnect3_sdk_3.4.1/components/device/silabs/si91x/mcu/drivers/systemlevel/src/rsi_pll.o
 *fill*         0x08208eee        0x2 
 .text.clk_m4_soc_clk_config
                0x08208ef0       0xc8 ./wiseconnect3_sdk_3.4.1/components/device/silabs/si91x/mcu/drivers/systemlevel/src/rsi_pll.o
                0x08208ef0                clk_m4_soc_clk_config
 .text.ulpss_enable_ref_clks
                0x08208fb8       0xf8 ./wiseconnect3_sdk_3.4.1/components/device/silabs/si91x/mcu/drivers/systemlevel/src/rsi_pll.o
                0x08208fb8                ulpss_enable_ref_clks
 .text.clk_m4ss_ref_clk_config
                0x082090b0       0xcc ./wiseconnect3_sdk_3.4.1/components/device/silabs/si91x/mcu/drivers/systemlevel/src/rsi_pll.o
                0x082090b0                clk_m4ss_ref_clk_config
 .text.ulpss_ref_clk_config
                0x0820917c       0xbc ./wiseconnect3_sdk_3.4.1/components/device/silabs/si91x/mcu/drivers/systemlevel/src/rsi_ulpss_clk.o
                0x0820917c                ulpss_ref_clk_config
 .text.convert_rsi_to_sl_error_code
                0x08209238       0x58 ./wiseconnect3_sdk_3.4.1/components/device/silabs/si91x/mcu/drivers/unified_api/src/sl_si91x_adc.o
 .text.validate_adc_parameters
                0x08209290       0x18 ./wiseconnect3_sdk_3.4.1/components/device/silabs/si91x/mcu/drivers/unified_api/src/sl_si91x_adc.o
 .text.validate_adc_channel_parameters
                0x082092a8       0x70 ./wiseconnect3_sdk_3.4.1/components/device/silabs/si91x/mcu/drivers/unified_api/src/sl_si91x_adc.o
 .text.callback_event_handler
                0x08209318       0x14 ./wiseconnect3_sdk_3.4.1/components/device/silabs/si91x/mcu/drivers/unified_api/src/sl_si91x_adc.o
 .text.sl_si91x_adc_init
                0x0820932c      0x128 ./wiseconnect3_sdk_3.4.1/components/device/silabs/si91x/mcu/drivers/unified_api/src/sl_si91x_adc.o
                0x0820932c                sl_si91x_adc_init
 .text.sl_si91x_adc_set_channel_configuration
                0x08209454       0x70 ./wiseconnect3_sdk_3.4.1/components/device/silabs/si91x/mcu/drivers/unified_api/src/sl_si91x_adc.o
                0x08209454                sl_si91x_adc_set_channel_configuration
 .text.sl_si91x_adc_register_event_callback
                0x082094c4       0x1c ./wiseconnect3_sdk_3.4.1/components/device/silabs/si91x/mcu/drivers/unified_api/src/sl_si91x_adc.o
                0x082094c4                sl_si91x_adc_register_event_callback
 .text.sl_si91x_adc_temperature_sensor_enable
                0x082094e0       0x14 ./wiseconnect3_sdk_3.4.1/components/device/silabs/si91x/mcu/drivers/unified_api/src/sl_si91x_adc.o
                0x082094e0                sl_si91x_adc_temperature_sensor_enable
 .text.sl_si91x_adc_start
                0x082094f4       0x1e ./wiseconnect3_sdk_3.4.1/components/device/silabs/si91x/mcu/drivers/unified_api/src/sl_si91x_adc.o
                0x082094f4                sl_si91x_adc_start
 .text.sl_si91x_adc_stop
                0x08209512       0x1e ./wiseconnect3_sdk_3.4.1/components/device/silabs/si91x/mcu/drivers/unified_api/src/sl_si91x_adc.o
                0x08209512                sl_si91x_adc_stop
 .text.sl_si91x_adc_deinit
                0x08209530       0x28 ./wiseconnect3_sdk_3.4.1/components/device/silabs/si91x/mcu/drivers/unified_api/src/sl_si91x_adc.o
                0x08209530                sl_si91x_adc_deinit
 .text.callback_event
                0x08209558       0x10 ./wiseconnect3_sdk_3.4.1/components/device/silabs/si91x/mcu/drivers/unified_api/src/sl_si91x_bjt_temperature_sensor.o
 .text.sl_si91x_bjt_temperature_sensor_init
                0x08209568       0xb0 ./wiseconnect3_sdk_3.4.1/components/device/silabs/si91x/mcu/drivers/unified_api/src/sl_si91x_bjt_temperature_sensor.o
                0x08209568                sl_si91x_bjt_temperature_sensor_init
 .text.sl_si91x_bjt_temperature_sensor_bg_set_channel_configuration
                0x08209618       0x60 ./wiseconnect3_sdk_3.4.1/components/device/silabs/si91x/mcu/drivers/unified_api/src/sl_si91x_bjt_temperature_sensor.o
                0x08209618                sl_si91x_bjt_temperature_sensor_bg_set_channel_configuration
 .text.sl_si91x_bjt_temperature_sensor_state
                0x08209678       0x24 ./wiseconnect3_sdk_3.4.1/components/device/silabs/si91x/mcu/drivers/unified_api/src/sl_si91x_bjt_temperature_sensor.o
                0x08209678                sl_si91x_bjt_temperature_sensor_state
 .text.sl_si91x_bjt_temperature_sensor_set_channel_configuration
                0x0820969c       0x48 ./wiseconnect3_sdk_3.4.1/components/device/silabs/si91x/mcu/drivers/unified_api/src/sl_si91x_bjt_temperature_sensor.o
                0x0820969c                sl_si91x_bjt_temperature_sensor_set_channel_configuration
 .text.sl_si91x_bjt_temperature_sensor_read_data
                0x082096e4      0x160 ./wiseconnect3_sdk_3.4.1/components/device/silabs/si91x/mcu/drivers/unified_api/src/sl_si91x_bjt_temperature_sensor.o
                0x082096e4                sl_si91x_bjt_temperature_sensor_read_data
 .text.sl_si91x_bjt_temperature_sensor_deinit
                0x08209844       0x5c ./wiseconnect3_sdk_3.4.1/components/device/silabs/si91x/mcu/drivers/unified_api/src/sl_si91x_bjt_temperature_sensor.o
                0x08209844                sl_si91x_bjt_temperature_sensor_deinit
 .text.sl_si91x_dma_init
                0x082098a0       0x70 ./wiseconnect3_sdk_3.4.1/components/device/silabs/si91x/mcu/drivers/unified_api/src/sl_si91x_dma.o
                0x082098a0                sl_si91x_dma_init
 .text.sl_si91x_dma_allocate_channel
                0x08209910       0xdc ./wiseconnect3_sdk_3.4.1/components/device/silabs/si91x/mcu/drivers/unified_api/src/sl_si91x_dma.o
                0x08209910                sl_si91x_dma_allocate_channel
 .text.sl_si91x_dma_register_callbacks
                0x082099ec       0x5c ./wiseconnect3_sdk_3.4.1/components/device/silabs/si91x/mcu/drivers/unified_api/src/sl_si91x_dma.o
                0x082099ec                sl_si91x_dma_register_callbacks
 .text.sl_si91x_dma_unregister_callbacks
                0x08209a48       0x88 ./wiseconnect3_sdk_3.4.1/components/device/silabs/si91x/mcu/drivers/unified_api/src/sl_si91x_dma.o
                0x08209a48                sl_si91x_dma_unregister_callbacks
 .text.sl_mv_m4_app_from_flash_to_ram
                0x08209ad0       0x50 ./wiseconnect3_sdk_3.4.1/components/device/silabs/si91x/wireless/ahb_interface/src/rsi_hal_mcu_m4_ram.o
                0x08209ad0                sl_mv_m4_app_from_flash_to_ram
 .text.sli_si91x_raise_pkt_pending_interrupt_to_ta
                0x08209b20       0x20 ./wiseconnect3_sdk_3.4.1/components/device/silabs/si91x/wireless/ahb_interface/src/rsi_hal_mcu_m4_rom.o
                0x08209b20                sli_si91x_raise_pkt_pending_interrupt_to_ta
 .text.raise_m4_to_ta_interrupt
                0x08209b40        0xc ./wiseconnect3_sdk_3.4.1/components/device/silabs/si91x/wireless/ahb_interface/src/rsi_hal_mcu_m4_rom.o
                0x08209b40                raise_m4_to_ta_interrupt
 .text.mask_ta_interrupt
                0x08209b4c        0xc ./wiseconnect3_sdk_3.4.1/components/device/silabs/si91x/wireless/ahb_interface/src/rsi_hal_mcu_m4_rom.o
                0x08209b4c                mask_ta_interrupt
 .text.sli_receive_from_ta_done_isr
                0x08209b58       0x24 ./wiseconnect3_sdk_3.4.1/components/device/silabs/si91x/wireless/ahb_interface/src/rsi_hal_mcu_m4_rom.o
                0x08209b58                sli_receive_from_ta_done_isr
 .text.sli_m4_interrupt_isr
                0x08209b7c       0xc4 ./wiseconnect3_sdk_3.4.1/components/device/silabs/si91x/wireless/ahb_interface/src/rsi_hal_mcu_m4_rom.o
                0x08209b7c                sli_m4_interrupt_isr
 .text.sl_si91x_bus_read_interrupt_status
                0x08209c40       0x10 ./wiseconnect3_sdk_3.4.1/components/device/silabs/si91x/wireless/ahb_interface/src/rsi_hal_mcu_m4_rom.o
                0x08209c40                sl_si91x_bus_read_interrupt_status
 .text.si91x_req_wakeup
                0x08209c50       0x20 ./wiseconnect3_sdk_3.4.1/components/device/silabs/si91x/wireless/ahb_interface/src/rsi_hal_mcu_m4_rom.o
                0x08209c50                si91x_req_wakeup
 .text.sl_si91x_host_clear_sleep_indicator
                0x08209c70       0x14 ./wiseconnect3_sdk_3.4.1/components/device/silabs/si91x/wireless/ahb_interface/src/rsi_hal_mcu_m4_rom.o
                0x08209c70                sl_si91x_host_clear_sleep_indicator
 .text.sli_si91x_raise_xtal_interrupt_to_ta
                0x08209c84       0x38 ./wiseconnect3_sdk_3.4.1/components/device/silabs/si91x/wireless/ahb_interface/src/rsi_hal_mcu_m4_rom.o
                0x08209c84                sli_si91x_raise_xtal_interrupt_to_ta
 .text.sli_si91x_xtal_turn_on_request_from_m4_to_TA
                0x08209cbc       0x58 ./wiseconnect3_sdk_3.4.1/components/device/silabs/si91x/wireless/ahb_interface/src/rsi_hal_mcu_m4_rom.o
                0x08209cbc                sli_si91x_xtal_turn_on_request_from_m4_to_TA
 .text.sli_si91x_send_m4_xtal_usage_notification_to_ta
                0x08209d14       0x24 ./wiseconnect3_sdk_3.4.1/components/device/silabs/si91x/wireless/ahb_interface/src/rsi_hal_mcu_m4_rom.o
                0x08209d14                sli_si91x_send_m4_xtal_usage_notification_to_ta
 .text.IRQ074_Handler
                0x08209d38        0x4 ./wiseconnect3_sdk_3.4.1/components/device/silabs/si91x/wireless/ahb_interface/src/rsi_hal_mcu_m4_rom.o
                0x08209d38                IRQ074_Handler
 .text.sl_si91x_ta_events_init
                0x08209d3c       0x14 ./wiseconnect3_sdk_3.4.1/components/device/silabs/si91x/wireless/ahb_interface/src/rsi_hal_mcu_m4_rom.o
                0x08209d3c                sl_si91x_ta_events_init
 .text.sli_si91x_platform_init
                0x08209d50       0x78 ./wiseconnect3_sdk_3.4.1/components/device/silabs/si91x/wireless/ahb_interface/src/sl_platform.o
                0x08209d50                sli_si91x_platform_init
 .text.si91x_bootup_firmware
                0x08209dc8       0x94 ./wiseconnect3_sdk_3.4.1/components/device/silabs/si91x/wireless/ahb_interface/src/sl_platform.o
                0x08209dc8                si91x_bootup_firmware
 .text.sli_si91x_configure_wireless_frontend_controls
                0x08209e5c       0x44 ./wiseconnect3_sdk_3.4.1/components/device/silabs/si91x/wireless/ahb_interface/src/sl_platform_wireless.o
                0x08209e5c                sli_si91x_configure_wireless_frontend_controls
 .text.sl_si91x_bus_init
                0x08209ea0       0x1c ./wiseconnect3_sdk_3.4.1/components/device/silabs/si91x/wireless/ahb_interface/src/sl_si91x_bus.o
                0x08209ea0                sl_si91x_bus_init
 .text.sli_si91x_submit_rx_pkt
                0x08209ebc       0x84 ./wiseconnect3_sdk_3.4.1/components/device/silabs/si91x/wireless/ahb_interface/src/sl_si91x_bus.o
                0x08209ebc                sli_si91x_submit_rx_pkt
 .text.sl_si91x_bus_read_frame
                0x08209f40        0xc ./wiseconnect3_sdk_3.4.1/components/device/silabs/si91x/wireless/ahb_interface/src/sl_si91x_bus.o
                0x08209f40                sl_si91x_bus_read_frame
 .text.sl_si91x_bus_write_frame
                0x08209f4c       0x24 ./wiseconnect3_sdk_3.4.1/components/device/silabs/si91x/wireless/ahb_interface/src/sl_si91x_bus.o
                0x08209f4c                sl_si91x_bus_write_frame
 .text.sli_submit_rx_buffer
                0x08209f70       0x16 ./wiseconnect3_sdk_3.4.1/components/device/silabs/si91x/wireless/ahb_interface/src/sl_si91x_bus.o
                0x08209f70                sli_submit_rx_buffer
 *fill*         0x08209f86        0x2 
 .text.rsi_update_tx_dma_desc
                0x08209f88       0x28 ./wiseconnect3_sdk_3.4.1/components/device/silabs/si91x/wireless/ahb_interface/src/sl_si91x_bus.o
                0x08209f88                rsi_update_tx_dma_desc
 .text.rsi_update_rx_dma_desc
                0x08209fb0       0x10 ./wiseconnect3_sdk_3.4.1/components/device/silabs/si91x/wireless/ahb_interface/src/sl_si91x_bus.o
                0x08209fb0                rsi_update_rx_dma_desc
 .text.sli_si91x_config_m4_dma_desc_on_reset
                0x08209fc0       0x48 ./wiseconnect3_sdk_3.4.1/components/device/silabs/si91x/wireless/ahb_interface/src/sl_si91x_bus.o
                0x08209fc0                sli_si91x_config_m4_dma_desc_on_reset
 .text.rsi_waitfor_boardready
                0x0820a008       0x44 ./wiseconnect3_sdk_3.4.1/components/device/silabs/si91x/wireless/ahb_interface/src/sli_siwx917_soc.o
                0x0820a008                rsi_waitfor_boardready
 .text.rsi_select_option
                0x0820a04c       0x80 ./wiseconnect3_sdk_3.4.1/components/device/silabs/si91x/wireless/ahb_interface/src/sli_siwx917_soc.o
                0x0820a04c                rsi_select_option
 .text.unmask_ta_interrupt
                0x0820a0cc        0xc ./wiseconnect3_sdk_3.4.1/components/device/silabs/si91x/wireless/ahb_interface/src/sli_siwx917_soc.o
                0x0820a0cc                unmask_ta_interrupt
 .text.sli_m4_ta_interrupt_init
                0x0820a0d8       0x2c ./wiseconnect3_sdk_3.4.1/components/device/silabs/si91x/wireless/ahb_interface/src/sli_siwx917_soc.o
                0x0820a0d8                sli_m4_ta_interrupt_init
 .text.sl_si91x_errno
                0x0820a104       0x1c ./wiseconnect3_sdk_3.4.1/components/device/silabs/si91x/wireless/errno/src/sl_si91x_errno.o
                0x0820a104                sl_si91x_errno
 .text.sl_si91x_bus_rx_irq_handler
                0x0820a120        0x4 ./wiseconnect3_sdk_3.4.1/components/device/silabs/si91x/wireless/host_mcu/si91x/siwx917_soc_ncp_host.o
                0x0820a120                sl_si91x_bus_rx_irq_handler
 .text.sl_si91x_bus_rx_done_handler
                0x0820a124        0x2 ./wiseconnect3_sdk_3.4.1/components/device/silabs/si91x/wireless/host_mcu/si91x/siwx917_soc_ncp_host.o
                0x0820a124                sl_si91x_bus_rx_done_handler
 .text.sl_si91x_host_init
                0x0820a126        0xa ./wiseconnect3_sdk_3.4.1/components/device/silabs/si91x/wireless/host_mcu/si91x/siwx917_soc_ncp_host.o
                0x0820a126                sl_si91x_host_init
 .text.sl_si91x_host_deinit
                0x0820a130        0x4 ./wiseconnect3_sdk_3.4.1/components/device/silabs/si91x/wireless/host_mcu/si91x/siwx917_soc_ncp_host.o
                0x0820a130                sl_si91x_host_deinit
 .text.sl_si91x_host_hold_in_reset
                0x0820a134        0x2 ./wiseconnect3_sdk_3.4.1/components/device/silabs/si91x/wireless/host_mcu/si91x/siwx917_soc_ncp_host.o
                0x0820a134                sl_si91x_host_hold_in_reset
 .text.sl_si91x_host_release_from_reset
                0x0820a136        0x2 ./wiseconnect3_sdk_3.4.1/components/device/silabs/si91x/wireless/host_mcu/si91x/siwx917_soc_ncp_host.o
                0x0820a136                sl_si91x_host_release_from_reset
 .text.sl_si91x_host_enable_bus_interrupt
                0x0820a138        0x2 ./wiseconnect3_sdk_3.4.1/components/device/silabs/si91x/wireless/host_mcu/si91x/siwx917_soc_ncp_host.o
                0x0820a138                sl_si91x_host_enable_bus_interrupt
 .text.sl_si91x_host_disable_bus_interrupt
                0x0820a13a        0x2 ./wiseconnect3_sdk_3.4.1/components/device/silabs/si91x/wireless/host_mcu/si91x/siwx917_soc_ncp_host.o
                0x0820a13a                sl_si91x_host_disable_bus_interrupt
 .text.sl_si91x_host_is_in_irq_context
                0x0820a13c       0x14 ./wiseconnect3_sdk_3.4.1/components/device/silabs/si91x/wireless/host_mcu/si91x/siwx917_soc_ncp_host.o
                0x0820a13c                sl_si91x_host_is_in_irq_context
 .text.sl_si91x_host_init_buffer_manager
                0x0820a150       0xa8 ./wiseconnect3_sdk_3.4.1/components/device/silabs/si91x/wireless/memory/mem_pool_buffer_quota.o
                0x0820a150                sl_si91x_host_init_buffer_manager
 .text.sl_si91x_host_deinit_buffer_manager
                0x0820a1f8       0x80 ./wiseconnect3_sdk_3.4.1/components/device/silabs/si91x/wireless/memory/mem_pool_buffer_quota.o
                0x0820a1f8                sl_si91x_host_deinit_buffer_manager
 .text.sl_si91x_host_allocate_buffer
                0x0820a278       0x94 ./wiseconnect3_sdk_3.4.1/components/device/silabs/si91x/wireless/memory/mem_pool_buffer_quota.o
                0x0820a278                sl_si91x_host_allocate_buffer
 .text.sl_si91x_host_get_buffer_data
                0x0820a30c       0x16 ./wiseconnect3_sdk_3.4.1/components/device/silabs/si91x/wireless/memory/mem_pool_buffer_quota.o
                0x0820a30c                sl_si91x_host_get_buffer_data
 *fill*         0x0820a322        0x2 
 .text.sl_si91x_host_free_buffer
                0x0820a324       0x30 ./wiseconnect3_sdk_3.4.1/components/device/silabs/si91x/wireless/memory/mem_pool_buffer_quota.o
                0x0820a324                sl_si91x_host_free_buffer
 .text.convert_si91x_dns_response
                0x0820a354       0x2a ./wiseconnect3_sdk_3.4.1/components/device/silabs/si91x/wireless/sl_net/src/sl_net_rsi_utility.o
                0x0820a354                convert_si91x_dns_response
 .text.convert_si91x_event_to_sl_net_event
                0x0820a37e       0x40 ./wiseconnect3_sdk_3.4.1/components/device/silabs/si91x/wireless/sl_net/src/sl_net_rsi_utility.o
                0x0820a37e                convert_si91x_event_to_sl_net_event
 *fill*         0x0820a3be        0x2 
 .text.sl_si91x_register_event_handler
                0x0820a3c0        0xc ./wiseconnect3_sdk_3.4.1/components/device/silabs/si91x/wireless/sl_net/src/sl_net_si91x_callback_framework.o
                0x0820a3c0                sl_si91x_register_event_handler
 .text.sl_si91x_default_handler
                0x0820a3cc      0x114 ./wiseconnect3_sdk_3.4.1/components/device/silabs/si91x/wireless/sl_net/src/sl_net_si91x_callback_framework.o
                0x0820a3cc                sl_si91x_default_handler
 .text.handle_mqtt_client_asynch_events
                0x0820a4e0       0xf0 ./wiseconnect3_sdk_3.4.1/components/device/silabs/si91x/wireless/sl_net/src/sl_net_si91x_integration_handler.o
 .text.sli_si91x_network_cleanup_handler
                0x0820a5d0        0x4 ./wiseconnect3_sdk_3.4.1/components/device/silabs/si91x/wireless/sl_net/src/sl_net_si91x_integration_handler.o
                0x0820a5d0                sli_si91x_network_cleanup_handler
 .text.sli_si91x_flush_all_socket_tx_queues_based_on_dest_ip_address
                0x0820a5d4       0x60 ./wiseconnect3_sdk_3.4.1/components/device/silabs/si91x/wireless/sl_net/src/sl_net_si91x_integration_handler.o
                0x0820a5d4                sli_si91x_flush_all_socket_tx_queues_based_on_dest_ip_address
 .text.sli_si91x_flush_third_party_station_dependent_sockets
                0x0820a634       0xb8 ./wiseconnect3_sdk_3.4.1/components/device/silabs/si91x/wireless/sl_net/src/sl_net_si91x_integration_handler.o
                0x0820a634                sli_si91x_flush_third_party_station_dependent_sockets
 .text.sl_net_si91x_event_dispatch_handler
                0x0820a6ec      0x168 ./wiseconnect3_sdk_3.4.1/components/device/silabs/si91x/wireless/sl_net/src/sl_net_si91x_integration_handler.o
                0x0820a6ec                sl_net_si91x_event_dispatch_handler
 .text.convert_to_si91x_cert_type
                0x0820a854       0x86 ./wiseconnect3_sdk_3.4.1/components/device/silabs/si91x/wireless/sl_net/src/sl_si91x_net_credentials.o
 .text.sl_si91x_set_credential
                0x0820a8da       0x46 ./wiseconnect3_sdk_3.4.1/components/device/silabs/si91x/wireless/sl_net/src/sl_si91x_net_credentials.o
                0x0820a8da                sl_si91x_set_credential
 .text.sli_si91x_configure_ip_address
                0x0820a920      0x1f0 ./wiseconnect3_sdk_3.4.1/components/device/silabs/si91x/wireless/sl_net/src/sl_si91x_net_internal_stack.o
                0x0820a920                sli_si91x_configure_ip_address
 .text.sl_si91x_configure_ip_address
                0x0820ab10        0xc ./wiseconnect3_sdk_3.4.1/components/device/silabs/si91x/wireless/sl_net/src/sl_si91x_net_internal_stack.o
                0x0820ab10                sl_si91x_configure_ip_address
 .text.sli_si91x_clear_select_id
                0x0820ab1c       0x30 ./wiseconnect3_sdk_3.4.1/components/device/silabs/si91x/wireless/socket/src/sl_si91x_socket_utility.o
 .text.handle_accept_response
                0x0820ab4c       0x58 ./wiseconnect3_sdk_3.4.1/components/device/silabs/si91x/wireless/socket/src/sl_si91x_socket_utility.o
                0x0820ab4c                handle_accept_response
 .text.sli_si91x_socket_init
                0x0820aba4       0x70 ./wiseconnect3_sdk_3.4.1/components/device/silabs/si91x/wireless/socket/src/sl_si91x_socket_utility.o
                0x0820aba4                sli_si91x_socket_init
 .text.sli_si91x_socket_deinit
                0x0820ac14       0x50 ./wiseconnect3_sdk_3.4.1/components/device/silabs/si91x/wireless/socket/src/sl_si91x_socket_utility.o
                0x0820ac14                sli_si91x_socket_deinit
 .text.sli_si91x_vap_shutdown
                0x0820ac64       0x2c ./wiseconnect3_sdk_3.4.1/components/device/silabs/si91x/wireless/socket/src/sl_si91x_socket_utility.o
                0x0820ac64                sli_si91x_vap_shutdown
 .text.get_si91x_socket
                0x0820ac90       0x14 ./wiseconnect3_sdk_3.4.1/components/device/silabs/si91x/wireless/socket/src/sl_si91x_socket_utility.o
                0x0820ac90                get_si91x_socket
 .text.handle_select_response
                0x0820aca4       0x68 ./wiseconnect3_sdk_3.4.1/components/device/silabs/si91x/wireless/socket/src/sl_si91x_socket_utility.o
                0x0820aca4                handle_select_response
 .text.sli_si91x_get_socket_from_id
                0x0820ad0c       0x44 ./wiseconnect3_sdk_3.4.1/components/device/silabs/si91x/wireless/socket/src/sl_si91x_socket_utility.o
                0x0820ad0c                sli_si91x_get_socket_from_id
 .text.sli_get_socket_command_from_host_packet
                0x0820ad50        0x4 ./wiseconnect3_sdk_3.4.1/components/device/silabs/si91x/wireless/socket/src/sl_si91x_socket_utility.o
                0x0820ad50                sli_get_socket_command_from_host_packet
 .text.si91x_socket_event_handler
                0x0820ad54      0x220 ./wiseconnect3_sdk_3.4.1/components/device/silabs/si91x/wireless/socket/src/sl_si91x_socket_utility.o
                0x0820ad54                si91x_socket_event_handler
 .text.sli_si91x_get_socket_id
                0x0820af74       0x64 ./wiseconnect3_sdk_3.4.1/components/device/silabs/si91x/wireless/socket/src/sl_si91x_socket_utility.o
                0x0820af74                sli_si91x_get_socket_id
 .text.sli_si91x_set_socket_event
                0x0820afd8       0x10 ./wiseconnect3_sdk_3.4.1/components/device/silabs/si91x/wireless/socket/src/sl_si91x_socket_utility.o
                0x0820afd8                sli_si91x_set_socket_event
 .text.sli_si91x_flush_select_request_table
                0x0820afe8       0x54 ./wiseconnect3_sdk_3.4.1/components/device/silabs/si91x/wireless/socket/src/sl_si91x_socket_utility.o
                0x0820afe8                sli_si91x_flush_select_request_table
 .text.sli_si91x_is_ip_address_zero
                0x0820b03c       0x30 ./wiseconnect3_sdk_3.4.1/components/device/silabs/si91x/wireless/socket/src/sl_si91x_socket_utility.o
                0x0820b03c                sli_si91x_is_ip_address_zero
 .text.sli_fw_status_storage_index_init
                0x0820b06c       0x30 ./wiseconnect3_sdk_3.4.1/components/device/silabs/si91x/wireless/src/sl_rsi_utility.o
                0x0820b06c                sli_fw_status_storage_index_init
 .text.sli_handle_wifi_beacon
                0x0820b09c      0x2b4 ./wiseconnect3_sdk_3.4.1/components/device/silabs/si91x/wireless/src/sl_rsi_utility.o
                0x0820b09c                sli_handle_wifi_beacon
 .text.sli_wifi_flush_scan_results_database
                0x0820b350       0x1c ./wiseconnect3_sdk_3.4.1/components/device/silabs/si91x/wireless/src/sl_rsi_utility.o