Archive member included to satisfy reference by file (symbol)

c:/siliconlabs/simplicitystudio/v5/developer/toolchains/gnu_arm/12.2.rel1_2023.7/bin/../lib/gcc/arm-none-eabi/12.2.1/thumb/v7e-m+fp/softfp\libgcc.a(_arm_muldf3.o)
                              ./wiseconnect3_sdk_3.4.1/components/device/silabs/si91x/mcu/drivers/unified_api/src/sl_si91x_bjt_temperature_sensor.o (__aeabi_dmul)
c:/siliconlabs/simplicitystudio/v5/developer/toolchains/gnu_arm/12.2.rel1_2023.7/bin/../lib/gcc/arm-none-eabi/12.2.1/thumb/v7e-m+fp/softfp\libgcc.a(_arm_addsubdf3.o)
                              ./wiseconnect3_sdk_3.4.1/components/device/silabs/si91x/mcu/drivers/peripheral_drivers/src/clock_update.o (__aeabi_dadd)
c:/siliconlabs/simplicitystudio/v5/developer/toolchains/gnu_arm/12.2.rel1_2023.7/bin/../lib/gcc/arm-none-eabi/12.2.1/thumb/v7e-m+fp/softfp\libgcc.a(_arm_muldivdf3.o)
                              ./wiseconnect3_sdk_3.4.1/components/device/silabs/si91x/mcu/drivers/peripheral_drivers/src/clock_update.o (__aeabi_ddiv)
c:/siliconlabs/simplicitystudio/v5/developer/toolchains/gnu_arm/12.2.rel1_2023.7/bin/../lib/gcc/arm-none-eabi/12.2.1/thumb/v7e-m+fp/softfp\libgcc.a(_arm_cmpdf2.o)
                              ./wiseconnect3_sdk_3.4.1/components/device/silabs/si91x/mcu/drivers/peripheral_drivers/src/rsi_adc.o (__aeabi_dcmplt)
c:/siliconlabs/simplicitystudio/v5/developer/toolchains/gnu_arm/12.2.rel1_2023.7/bin/../lib/gcc/arm-none-eabi/12.2.1/thumb/v7e-m+fp/softfp\libgcc.a(_arm_fixunsdfsi.o)
                              ./wiseconnect3_sdk_3.4.1/components/device/silabs/si91x/mcu/drivers/peripheral_drivers/src/clock_update.o (__aeabi_d2uiz)
c:/siliconlabs/simplicitystudio/v5/developer/toolchains/gnu_arm/12.2.rel1_2023.7/bin/../lib/gcc/arm-none-eabi/12.2.1/thumb/v7e-m+fp/softfp\libc_nano.a(libc_a-assert.o)
                              ./wiseconnect3_sdk_3.4.1/components/device/silabs/si91x/wireless/src/sl_rsi_utility.o (__assert_func)
c:/siliconlabs/simplicitystudio/v5/developer/toolchains/gnu_arm/12.2.rel1_2023.7/bin/../lib/gcc/arm-none-eabi/12.2.1/thumb/v7e-m+fp/softfp\libc_nano.a(libc_a-calloc.o)
                              ./wiseconnect3_sdk_3.4.1/components/device/silabs/si91x/wireless/socket/src/sl_si91x_socket_utility.o (calloc)
c:/siliconlabs/simplicitystudio/v5/developer/toolchains/gnu_arm/12.2.rel1_2023.7/bin/../lib/gcc/arm-none-eabi/12.2.1/thumb/v7e-m+fp/softfp\libc_nano.a(libc_a-callocr.o)
                              c:/siliconlabs/simplicitystudio/v5/developer/toolchains/gnu_arm/12.2.rel1_2023.7/bin/../lib/gcc/arm-none-eabi/12.2.1/thumb/v7e-m+fp/softfp\libc_nano.a(libc_a-calloc.o) (_calloc_r)
c:/siliconlabs/simplicitystudio/v5/developer/toolchains/gnu_arm/12.2.rel1_2023.7/bin/../lib/gcc/arm-none-eabi/12.2.1/thumb/v7e-m+fp/softfp\libc_nano.a(libc_a-exit.o)
                              c:/siliconlabs/simplicitystudio/v5/developer/toolchains/gnu_arm/12.2.rel1_2023.7/bin/../lib/gcc/arm-none-eabi/12.2.1/thumb/v7e-m+fp/softfp/crt0.o (exit)
c:/siliconlabs/simplicitystudio/v5/developer/toolchains/gnu_arm/12.2.rel1_2023.7/bin/../lib/gcc/arm-none-eabi/12.2.1/thumb/v7e-m+fp/softfp\libc_nano.a(libc_a-malloc.o)
                              ./app.o (malloc)
c:/siliconlabs/simplicitystudio/v5/developer/toolchains/gnu_arm/12.2.rel1_2023.7/bin/../lib/gcc/arm-none-eabi/12.2.1/thumb/v7e-m+fp/softfp\libc_nano.a(libc_a-mallocr.o)
                              c:/siliconlabs/simplicitystudio/v5/developer/toolchains/gnu_arm/12.2.rel1_2023.7/bin/../lib/gcc/arm-none-eabi/12.2.1/thumb/v7e-m+fp/softfp\libc_nano.a(libc_a-callocr.o) (_malloc_r)
c:/siliconlabs/simplicitystudio/v5/developer/toolchains/gnu_arm/12.2.rel1_2023.7/bin/../lib/gcc/arm-none-eabi/12.2.1/thumb/v7e-m+fp/softfp\libc_nano.a(libc_a-mlock.o)
                              c:/siliconlabs/simplicitystudio/v5/developer/toolchains/gnu_arm/12.2.rel1_2023.7/bin/../lib/gcc/arm-none-eabi/12.2.1/thumb/v7e-m+fp/softfp\libc_nano.a(libc_a-mallocr.o) (__malloc_lock)
c:/siliconlabs/simplicitystudio/v5/developer/toolchains/gnu_arm/12.2.rel1_2023.7/bin/../lib/gcc/arm-none-eabi/12.2.1/thumb/v7e-m+fp/softfp\libc_nano.a(libc_a-strtoul.o)
                              ./wiseconnect3_sdk_3.4.1/components/common/src/sl_utility.o (strtoul)
c:/siliconlabs/simplicitystudio/v5/developer/toolchains/gnu_arm/12.2.rel1_2023.7/bin/../lib/gcc/arm-none-eabi/12.2.1/thumb/v7e-m+fp/softfp\libc_nano.a(libc_a-ctype_.o)
                              ./simplicity_sdk_2024.12.1/platform/common/src/sl_string.o (_ctype_)
c:/siliconlabs/simplicitystudio/v5/developer/toolchains/gnu_arm/12.2.rel1_2023.7/bin/../lib/gcc/arm-none-eabi/12.2.1/thumb/v7e-m+fp/softfp\libc_nano.a(libc_a-nano-vfprintf_float.o)
                              (_printf_float)
c:/siliconlabs/simplicitystudio/v5/developer/toolchains/gnu_arm/12.2.rel1_2023.7/bin/../lib/gcc/arm-none-eabi/12.2.1/thumb/v7e-m+fp/softfp\libc_nano.a(libc_a-nano-vfprintf_i.o)
[...]
Memory Configuration

Name             Origin             Length             Attributes
rom              0x08202000         0x001fe000         xr
ram              0x0000000c         0x0002fbf4         xrw
udma0            0x0002fc00         0x00000400         xrw
udma1            0x24061c00         0x00000400         xrw
*default*        0x00000000         0xffffffff

Linker script and memory map

LOAD c:/siliconlabs/simplicitystudio/v5/developer/toolchains/gnu_arm/12.2.rel1_2023.7/bin/../lib/gcc/arm-none-eabi/12.2.1/thumb/v7e-m+fp/softfp/crti.o
LOAD c:/siliconlabs/simplicitystudio/v5/developer/toolchains/gnu_arm/12.2.rel1_2023.7/bin/../lib/gcc/arm-none-eabi/12.2.1/thumb/v7e-m+fp/softfp/crtbegin.o
LOAD c:/siliconlabs/simplicitystudio/v5/developer/toolchains/gnu_arm/12.2.rel1_2023.7/bin/../lib/gcc/arm-none-eabi/12.2.1/thumb/v7e-m+fp/softfp/crt0.o
START GROUP
LOAD ./app.o
LOAD ./main.o
LOAD ./autogen/sl_event_handler.o
LOAD ./simplicity_sdk_2024.12.1/platform/CMSIS/RTOS2/Source/os_systick.o
LOAD ./simplicity_sdk_2024.12.1/platform/common/src/sl_assert.o
LOAD ./simplicity_sdk_2024.12.1/platform/common/src/sl_cmsis_os2_common.o
LOAD ./simplicity_sdk_2024.12.1/platform/common/src/sl_core_cortexm.o
LOAD ./simplicity_sdk_2024.12.1/platform/common/src/sl_slist.o
LOAD ./simplicity_sdk_2024.12.1/platform/common/src/sl_string.o
LOAD ./simplicity_sdk_2024.12.1/platform/common/src/sl_syscalls.o
LOAD ./simplicity_sdk_2024.12.1/platform/common/src/sli_cmsis_os2_ext_task_register.o
LOAD ./simplicity_sdk_2024.12.1/platform/emlib/src/em_core.o
LOAD ./simplicity_sdk_2024.12.1/platform/service/mem_pool/src/sl_mem_pool.o
LOAD ./simplicity_sdk_2024.12.1/platform/service/system/src/sl_system_init.o
LOAD ./simplicity_sdk_2024.12.1/platform/service/system/src/sl_system_kernel.o
LOAD ./simplicity_sdk_2024.12.1/util/third_party/freertos/cmsis/Source/cmsis_os2.o
LOAD ./simplicity_sdk_2024.12.1/util/third_party/freertos/kernel/croutine.o
LOAD ./simplicity_sdk_2024.12.1/util/third_party/freertos/kernel/event_groups.o
LOAD ./simplicity_sdk_2024.12.1/util/third_party/freertos/kernel/list.o
LOAD ./simplicity_sdk_2024.12.1/util/third_party/freertos/kernel/queue.o
LOAD ./simplicity_sdk_2024.12.1/util/third_party/freertos/kernel/stream_buffer.o
LOAD ./simplicity_sdk_2024.12.1/util/third_party/freertos/kernel/tasks.o
LOAD ./simplicity_sdk_2024.12.1/util/third_party/freertos/kernel/timers.o
LOAD ./simplicity_sdk_2024.12.1/util/third_party/freertos/kernel/portable/GCC/ARM_CM4F/port.o
LOAD ./simplicity_sdk_2024.12.1/util/third_party/freertos/kernel/portable/MemMang/heap_4.o
LOAD ./wiseconnect3_sdk_3.4.1/components/board/silabs/src/rsi_board.o
LOAD ./wiseconnect3_sdk_3.4.1/components/common/src/sl_utility.o
LOAD ./wiseconnect3_sdk_3.4.1/components/device/silabs/si91x/mcu/core/chip/src/iPMU_prog/iPMU_dotc/ipmu_apis.o
LOAD ./wiseconnect3_sdk_3.4.1/components/device/silabs/si91x/mcu/core/chip/src/iPMU_prog/iPMU_dotc/rsi_system_config_917.o
LOAD ./wiseconnect3_sdk_3.4.1/components/device/silabs/si91x/mcu/core/chip/src/rsi_deepsleep_soc.o
LOAD ./wiseconnect3_sdk_3.4.1/components/device/silabs/si91x/mcu/core/chip/src/rsi_ps_ram_func.o
LOAD ./wiseconnect3_sdk_3.4.1/components/device/silabs/si91x/mcu/core/chip/src/startup_si91x.o
LOAD ./wiseconnect3_sdk_3.4.1/components/device/silabs/si91x/mcu/core/chip/src/system_si91x.o
LOAD ./wiseconnect3_sdk_3.4.1/components/device/silabs/si91x/mcu/core/common/src/rsi_debug.o
LOAD ./wiseconnect3_sdk_3.4.1/components/device/silabs/si91x/mcu/core/common/src/sl_si91x_stack_object_declare.o
LOAD ./wiseconnect3_sdk_3.4.1/components/device/silabs/si91x/mcu/core/common/src/syscalls.o
LOAD ./wiseconnect3_sdk_3.4.1/components/device/silabs/si91x/mcu/core/config/src/rsi_nvic_priorities_config.o
LOAD ./wiseconnect3_sdk_3.4.1/components/device/silabs/si91x/mcu/drivers/cmsis_driver/UDMA.o
LOAD ./wiseconnect3_sdk_3.4.1/components/device/silabs/si91x/mcu/drivers/cmsis_driver/USART.o
LOAD ./wiseconnect3_sdk_3.4.1/components/device/silabs/si91x/mcu/drivers/peripheral_drivers/src/aux_reference_volt_config.o
LOAD ./wiseconnect3_sdk_3.4.1/components/device/silabs/si91x/mcu/drivers/peripheral_drivers/src/clock_update.o
LOAD ./wiseconnect3_sdk_3.4.1/components/device/silabs/si91x/mcu/drivers/peripheral_drivers/src/rsi_adc.o
LOAD ./wiseconnect3_sdk_3.4.1/components/device/silabs/si91x/mcu/drivers/peripheral_drivers/src/rsi_crc.o
LOAD ./wiseconnect3_sdk_3.4.1/components/device/silabs/si91x/mcu/drivers/peripheral_drivers/src/rsi_dac.o
LOAD ./wiseconnect3_sdk_3.4.1/components/device/silabs/si91x/mcu/drivers/peripheral_drivers/src/rsi_egpio.o
LOAD ./wiseconnect3_sdk_3.4.1/components/device/silabs/si91x/mcu/drivers/peripheral_drivers/src/rsi_opamp.o
LOAD ./wiseconnect3_sdk_3.4.1/components/device/silabs/si91x/mcu/drivers/peripheral_drivers/src/rsi_udma.o
LOAD ./wiseconnect3_sdk_3.4.1/components/device/silabs/si91x/mcu/drivers/peripheral_drivers/src/rsi_udma_wrapper.o
LOAD ./wiseconnect3_sdk_3.4.1/components/device/silabs/si91x/mcu/drivers/peripheral_drivers/src/rsi_usart.o
LOAD ./wiseconnect3_sdk_3.4.1/components/device/silabs/si91x/mcu/drivers/rom_driver/src/rsi_rom_table_si91x.o
LOAD ./wiseconnect3_sdk_3.4.1/components/device/silabs/si91x/mcu/drivers/service/clock_manager/src/sl_si91x_clock_manager.o
LOAD ./wiseconnect3_sdk_3.4.1/components/device/silabs/si91x/mcu/drivers/systemlevel/src/rsi_bod.o
LOAD ./wiseconnect3_sdk_3.4.1/components/device/silabs/si91x/mcu/drivers/systemlevel/src/rsi_ipmu.o
LOAD ./wiseconnect3_sdk_3.4.1/components/device/silabs/si91x/mcu/drivers/systemlevel/src/rsi_pll.o
LOAD ./wiseconnect3_sdk_3.4.1/components/device/silabs/si91x/mcu/drivers/systemlevel/src/rsi_rtc.o
LOAD ./wiseconnect3_sdk_3.4.1/components/device/silabs/si91x/mcu/drivers/systemlevel/src/rsi_temp_sensor.o
LOAD ./wiseconnect3_sdk_3.4.1/components/device/silabs/si91x/mcu/drivers/systemlevel/src/rsi_time_period.o
LOAD ./wiseconnect3_sdk_3.4.1/components/device/silabs/si91x/mcu/drivers/systemlevel/src/rsi_ulpss_clk.o
LOAD ./wiseconnect3_sdk_3.4.1/components/device/silabs/si91x/mcu/drivers/unified_api/src/sl_si91x_adc.o
LOAD ./wiseconnect3_sdk_3.4.1/components/device/silabs/si91x/mcu/drivers/unified_api/src/sl_si91x_bjt_temperature_sensor.o
LOAD ./wiseconnect3_sdk_3.4.1/components/device/silabs/si91x/mcu/drivers/unified_api/src/sl_si91x_dma.o
LOAD ./wiseconnect3_sdk_3.4.1/components/device/silabs/si91x/wireless/ahb_interface/src/rsi_hal_mcu_m4_ram.o
LOAD ./wiseconnect3_sdk_3.4.1/components/device/silabs/si91x/wireless/ahb_interface/src/rsi_hal_mcu_m4_rom.o
LOAD ./wiseconnect3_sdk_3.4.1/components/device/silabs/si91x/wireless/ahb_interface/src/sl_platform.o
LOAD ./wiseconnect3_sdk_3.4.1/components/device/silabs/si91x/wireless/ahb_interface/src/sl_platform_wireless.o
LOAD ./wiseconnect3_sdk_3.4.1/components/device/silabs/si91x/wireless/ahb_interface/src/sl_si91x_bus.o
LOAD ./wiseconnect3_sdk_3.4.1/components/device/silabs/si91x/wireless/ahb_interface/src/sl_si91x_timer.o
LOAD ./wiseconnect3_sdk_3.4.1/components/device/silabs/si91x/wireless/ahb_interface/src/sli_siwx917_soc.o
LOAD ./wiseconnect3_sdk_3.4.1/components/device/silabs/si91x/wireless/asynchronous_socket/src/sl_si91x_socket.o
LOAD ./wiseconnect3_sdk_3.4.1/components/device/silabs/si91x/wireless/errno/src/sl_si91x_errno.o
LOAD ./wiseconnect3_sdk_3.4.1/components/device/silabs/si91x/wireless/firmware_upgrade/firmware_upgradation.o
LOAD ./wiseconnect3_sdk_3.4.1/components/device/silabs/si91x/wireless/host_mcu/si91x/siwx917_soc_ncp_host.o
LOAD ./wiseconnect3_sdk_3.4.1/components/device/silabs/si91x/wireless/icmp/sl_net_ping.o
LOAD ./wiseconnect3_sdk_3.4.1/components/device/silabs/si91x/wireless/memory/mem_pool_buffer_quota.o
LOAD ./wiseconnect3_sdk_3.4.1/components/device/silabs/si91x/wireless/sl_net/src/sl_net_rsi_utility.o
LOAD ./wiseconnect3_sdk_3.4.1/components/device/silabs/si91x/wireless/sl_net/src/sl_net_si91x_callback_framework.o
LOAD ./wiseconnect3_sdk_3.4.1/components/device/silabs/si91x/wireless/sl_net/src/sl_net_si91x_integration_handler.o
LOAD ./wiseconnect3_sdk_3.4.1/components/device/silabs/si91x/wireless/sl_net/src/sl_si91x_net_credentials.o
LOAD ./wiseconnect3_sdk_3.4.1/components/device/silabs/si91x/wireless/sl_net/src/sl_si91x_net_internal_stack.o
LOAD ./wiseconnect3_sdk_3.4.1/components/device/silabs/si91x/wireless/socket/src/sl_si91x_socket_utility.o
LOAD ./wiseconnect3_sdk_3.4.1/components/device/silabs/si91x/wireless/src/sl_rsi_utility.o
LOAD ./wiseconnect3_sdk_3.4.1/components/device/silabs/si91x/wireless/src/sl_si91x_driver.o
LOAD ./wiseconnect3_sdk_3.4.1/components/device/silabs/si91x/wireless/threading/sli_si91x_multithreaded.o
LOAD ./wiseconnect3_sdk_3.4.1/components/protocol/wifi/si91x/sl_wifi.o
LOAD ./wiseconnect3_sdk_3.4.1/components/protocol/wifi/src/sl_wifi_basic_credentials.o
LOAD ./wiseconnect3_sdk_3.4.1/components/protocol/wifi/src/sl_wifi_callback_framework.o
LOAD ./wiseconnect3_sdk_3.4.1/components/service/bsd_socket/si91x_socket/sl_si91x_bsd_socket.o
LOAD ./wiseconnect3_sdk_3.4.1/components/service/mqtt/si91x/sl_mqtt_client.o
LOAD ./wiseconnect3_sdk_3.4.1/components/service/network_manager/si91x/sl_net_si91x.o
LOAD ./wiseconnect3_sdk_3.4.1/components/service/network_manager/src/sl_net.o
LOAD ./wiseconnect3_sdk_3.4.1/components/service/network_manager/src/sl_net_basic_certificate_store.o
LOAD ./wiseconnect3_sdk_3.4.1/components/service/network_manager/src/sl_net_basic_profiles.o
LOAD ./wiseconnect3_sdk_3.4.1/components/service/network_manager/src/sl_net_credentials.o
LOAD ./wiseconnect3_sdk_3.4.1/third_party/json_parser/src/jsmn.o
LOAD c:/siliconlabs/simplicitystudio/v5/developer/toolchains/gnu_arm/12.2.rel1_2023.7/bin/../lib/gcc/arm-none-eabi/12.2.1/thumb/v7e-m+fp/softfp\libgcc.a
LOAD c:/siliconlabs/simplicitystudio/v5/developer/toolchains/gnu_arm/12.2.rel1_2023.7/bin/../lib/gcc/arm-none-eabi/12.2.1/thumb/v7e-m+fp/softfp\libnosys.a
LOAD c:/siliconlabs/simplicitystudio/v5/developer/toolchains/gnu_arm/12.2.rel1_2023.7/bin/../lib/gcc/arm-none-eabi/12.2.1/thumb/v7e-m+fp/softfp\libc_nano.a
LOAD c:/siliconlabs/simplicitystudio/v5/developer/toolchains/gnu_arm/12.2.rel1_2023.7/bin/../lib/gcc/arm-none-eabi/12.2.1/thumb/v7e-m+fp/softfp\libm.a
END GROUP
START GROUP
LOAD c:/siliconlabs/simplicitystudio/v5/developer/toolchains/gnu_arm/12.2.rel1_2023.7/bin/../lib/gcc/arm-none-eabi/12.2.1/thumb/v7e-m+fp/softfp\libgcc.a
LOAD c:/siliconlabs/simplicitystudio/v5/developer/toolchains/gnu_arm/12.2.rel1_2023.7/bin/../lib/gcc/arm-none-eabi/12.2.1/thumb/v7e-m+fp/softfp\libc_nano.a
LOAD c:/siliconlabs/simplicitystudio/v5/developer/toolchains/gnu_arm/12.2.rel1_2023.7/bin/../lib/gcc/arm-none-eabi/12.2.1/thumb/v7e-m+fp/softfp\libnosys.a
END GROUP
START GROUP
LOAD c:/siliconlabs/simplicitystudio/v5/developer/toolchains/gnu_arm/12.2.rel1_2023.7/bin/../lib/gcc/arm-none-eabi/12.2.1/thumb/v7e-m+fp/softfp\libgcc.a
LOAD c:/siliconlabs/simplicitystudio/v5/developer/toolchains/gnu_arm/12.2.rel1_2023.7/bin/../lib/gcc/arm-none-eabi/12.2.1/thumb/v7e-m+fp/softfp\libg_nano.a
LOAD c:/siliconlabs/simplicitystudio/v5/developer/toolchains/gnu_arm/12.2.rel1_2023.7/bin/../lib/gcc/arm-none-eabi/12.2.1/thumb/v7e-m+fp/softfp\libc_nano.a
END GROUP
START GROUP
LOAD c:/siliconlabs/simplicitystudio/v5/developer/toolchains/gnu_arm/12.2.rel1_2023.7/bin/../lib/gcc/arm-none-eabi/12.2.1/thumb/v7e-m+fp/softfp\libgcc.a
LOAD c:/siliconlabs/simplicitystudio/v5/developer/toolchains/gnu_arm/12.2.rel1_2023.7/bin/../lib/gcc/arm-none-eabi/12.2.1/thumb/v7e-m+fp/softfp\libc_nano.a
END GROUP
LOAD c:/siliconlabs/simplicitystudio/v5/developer/toolchains/gnu_arm/12.2.rel1_2023.7/bin/../lib/gcc/arm-none-eabi/12.2.1/thumb/v7e-m+fp/softfp/crtend.o
LOAD c:/siliconlabs/simplicitystudio/v5/developer/toolchains/gnu_arm/12.2.rel1_2023.7/bin/../lib/gcc/arm-none-eabi/12.2.1/thumb/v7e-m+fp/softfp/crtn.o

.text           0x08202000    0x1228b
 *(.isr_vector)
 .isr_vector    0x08202000      0x16c ./wiseconnect3_sdk_3.4.1/components/device/silabs/si91x/mcu/core/chip/src/startup_si91x.o
                0x08202000                __Vectors
                0x08202180                . = ALIGN (0x20)
 *fill*         0x0820216c       0x14 
 *(EXCLUDE_FILE(*tasks.o *UDMA.o) .text*)
 .text.deregister_tm_clones
                0x08202180       0x1c c:/siliconlabs/simplicitystudio/v5/developer/toolchains/gnu_arm/12.2.rel1_2023.7/bin/../lib/gcc/arm-none-eabi/12.2.1/thumb/v7e-m+fp/softfp/crtbegin.o
 .text.register_tm_clones
                0x0820219c       0x24 c:/siliconlabs/simplicitystudio/v5/developer/toolchains/gnu_arm/12.2.rel1_2023.7/bin/../lib/gcc/arm-none-eabi/12.2.1/thumb/v7e-m+fp/softfp/crtbegin.o
 .text.__do_global_dtors_aux
                0x082021c0       0x28 c:/siliconlabs/simplicitystudio/v5/developer/toolchains/gnu_arm/12.2.rel1_2023.7/bin/../lib/gcc/arm-none-eabi/12.2.1/thumb/v7e-m+fp/softfp/crtbegin.o
 .text.frame_dummy
                0x082021e8       0x24 c:/siliconlabs/simplicitystudio/v5/developer/toolchains/gnu_arm/12.2.rel1_2023.7/bin/../lib/gcc/arm-none-eabi/12.2.1/thumb/v7e-m+fp/softfp/crtbegin.o
 .text.wlan_app_scan_callback_handler
                0x0820220c       0x48 ./app.o
 .text.init_up_net.constprop.0
                0x08202254       0x5c ./app.o
 .text.deinit_net.isra.0
                0x082022b0       0x40 ./app.o
 .text.sleep    0x082022f0        0xc ./app.o
                0x082022f0                sleep
 .text.perform_wifi_scan
                0x082022fc       0x74 ./app.o
                0x082022fc                perform_wifi_scan
 .text.get_rss_scan
                0x08202370       0x84 ./app.o
                0x08202370                get_rss_scan
 .text.mqtt_client_cleanup
                0x082023f4       0x20 ./app.o
                0x082023f4                mqtt_client_cleanup
 .text.mqtt_client_error_event_handler
                0x08202414       0x18 ./app.o
                0x08202414                mqtt_client_error_event_handler
 .text.mqtt_client_event_handler
                0x0820242c       0x70 ./app.o
                0x0820242c                mqtt_client_event_handler
 .text.mqtt_example
                0x0820249c      0x138 ./app.o
                0x0820249c                mqtt_example
 .text.send_mqtt_msg
                0x082025d4       0x80 ./app.o
                0x082025d4                send_mqtt_msg
 .text.application_start
                0x08202654       0x84 ./app.o
 .text.app_init
                0x082026d8       0x14 ./app.o
                0x082026d8                app_init
 .text.startup.main
                0x082026ec       0x12 ./main.o
                0x082026ec                main
 .text.sl_platform_init
                0x082026fe       0x22 ./autogen/sl_event_handler.o
                0x082026fe                sl_platform_init
 .text.sl_kernel_start
                0x08202720        0x4 ./autogen/sl_event_handler.o
                0x08202720                sl_kernel_start
 .text.sl_driver_init
                0x08202724        0x2 ./autogen/sl_event_handler.o
                0x08202724                sl_driver_init
 .text.sl_service_init
                0x08202726        0x2 ./autogen/sl_event_handler.o
                0x08202726                sl_service_init
 .text.sl_stack_init
                0x08202728        0x2 ./autogen/sl_event_handler.o
                0x08202728                sl_stack_init
 .text.sl_internal_app_init
                0x0820272a        0x2 ./autogen/sl_event_handler.o
                0x0820272a                sl_internal_app_init
 .text.CORE_EnterCritical
                0x0820272c        0x8 ./simplicity_sdk_2024.12.1/platform/common/src/sl_core_cortexm.o
                0x0820272c                CORE_EnterCritical
 .text.CORE_ExitCritical
                0x08202734        0xa ./simplicity_sdk_2024.12.1/platform/common/src/sl_core_cortexm.o
                0x08202734                CORE_ExitCritical
 .text.CORE_EnterAtomic
                0x0820273e        0xc ./simplicity_sdk_2024.12.1/platform/common/src/sl_core_cortexm.o
                0x0820273e                CORE_EnterAtomic
 .text.CORE_ExitAtomic
                0x0820274a        0xa ./simplicity_sdk_2024.12.1/platform/common/src/sl_core_cortexm.o
                0x0820274a                CORE_ExitAtomic
 .text.sl_slist_init
                0x08202754        0x6 ./simplicity_sdk_2024.12.1/platform/common/src/sl_slist.o
                0x08202754                sl_slist_init
 .text.sl_slist_push
                0x0820275a        0x8 ./simplicity_sdk_2024.12.1/platform/common/src/sl_slist.o
                0x0820275a                sl_slist_push
 .text.sl_slist_pop
                0x08202762       0x10 ./simplicity_sdk_2024.12.1/platform/common/src/sl_slist.o
                0x08202762                sl_slist_pop
 .text.sl_slist_remove
                0x08202772       0x18 ./simplicity_sdk_2024.12.1/platform/common/src/sl_slist.o
                0x08202772                sl_slist_remove
 .text.sl_strnlen
                0x0820278a       0x16 ./simplicity_sdk_2024.12.1/platform/common/src/sl_string.o
                0x0820278a                sl_strnlen
 .text.sli_osTaskRegisterNew
                0x082027a0       0x1c ./simplicity_sdk_2024.12.1/platform/common/src/sli_cmsis_os2_ext_task_register.o
                0x082027a0                sli_osTaskRegisterNew
 .text.sli_osTaskRegisterSetValue
                0x082027bc        0xa ./simplicity_sdk_2024.12.1/platform/common/src/sli_cmsis_os2_ext_task_register.o
                0x082027bc                sli_osTaskRegisterSetValue
 .text.sli_mem_pool_create
                0x082027c6       0x3c ./simplicity_sdk_2024.12.1/platform/service/mem_pool/src/sl_mem_pool.o
                0x082027c6                sli_mem_pool_create
 .text.sli_mem_pool_alloc
                0x08202802       0x24 ./simplicity_sdk_2024.12.1/platform/service/mem_pool/src/sl_mem_pool.o
                0x08202802                sli_mem_pool_alloc
 .text.sli_mem_pool_free
                0x08202826       0x18 ./simplicity_sdk_2024.12.1/platform/service/mem_pool/src/sl_mem_pool.o
                0x08202826                sli_mem_pool_free
 .text.sl_system_init
                0x0820283e       0x1a ./simplicity_sdk_2024.12.1/platform/service/system/src/sl_system_init.o
                0x0820283e                sl_system_init
 .text.sl_system_kernel_start
                0x08202858        0x4 ./simplicity_sdk_2024.12.1/platform/service/system/src/sl_system_kernel.o
                0x08202858                sl_system_kernel_start
 .text.SysTick_Handler
                0x0820285c       0x1a ./simplicity_sdk_2024.12.1/util/third_party/freertos/cmsis/Source/cmsis_os2.o
                0x0820285c                SysTick_Handler
 *fill*         0x08202876        0x2 
 .text.osKernelInitialize
                0x08202878       0x34 ./simplicity_sdk_2024.12.1/util/third_party/freertos/cmsis/Source/cmsis_os2.o
                0x08202878                osKernelInitialize
 .text.osKernelGetState
                0x082028ac       0x20 ./simplicity_sdk_2024.12.1/util/third_party/freertos/cmsis/Source/cmsis_os2.o
                0x082028ac                osKernelGetState
 .text.osKernelStart
                0x082028cc       0x48 ./simplicity_sdk_2024.12.1/util/third_party/freertos/cmsis/Source/cmsis_os2.o
                0x082028cc                osKernelStart
 .text.osKernelGetTickCount
                0x08202914       0x28 ./simplicity_sdk_2024.12.1/util/third_party/freertos/cmsis/Source/cmsis_os2.o
                0x08202914                osKernelGetTickCount
 .text.osThreadNew
                0x0820293c       0xa8 ./simplicity_sdk_2024.12.1/util/third_party/freertos/cmsis/Source/cmsis_os2.o
                0x0820293c                osThreadNew
 .text.osThreadGetId
                0x082029e4        0x4 ./simplicity_sdk_2024.12.1/util/third_party/freertos/cmsis/Source/cmsis_os2.o
                0x082029e4                osThreadGetId
 .text.osThreadYield
                0x082029e8       0x3c ./simplicity_sdk_2024.12.1/util/third_party/freertos/cmsis/Source/cmsis_os2.o
                0x082029e8                osThreadYield
 .text.osThreadTerminate
                0x08202a24       0x4c ./simplicity_sdk_2024.12.1/util/third_party/freertos/cmsis/Source/cmsis_os2.o
                0x08202a24                osThreadTerminate
 .text.osDelay  0x08202a70       0x30 ./simplicity_sdk_2024.12.1/util/third_party/freertos/cmsis/Source/cmsis_os2.o
                0x08202a70                osDelay
 .text.osEventFlagsNew
                0x08202aa0       0x3c ./simplicity_sdk_2024.12.1/util/third_party/freertos/cmsis/Source/cmsis_os2.o
                0x08202aa0                osEventFlagsNew
 .text.osEventFlagsSet
                0x08202adc       0x70 ./simplicity_sdk_2024.12.1/util/third_party/freertos/cmsis/Source/cmsis_os2.o
                0x08202adc                osEventFlagsSet
 .text.osEventFlagsClear
                0x08202b4c       0x5c ./simplicity_sdk_2024.12.1/util/third_party/freertos/cmsis/Source/cmsis_os2.o
                0x08202b4c                osEventFlagsClear
 .text.osEventFlagsWait
                0x08202ba8       0x70 ./simplicity_sdk_2024.12.1/util/third_party/freertos/cmsis/Source/cmsis_os2.o
                0x08202ba8                osEventFlagsWait
 .text.osEventFlagsDelete
                0x08202c18       0x38 ./simplicity_sdk_2024.12.1/util/third_party/freertos/cmsis/Source/cmsis_os2.o
                0x08202c18                osEventFlagsDelete
 .text.osMutexNew
                0x08202c50       0x94 ./simplicity_sdk_2024.12.1/util/third_party/freertos/cmsis/Source/cmsis_os2.o
                0x08202c50                osMutexNew
 .text.osMutexAcquire
                0x08202ce4       0x60 ./simplicity_sdk_2024.12.1/util/third_party/freertos/cmsis/Source/cmsis_os2.o
                0x08202ce4                osMutexAcquire
 .text.osMutexRelease
                0x08202d44       0x58 ./simplicity_sdk_2024.12.1/util/third_party/freertos/cmsis/Source/cmsis_os2.o
                0x08202d44                osMutexRelease
 .text.osMutexDelete
                0x08202d9c       0x48 ./simplicity_sdk_2024.12.1/util/third_party/freertos/cmsis/Source/cmsis_os2.o
                0x08202d9c                osMutexDelete
 .text.vApplicationGetIdleTaskMemory
                0x08202de4       0x18 ./simplicity_sdk_2024.12.1/util/third_party/freertos/cmsis/Source/cmsis_os2.o
                0x08202de4                vApplicationGetIdleTaskMemory
 .text.vApplicationGetTimerTaskMemory
                0x08202dfc       0x18 ./simplicity_sdk_2024.12.1/util/third_party/freertos/cmsis/Source/cmsis_os2.o
                0x08202dfc                vApplicationGetTimerTaskMemory
 .text.xEventGroupCreateStatic
                0x08202e14       0x48 ./simplicity_sdk_2024.12.1/util/third_party/freertos/kernel/event_groups.o
                0x08202e14                xEventGroupCreateStatic
 .text.xEventGroupCreate
                0x08202e5c       0x1c ./simplicity_sdk_2024.12.1/util/third_party/freertos/kernel/event_groups.o
                0x08202e5c                xEventGroupCreate
 .text.xEventGroupWaitBits
                0x08202e78      0x130 ./simplicity_sdk_2024.12.1/util/third_party/freertos/kernel/event_groups.o
                0x08202e78                xEventGroupWaitBits
 .text.xEventGroupClearBits
                0x08202fa8       0x46 ./simplicity_sdk_2024.12.1/util/third_party/freertos/kernel/event_groups.o
                0x08202fa8                xEventGroupClearBits
 .text.vEventGroupClearBitsCallback
                0x08202fee        0x4 ./simplicity_sdk_2024.12.1/util/third_party/freertos/kernel/event_groups.o
                0x08202fee                vEventGroupClearBitsCallback
 *fill*         0x08202ff2        0x2 
 .text.xEventGroupClearBitsFromISR
                0x08202ff4       0x10 ./simplicity_sdk_2024.12.1/util/third_party/freertos/kernel/event_groups.o
                0x08202ff4                xEventGroupClearBitsFromISR
 .text.xEventGroupGetBitsFromISR
                0x08203004       0x1c ./simplicity_sdk_2024.12.1/util/third_party/freertos/kernel/event_groups.o
                0x08203004                xEventGroupGetBitsFromISR
 .text.xEventGroupSetBits
                0x08203020       0x88 ./simplicity_sdk_2024.12.1/util/third_party/freertos/kernel/event_groups.o
                0x08203020                xEventGroupSetBits
 .text.vEventGroupSetBitsCallback
                0x082030a8        0x4 ./simplicity_sdk_2024.12.1/util/third_party/freertos/kernel/event_groups.o
                0x082030a8                vEventGroupSetBitsCallback
 .text.vEventGroupDelete
                0x082030ac       0x44 ./simplicity_sdk_2024.12.1/util/third_party/freertos/kernel/event_groups.o
                0x082030ac                vEventGroupDelete
 .text.xEventGroupSetBitsFromISR
                0x082030f0       0x10 ./simplicity_sdk_2024.12.1/util/third_party/freertos/kernel/event_groups.o
                0x082030f0                xEventGroupSetBitsFromISR
 .text.vListInitialise
                0x08203100       0x16 ./simplicity_sdk_2024.12.1/util/third_party/freertos/kernel/list.o
                0x08203100                vListInitialise
 .text.vListInitialiseItem
                0x08203116        0x6 ./simplicity_sdk_2024.12.1/util/third_party/freertos/kernel/list.o
                0x08203116                vListInitialiseItem
 .text.vListInsertEnd
                0x0820311c       0x16 ./simplicity_sdk_2024.12.1/util/third_party/freertos/kernel/list.o
                0x0820311c                vListInsertEnd
 .text.vListInsert
                0x08203132       0x2e ./simplicity_sdk_2024.12.1/util/third_party/freertos/kernel/list.o
                0x08203132                vListInsert
 .text.uxListRemove
                0x08203160       0x20 ./simplicity_sdk_2024.12.1/util/third_party/freertos/kernel/list.o
                0x08203160                uxListRemove
 .text.prvIsQueueEmpty
                0x08203180       0x16 ./simplicity_sdk_2024.12.1/util/third_party/freertos/kernel/queue.o
 .text.prvCopyDataToQueue
                0x08203196       0x66 ./simplicity_sdk_2024.12.1/util/third_party/freertos/kernel/queue.o
 .text.prvCopyDataFromQueue
                0x082031fc       0x2c ./simplicity_sdk_2024.12.1/util/third_party/freertos/kernel/queue.o
 .text.prvUnlockQueue
                0x08203228       0x70 ./simplicity_sdk_2024.12.1/util/third_party/freertos/kernel/queue.o
 .text.xQueueGenericReset
                0x08203298       0x7e ./simplicity_sdk_2024.12.1/util/third_party/freertos/kernel/queue.o
                0x08203298                xQueueGenericReset
 .text.xQueueGenericCreate.part.0
                0x08203316       0x7a ./simplicity_sdk_2024.12.1/util/third_party/freertos/kernel/queue.o
 .text.xQueueGenericCreateStatic
                0x08203390       0xa6 ./simplicity_sdk_2024.12.1/util/third_party/freertos/kernel/queue.o
                0x08203390                xQueueGenericCreateStatic
 .text.xQueueGenericSend
                0x08203436      0x178 ./simplicity_sdk_2024.12.1/util/third_party/freertos/kernel/queue.o
                0x08203436                xQueueGenericSend
 .text.xQueueCreateMutexStatic
                0x082035ae       0x2a ./simplicity_sdk_2024.12.1/util/third_party/freertos/kernel/queue.o
                0x082035ae                xQueueCreateMutexStatic
 .text.xQueueGiveMutexRecursive
                0x082035d8       0x3e ./simplicity_sdk_2024.12.1/util/third_party/freertos/kernel/queue.o
                0x082035d8                xQueueGiveMutexRecursive
 .text.xQueueCreateMutex
                0x08203616       0x24 ./simplicity_sdk_2024.12.1/util/third_party/freertos/kernel/queue.o
                0x08203616                xQueueCreateMutex
 .text.xQueueGenericSendFromISR
                0x0820363a       0xd0 ./simplicity_sdk_2024.12.1/util/third_party/freertos/kernel/queue.o
                0x0820363a                xQueueGenericSendFromISR
 .text.xQueueReceive
                0x0820370a      0x13e ./simplicity_sdk_2024.12.1/util/third_party/freertos/kernel/queue.o
                0x0820370a                xQueueReceive
 .text.xQueueSemaphoreTake
                0x08203848      0x17a ./simplicity_sdk_2024.12.1/util/third_party/freertos/kernel/queue.o
                0x08203848                xQueueSemaphoreTake
 .text.xQueueTakeMutexRecursive
                0x082039c2       0x42 ./simplicity_sdk_2024.12.1/util/third_party/freertos/kernel/queue.o
                0x082039c2                xQueueTakeMutexRecursive
 .text.vQueueAddToRegistry
                0x08203a04       0x24 ./simplicity_sdk_2024.12.1/util/third_party/freertos/kernel/queue.o
                0x08203a04                vQueueAddToRegistry
 .text.vQueueUnregisterQueue
                0x08203a28       0x30 ./simplicity_sdk_2024.12.1/util/third_party/freertos/kernel/queue.o
                0x08203a28                vQueueUnregisterQueue
 .text.vQueueDelete
                0x08203a58       0x2a ./simplicity_sdk_2024.12.1/util/third_party/freertos/kernel/queue.o
                0x08203a58                vQueueDelete
 .text.vQueueWaitForMessageRestricted
                0x08203a82       0x46 ./simplicity_sdk_2024.12.1/util/third_party/freertos/kernel/queue.o
                0x08203a82                vQueueWaitForMessageRestricted
 .text.prvInsertTimerInActiveList
                0x08203ac8       0x3c ./simplicity_sdk_2024.12.1/util/third_party/freertos/kernel/timers.o
 .text.prvCheckForValidListAndQueue
                0x08203b04       0x68 ./simplicity_sdk_2024.12.1/util/third_party/freertos/kernel/timers.o
 .text.xTimerCreateTimerTask
                0x08203b6c       0x64 ./simplicity_sdk_2024.12.1/util/third_party/freertos/kernel/timers.o
                0x08203b6c                xTimerCreateTimerTask
 .text.xTimerGenericCommand
                0x08203bd0       0x58 ./simplicity_sdk_2024.12.1/util/third_party/freertos/kernel/timers.o
                0x08203bd0                xTimerGenericCommand
 .text.prvSampleTimeNow
                0x08203c28       0xa4 ./simplicity_sdk_2024.12.1/util/third_party/freertos/kernel/timers.o
 .text.prvTimerTask
                0x08203ccc      0x1cc ./simplicity_sdk_2024.12.1/util/third_party/freertos/kernel/timers.o
 .text.xTimerPendFunctionCallFromISR
                0x08203e98       0x28 ./simplicity_sdk_2024.12.1/util/third_party/freertos/kernel/timers.o
                0x08203e98                xTimerPendFunctionCallFromISR
 .text.prvPortStartFirstTask
                0x08203ec0       0x28 ./simplicity_sdk_2024.12.1/util/third_party/freertos/kernel/portable/GCC/ARM_CM4F/port.o
 .text.vPortEnableVFP
                0x08203ee8       0x14 ./simplicity_sdk_2024.12.1/util/third_party/freertos/kernel/portable/GCC/ARM_CM4F/port.o
 .text.prvTaskExitError
                0x08203efc       0x40 ./simplicity_sdk_2024.12.1/util/third_party/freertos/kernel/portable/GCC/ARM_CM4F/port.o
 .text.pxPortInitialiseStack
                0x08203f3c       0x2c ./simplicity_sdk_2024.12.1/util/third_party/freertos/kernel/portable/GCC/ARM_CM4F/port.o
                0x08203f3c                pxPortInitialiseStack
 *fill*         0x08203f68        0x8 
 .text.SVC_Handler
                0x08203f70       0x24 ./simplicity_sdk_2024.12.1/util/third_party/freertos/kernel/portable/GCC/ARM_CM4F/port.o
                0x08203f70                SVC_Handler
 .text.vPortEnterCritical
                0x08203f94       0x40 ./simplicity_sdk_2024.12.1/util/third_party/freertos/kernel/portable/GCC/ARM_CM4F/port.o
                0x08203f94                vPortEnterCritical
 .text.vPortExitCritical
                0x08203fd4       0x28 ./simplicity_sdk_2024.12.1/util/third_party/freertos/kernel/portable/GCC/ARM_CM4F/port.o
                0x08203fd4                vPortExitCritical
 *fill*         0x08203ffc        0x4 
 .text.PendSV_Handler
                0x08204000       0x64 ./simplicity_sdk_2024.12.1/util/third_party/freertos/kernel/portable/GCC/ARM_CM4F/port.o
                0x08204000                PendSV_Handler
 .text.xPortSysTickHandler
                0x08204064       0x2c ./simplicity_sdk_2024.12.1/util/third_party/freertos/kernel/portable/GCC/ARM_CM4F/port.o
                0x08204064                xPortSysTickHandler
 .text.vPortSetupTimerInterrupt
                0x08204090       0x24 ./simplicity_sdk_2024.12.1/util/third_party/freertos/kernel/portable/GCC/ARM_CM4F/port.o
                0x08204090                vPortSetupTimerInterrupt
 .text.xPortStartScheduler
                0x082040b4      0x10c ./simplicity_sdk_2024.12.1/util/third_party/freertos/kernel/portable/GCC/ARM_CM4F/port.o
                0x082040b4                xPortStartScheduler
 .text.vPortValidateInterruptPriority
                0x082041c0       0x5c ./simplicity_sdk_2024.12.1/util/third_party/freertos/kernel/portable/GCC/ARM_CM4F/port.o
                0x082041c0                vPortValidateInterruptPriority
 .text.prvInsertBlockIntoFreeList
                0x0820421c       0x50 ./simplicity_sdk_2024.12.1/util/third_party/freertos/kernel/portable/MemMang/heap_4.o
 .text.pvPortMalloc
                0x0820426c      0x134 ./simplicity_sdk_2024.12.1/util/third_party/freertos/kernel/portable/MemMang/heap_4.o
                0x0820426c                pvPortMalloc
 .text.vPortFree
                0x082043a0       0x7c ./simplicity_sdk_2024.12.1/util/third_party/freertos/kernel/portable/MemMang/heap_4.o
                0x082043a0                vPortFree
 .text.RSI_Board_Init
                0x0820441c       0x5c ./wiseconnect3_sdk_3.4.1/components/board/silabs/src/rsi_board.o
                0x0820441c                RSI_Board_Init
 .text.sl_redirect_log
                0x08204478        0x6 ./wiseconnect3_sdk_3.4.1/components/common/src/sl_utility.o
                0x08204478                sl_redirect_log
 *fill*         0x0820447e        0x2 
 .text.init_ipmu_calib_data
                0x08204480       0x54 ./wiseconnect3_sdk_3.4.1/components/device/silabs/si91x/mcu/core/chip/src/iPMU_prog/iPMU_dotc/ipmu_apis.o
                0x08204480                init_ipmu_calib_data
 .text.program_ipmu_data
                0x082044d4       0x54 ./wiseconnect3_sdk_3.4.1/components/device/silabs/si91x/mcu/core/chip/src/iPMU_prog/iPMU_dotc/ipmu_apis.o
                0x082044d4                program_ipmu_data
 .text.ipmu_init_mcu
                0x08204528       0x94 ./wiseconnect3_sdk_3.4.1/components/device/silabs/si91x/mcu/core/chip/src/iPMU_prog/iPMU_dotc/ipmu_apis.o
                0x08204528                ipmu_init_mcu
 .text.ipmu_init
                0x082045bc       0xa8 ./wiseconnect3_sdk_3.4.1/components/device/silabs/si91x/mcu/core/chip/src/iPMU_prog/iPMU_dotc/ipmu_apis.o
                0x082045bc                ipmu_init
 .text.configure_ipmu_mode
                0x08204664       0x38 ./wiseconnect3_sdk_3.4.1/components/device/silabs/si91x/mcu/core/chip/src/iPMU_prog/iPMU_dotc/ipmu_apis.o
                0x08204664                configure_ipmu_mode
 .text.RSI_PS_RestoreCpuContext
                0x0820469c       0x34 ./wiseconnect3_sdk_3.4.1/components/device/silabs/si91x/mcu/core/chip/src/rsi_deepsleep_soc.o
                0x0820469c                RSI_PS_RestoreCpuContext
 .text.RSI_Set_Cntrls_To_M4
                0x082046d0       0x50 ./wiseconnect3_sdk_3.4.1/components/device/silabs/si91x/mcu/core/chip/src/rsi_deepsleep_soc.o
                0x082046d0                RSI_Set_Cntrls_To_M4
 .text.Default_Handler
                0x08204720        0x2 ./wiseconnect3_sdk_3.4.1/components/device/silabs/si91x/mcu/core/chip/src/startup_si91x.o
                0x08204720                DebugMon_Handler
                0x08204720                IRQ031_Handler
                0x08204720                HardFault_Handler
                0x08204720                IRQ058_Handler
                0x08204720                IRQ095_Handler
                0x08204720                IRQ065_Handler
                0x08204720                IRQ019_Handler
                0x08204720                IRQ056_Handler
                0x08204720                IRQ093_Handler
                0x08204720                NMI_Handler
                0x08204720                IRQ014_Handler
                0x08204720                IRQ051_Handler
                0x08204720                IRQ027_Handler
                0x08204720                IRQ062_Handler
                0x08204720                IRQ097_Handler
                0x08204720                IRQ088_Handler
                0x08204720                IRQ034_Handler
                0x08204720                IRQ071_Handler
                0x08204720                IRQ067_Handler
                0x08204720                IRQ070_Handler
                0x08204720                IRQ077_Handler
                0x08204720                IRQ028_Handler
                0x08204720                IRQ063_Handler
                0x08204720                IRQ076_Handler
                0x08204720                UsageFault_Handler
                0x08204720                IRQ023_Handler
                0x08204720                IRQ009_Handler
                0x08204720                IRQ048_Handler
                0x08204720                IRQ083_Handler
                0x08204720                IRQ089_Handler
                0x08204720                HIF1_IRQHandler
                0x08204720                IRQ037_Handler
                0x08204720                IRQ072_Handler
                0x08204720                IRQ021_Handler
                0x08204720                IRQ008_Handler
                0x08204720                IRQ047_Handler
                0x08204720                IRQ082_Handler
                0x08204720                IRQ022_Handler
                0x08204720                IRQ007_Handler
                0x08204720                IRQ046_Handler
                0x08204720                IRQ081_Handler
                0x08204720                IRQ004_Handler
                0x08204720                IRQ043_Handler
                0x08204720                IRQ002_Handler
                0x08204720                IRQ041_Handler
                0x08204720                IRQ098_Handler
                0x08204720                IRQ000_Handler
                0x08204720                IRQ005_Handler
                0x08204720                IRQ044_Handler
                0x08204720                IRQ049_Handler
                0x08204720                IRQ084_Handler
                0x08204720                IRQ006_Handler
                0x08204720                IRQ045_Handler
                0x08204720                IRQ080_Handler
                0x08204720                IRQ015_Handler
                0x08204720                IRQ052_Handler
                0x08204720                MemManage_Handler
                0x08204720                HIF2_IRQHandler
                0x08204720                IRQ001_Handler
                0x08204720                IRQ040_Handler
                0x08204720                IRQ068_Handler
                0x08204720                IRQ059_Handler
                0x08204720                IRQ096_Handler
                0x08204720                IRQ003_Handler
                0x08204720                IRQ042_Handler
                0x08204720                IRQ024_Handler
                0x08204720                IRQ016_Handler
                0x08204720                IRQ053_Handler
                0x08204720                IRQ090_Handler
                0x08204720                IRQ078_Handler
                0x08204720                IRQ032_Handler
                0x08204720                IRQ020_Handler
                0x08204720                IRQ073_Handler
                0x08204720                IRQ018_Handler
                0x08204720                IRQ055_Handler
                0x08204720                IRQ092_Handler
                0x08204720                IRQ087_Handler
                0x08204720                IRQ026_Handler
                0x08204720                IRQ061_Handler
                0x08204720                IRQ025_Handler
                0x08204720                IRQ060_Handler
                0x08204720                IRQ085_Handler
                0x08204720                IRQ013_Handler
                0x08204720                IRQ050_Handler
                0x08204720                IRQ030_Handler
                0x08204720                IRQ029_Handler
                0x08204720                IRQ064_Handler
                0x08204720                IRQ066_Handler
                0x08204720                IRQ017_Handler
                0x08204720                IRQ054_Handler
                0x08204720                IRQ091_Handler
                0x08204720                BusFault_Handler
                0x08204720                IRQ069_Handler
                0x08204720                IRQ075_Handler
                0x08204720                IRQ086_Handler
                0x08204720                IRQ057_Handler
                0x08204720                IRQ094_Handler
                0x08204720                IRQ079_Handler
 .text.Default_Reset_Handler
                0x08204722        0x2 ./wiseconnect3_sdk_3.4.1/components/device/silabs/si91x/mcu/core/chip/src/startup_si91x.o
                0x08204722                Default_Reset_Handler
                0x08204722                Reset_Handler
 .text.Copy_Table
                0x08204724       0x24 ./wiseconnect3_sdk_3.4.1/components/device/silabs/si91x/mcu/core/chip/src/startup_si91x.o
                0x08204724                Copy_Table
 .text.Zero_Table
                0x08204748       0x24 ./wiseconnect3_sdk_3.4.1/components/device/silabs/si91x/mcu/core/chip/src/startup_si91x.o
                0x08204748                Zero_Table
 .text.RSI_Default_Reset_Handler
                0x0820476c       0x16 ./wiseconnect3_sdk_3.4.1/components/device/silabs/si91x/mcu/core/chip/src/startup_si91x.o
                0x0820476c                RSI_Default_Reset_Handler
 *fill*         0x08204782        0x2 
 .text.SystemCoreClockUpdate
                0x08204784      0x128 ./wiseconnect3_sdk_3.4.1/components/device/silabs/si91x/mcu/core/chip/src/system_si91x.o
                0x08204784                SystemCoreClockUpdate
 .text.fpuInit  0x082048ac       0x44 ./wiseconnect3_sdk_3.4.1/components/device/silabs/si91x/mcu/core/chip/src/system_si91x.o
                0x082048ac                fpuInit
 .text.SystemInit
                0x082048f0       0xe4 ./wiseconnect3_sdk_3.4.1/components/device/silabs/si91x/mcu/core/chip/src/system_si91x.o
                0x082048f0                SystemInit
 .text.ARM_UART_SignalEvent
                0x082049d4       0x24 ./wiseconnect3_sdk_3.4.1/components/device/silabs/si91x/mcu/core/common/src/rsi_debug.o
                0x082049d4                ARM_UART_SignalEvent
 .text.Board_Debug_Init
                0x082049f8       0x5c ./wiseconnect3_sdk_3.4.1/components/device/silabs/si91x/mcu/core/common/src/rsi_debug.o
                0x082049f8                Board_Debug_Init
 .text.Board_UARTGetChar
                0x08204a54       0x30 ./wiseconnect3_sdk_3.4.1/components/device/silabs/si91x/mcu/core/common/src/rsi_debug.o
                0x08204a54                Board_UARTGetChar
 .text.Board_UARTPutChar
                0x08204a84       0x30 ./wiseconnect3_sdk_3.4.1/components/device/silabs/si91x/mcu/core/common/src/rsi_debug.o
                0x08204a84                Board_UARTPutChar
 .text.read_exclude_space
                0x08204ab4       0x20 ./wiseconnect3_sdk_3.4.1/components/device/silabs/si91x/mcu/core/common/src/syscalls.o
 .text._getpid  0x08204ad4        0x4 ./wiseconnect3_sdk_3.4.1/components/device/silabs/si91x/mcu/core/common/src/syscalls.o
                0x08204ad4                _getpid
 .text._kill    0x08204ad8       0x10 ./wiseconnect3_sdk_3.4.1/components/device/silabs/si91x/mcu/core/common/src/syscalls.o
                0x08204ad8                _kill
 .text._exit    0x08204ae8        0xc ./wiseconnect3_sdk_3.4.1/components/device/silabs/si91x/mcu/core/common/src/syscalls.o
                0x08204ae8                _exit
 .text._write   0x08204af4       0x44 ./wiseconnect3_sdk_3.4.1/components/device/silabs/si91x/mcu/core/common/src/syscalls.o
                0x08204af4                _write
 .text._close   0x08204b38        0x6 ./wiseconnect3_sdk_3.4.1/components/device/silabs/si91x/mcu/core/common/src/syscalls.o
                0x08204b38                _close
 .text._fstat   0x08204b3e        0xa ./wiseconnect3_sdk_3.4.1/components/device/silabs/si91x/mcu/core/common/src/syscalls.o
                0x08204b3e                _fstat
 .text._isatty  0x08204b48        0x4 ./wiseconnect3_sdk_3.4.1/components/device/silabs/si91x/mcu/core/common/src/syscalls.o
                0x08204b48                _isatty
 .text._lseek   0x08204b4c        0x4 ./wiseconnect3_sdk_3.4.1/components/device/silabs/si91x/mcu/core/common/src/syscalls.o
                0x08204b4c                _lseek
 .text._read    0x08204b50      0x30c ./wiseconnect3_sdk_3.4.1/components/device/silabs/si91x/mcu/core/common/src/syscalls.o
                0x08204b50                _read
 .text.sl_si91x_device_init_nvic
                0x08204e5c       0x18 ./wiseconnect3_sdk_3.4.1/components/device/silabs/si91x/mcu/core/config/src/rsi_nvic_priorities_config.o
                0x08204e5c                sl_si91x_device_init_nvic
 .text.ARM_USARTx_GetVersion
                0x08204e74       0x20 ./wiseconnect3_sdk_3.4.1/components/device/silabs/si91x/mcu/drivers/cmsis_driver/USART.o
                0x08204e74                ARM_USARTx_GetVersion
 .text.ARM_ULP_UART_GetCapabilities
                0x08204e94        0xc ./wiseconnect3_sdk_3.4.1/components/device/silabs/si91x/mcu/drivers/cmsis_driver/USART.o
 .text.ARM_ULP_UART_GetModemStatus
                0x08204ea0        0xc ./wiseconnect3_sdk_3.4.1/components/device/silabs/si91x/mcu/drivers/cmsis_driver/USART.o
 .text.ARM_ULP_UART_SetModemControl
                0x08204eac        0xc ./wiseconnect3_sdk_3.4.1/components/device/silabs/si91x/mcu/drivers/cmsis_driver/USART.o
 .text.ARM_ULP_UART_GetStatus
                0x08204eb8        0xc ./wiseconnect3_sdk_3.4.1/components/device/silabs/si91x/mcu/drivers/cmsis_driver/USART.o
 .text.ARM_ULP_UART_Control
                0x08204ec4       0x34 ./wiseconnect3_sdk_3.4.1/components/device/silabs/si91x/mcu/drivers/cmsis_driver/USART.o
 .text.ARM_ULP_UART_GetRxCount
                0x08204ef8        0xc ./wiseconnect3_sdk_3.4.1/components/device/silabs/si91x/mcu/drivers/cmsis_driver/USART.o
 .text.ARM_ULP_UART_GetTxCount
                0x08204f04        0xc ./wiseconnect3_sdk_3.4.1/components/device/silabs/si91x/mcu/drivers/cmsis_driver/USART.o
 .text.ARM_ULP_UART_Transfer
                0x08204f10       0x54 ./wiseconnect3_sdk_3.4.1/components/device/silabs/si91x/mcu/drivers/cmsis_driver/USART.o
 .text.ARM_ULP_UART_Receive
                0x08204f64       0x48 ./wiseconnect3_sdk_3.4.1/components/device/silabs/si91x/mcu/drivers/cmsis_driver/USART.o
 .text.ARM_ULP_UART_Send
                0x08204fac       0x48 ./wiseconnect3_sdk_3.4.1/components/device/silabs/si91x/mcu/drivers/cmsis_driver/USART.o
 .text.ARM_ULP_UART_PowerControl
                0x08204ff4       0x18 ./wiseconnect3_sdk_3.4.1/components/device/silabs/si91x/mcu/drivers/cmsis_driver/USART.o
 .text.ARM_ULP_UART_Uninitialize
                0x0820500c       0x1c ./wiseconnect3_sdk_3.4.1/components/device/silabs/si91x/mcu/drivers/cmsis_driver/USART.o
 .text.ARM_ULP_UART_Initialize
                0x08205028       0x30 ./wiseconnect3_sdk_3.4.1/components/device/silabs/si91x/mcu/drivers/cmsis_driver/USART.o
 .text.IRQ038_Handler
                0x08205058        0xc ./wiseconnect3_sdk_3.4.1/components/device/silabs/si91x/mcu/drivers/cmsis_driver/USART.o
                0x08205058                IRQ038_Handler
 .text.IRQ039_Handler
                0x08205064        0xc ./wiseconnect3_sdk_3.4.1/components/device/silabs/si91x/mcu/drivers/cmsis_driver/USART.o
                0x08205064                IRQ039_Handler
 .text.IRQ012_Handler
                0x08205070        0xc ./wiseconnect3_sdk_3.4.1/components/device/silabs/si91x/mcu/drivers/cmsis_driver/USART.o
                0x08205070                IRQ012_Handler
 .text.RSI_ULPUartHandler
                0x0820507c        0x4 ./wiseconnect3_sdk_3.4.1/components/device/silabs/si91x/mcu/drivers/cmsis_driver/USART.o
                0x0820507c                RSI_ULPUartHandler
 .text.RSI_AUX_RefVoltageConfig
                0x08205080       0xe8 ./wiseconnect3_sdk_3.4.1/components/device/silabs/si91x/mcu/drivers/peripheral_drivers/src/aux_reference_volt_config.o
                0x08205080                RSI_AUX_RefVoltageConfig
 .text.RSI_CLK_GetBaseClock
                0x08205168      0x50c ./wiseconnect3_sdk_3.4.1/components/device/silabs/si91x/mcu/drivers/peripheral_drivers/src/clock_update.o
                0x08205168                RSI_CLK_GetBaseClock
 .text.RSI_EGPIO_HostPadsGpioModeDisable
                0x08205674       0x10 ./wiseconnect3_sdk_3.4.1/components/device/silabs/si91x/mcu/drivers/peripheral_drivers/src/rsi_adc.o
 .text.RSI_EGPIO_PadReceiverDisable
                0x08205684       0x10 ./wiseconnect3_sdk_3.4.1/components/device/silabs/si91x/mcu/drivers/peripheral_drivers/src/rsi_adc.o
 .text.RSI_EGPIO_UlpPadReceiverDisable
                0x08205694       0x10 ./wiseconnect3_sdk_3.4.1/components/device/silabs/si91x/mcu/drivers/peripheral_drivers/src/rsi_adc.o
 .text.ADC_DMA_Transfer_Complete
                0x082056a4       0x10 ./wiseconnect3_sdk_3.4.1/components/device/silabs/si91x/mcu/drivers/peripheral_drivers/src/rsi_adc.o
                0x082056a4                ADC_DMA_Transfer_Complete
 .text.ADC_DMA_Error_Callback
                0x082056b4        0x4 ./wiseconnect3_sdk_3.4.1/components/device/silabs/si91x/mcu/drivers/peripheral_drivers/src/rsi_adc.o
                0x082056b4                ADC_DMA_Error_Callback
 .text.RSI_EGPIO_SetPinMux.constprop.0
                0x082056b8       0x1c ./wiseconnect3_sdk_3.4.1/components/device/silabs/si91x/mcu/drivers/peripheral_drivers/src/rsi_adc.o
 .text.RSI_ULPSS_AuxClkConfig.constprop.0.isra.0
                0x082056d4       0x18 ./wiseconnect3_sdk_3.4.1/components/device/silabs/si91x/mcu/drivers/peripheral_drivers/src/rsi_adc.o
 .text.ADC_Start
                0x082056ec       0x50 ./wiseconnect3_sdk_3.4.1/components/device/silabs/si91x/mcu/drivers/peripheral_drivers/src/rsi_adc.o
                0x082056ec                ADC_Start
 .text.cal_adc_channel_offset
                0x0820573c       0xa4 ./wiseconnect3_sdk_3.4.1/components/device/silabs/si91x/mcu/drivers/peripheral_drivers/src/rsi_adc.o
                0x0820573c                cal_adc_channel_offset
 .text.check_power_two
                0x082057e0       0x12 ./wiseconnect3_sdk_3.4.1/components/device/silabs/si91x/mcu/drivers/peripheral_drivers/src/rsi_adc.o
                0x082057e0                check_power_two
 .text.roundupto_pwr2
                0x082057f2       0x1e ./wiseconnect3_sdk_3.4.1/components/device/silabs/si91x/mcu/drivers/peripheral_drivers/src/rsi_adc.o
                0x082057f2                roundupto_pwr2
 .text.max_sample_rate_achive
                0x08205810       0x30 ./wiseconnect3_sdk_3.4.1/components/device/silabs/si91x/mcu/drivers/peripheral_drivers/src/rsi_adc.o
                0x08205810                max_sample_rate_achive
 .text.get_min_sampling_time
                0x08205840      0x2a0 ./wiseconnect3_sdk_3.4.1/components/device/silabs/si91x/mcu/drivers/peripheral_drivers/src/rsi_adc.o
                0x08205840                get_min_sampling_time
 .text.ADC_PinMux
                0x08205ae0      0x39c ./wiseconnect3_sdk_3.4.1/components/device/silabs/si91x/mcu/drivers/peripheral_drivers/src/rsi_adc.o
                0x08205ae0                ADC_PinMux
 .text.RSI_ADC_PingPongMemoryAdrConfig
                0x08205e7c       0xd4 ./wiseconnect3_sdk_3.4.1/components/device/silabs/si91x/mcu/drivers/peripheral_drivers/src/rsi_adc.o
                0x08205e7c                RSI_ADC_PingPongMemoryAdrConfig
 .text.RSI_ADC_PingPongReInit
                0x08205f50       0x60 ./wiseconnect3_sdk_3.4.1/components/device/silabs/si91x/mcu/drivers/peripheral_drivers/src/rsi_adc.o
                0x08205f50                RSI_ADC_PingPongReInit
 .text.RSI_ADC_Calibration
                0x08205fb0       0xb8 ./wiseconnect3_sdk_3.4.1/components/device/silabs/si91x/mcu/drivers/peripheral_drivers/src/rsi_adc.o
                0x08205fb0                RSI_ADC_Calibration
 .text.RSI_ADC_PingpongEnable
                0x08206068       0x28 ./wiseconnect3_sdk_3.4.1/components/device/silabs/si91x/mcu/drivers/peripheral_drivers/src/rsi_adc.o
                0x08206068                RSI_ADC_PingpongEnable
 .text.RSI_ADC_InternalPerChnlDmaEnable
                0x08206090       0x2a ./wiseconnect3_sdk_3.4.1/components/device/silabs/si91x/mcu/drivers/peripheral_drivers/src/rsi_adc.o
                0x08206090                RSI_ADC_InternalPerChnlDmaEnable
 .text.RSI_ADC_ChannelConfig
                0x082060ba       0x68 ./wiseconnect3_sdk_3.4.1/components/device/silabs/si91x/mcu/drivers/peripheral_drivers/src/rsi_adc.o
                0x082060ba                RSI_ADC_ChannelConfig
 *fill*         0x08206122        0x2 
 .text.RSI_ADC_Stop
                0x08206124       0x2c ./wiseconnect3_sdk_3.4.1/components/device/silabs/si91x/mcu/drivers/peripheral_drivers/src/rsi_adc.o
                0x08206124                RSI_ADC_Stop
 .text.ADC_Stop
                0x08206150       0x10 ./wiseconnect3_sdk_3.4.1/components/device/silabs/si91x/mcu/drivers/peripheral_drivers/src/rsi_adc.o
                0x08206150                ADC_Stop
 .text.RSI_ADC_ChnlEnable
                0x08206160       0x40 ./wiseconnect3_sdk_3.4.1/components/device/silabs/si91x/mcu/drivers/peripheral_drivers/src/rsi_adc.o
                0x08206160                RSI_ADC_ChnlEnable
 .text.RSI_ADC_ClkDivfactor
                0x082061a0       0x34 ./wiseconnect3_sdk_3.4.1/components/device/silabs/si91x/mcu/drivers/peripheral_drivers/src/rsi_adc.o
                0x082061a0                RSI_ADC_ClkDivfactor
 .text.RSI_ADC_ChnlIntrUnMask
                0x082061d4       0x58 ./wiseconnect3_sdk_3.4.1/components/device/silabs/si91x/mcu/drivers/peripheral_drivers/src/rsi_adc.o
                0x082061d4                RSI_ADC_ChnlIntrUnMask
 .text.RSI_ADC_ChnlIntrClr
                0x0820622c       0x36 ./wiseconnect3_sdk_3.4.1/components/device/silabs/si91x/mcu/drivers/peripheral_drivers/src/rsi_adc.o
                0x0820622c                RSI_ADC_ChnlIntrClr
 *fill*         0x08206262        0x2 
 .text.RSI_ADC_PowerControl
                0x08206264       0x64 ./wiseconnect3_sdk_3.4.1/components/device/silabs/si91x/mcu/drivers/peripheral_drivers/src/rsi_adc.o
                0x08206264                RSI_ADC_PowerControl
 .text.ADC_Init
                0x082062c8      0x1a8 ./wiseconnect3_sdk_3.4.1/components/device/silabs/si91x/mcu/drivers/peripheral_drivers/src/rsi_adc.o
                0x082062c8                ADC_Init
 .text.ADC_Per_Channel_Init
                0x08206470      0x1a0 ./wiseconnect3_sdk_3.4.1/components/device/silabs/si91x/mcu/drivers/peripheral_drivers/src/rsi_adc.o
                0x08206470                ADC_Per_Channel_Init
 .text.ADC_Deinit
                0x08206610       0x3c ./wiseconnect3_sdk_3.4.1/components/device/silabs/si91x/mcu/drivers/peripheral_drivers/src/rsi_adc.o
                0x08206610                ADC_Deinit
 .text.RSI_ADC_NoiseAvgMode
                0x0820664c       0x20 ./wiseconnect3_sdk_3.4.1/components/device/silabs/si91x/mcu/drivers/peripheral_drivers/src/rsi_adc.o
                0x0820664c                RSI_ADC_NoiseAvgMode
 .text.ADC_ChannelConfig
                0x0820666c      0x3c8 ./wiseconnect3_sdk_3.4.1/components/device/silabs/si91x/mcu/drivers/peripheral_drivers/src/rsi_adc.o
                0x0820666c                ADC_ChannelConfig
 .text.ADC_Per_ChannelConfig
                0x08206a34      0x438 ./wiseconnect3_sdk_3.4.1/components/device/silabs/si91x/mcu/drivers/peripheral_drivers/src/rsi_adc.o
                0x08206a34                ADC_Per_ChannelConfig
 .text.RSI_ADC_TempSensorEnable
                0x08206e6c       0x10 ./wiseconnect3_sdk_3.4.1/components/device/silabs/si91x/mcu/drivers/peripheral_drivers/src/rsi_adc.o
                0x08206e6c                RSI_ADC_TempSensorEnable
 .text.RSI_ADC_InterruptHandler
                0x08206e7c       0xf4 ./wiseconnect3_sdk_3.4.1/components/device/silabs/si91x/mcu/drivers/peripheral_drivers/src/rsi_adc.o
                0x08206e7c                RSI_ADC_InterruptHandler
 .text.IRQ011_Handler
                0x08206f70        0xc ./wiseconnect3_sdk_3.4.1/components/device/silabs/si91x/mcu/drivers/peripheral_drivers/src/rsi_adc.o
                0x08206f70                IRQ011_Handler
 .text.RSI_ADC_GainOffsetCal
                0x08206f7c       0x6c ./wiseconnect3_sdk_3.4.1/components/device/silabs/si91x/mcu/drivers/peripheral_drivers/src/rsi_adc.o
                0x08206f7c                RSI_ADC_GainOffsetCal
 .text.RSI_ADC_ReadDataStatic
                0x08206fe8       0x14 ./wiseconnect3_sdk_3.4.1/components/device/silabs/si91x/mcu/drivers/peripheral_drivers/src/rsi_adc.o
                0x08206fe8                RSI_ADC_ReadDataStatic
 .text.RSI_DAC_InterruptMask
                0x08206ffc       0x1e ./wiseconnect3_sdk_3.4.1/components/device/silabs/si91x/mcu/drivers/peripheral_drivers/src/rsi_dac.o
                0x08206ffc                RSI_DAC_InterruptMask
 .text.RSI_OPAMP1_Config
                0x0820701a       0xc6 ./wiseconnect3_sdk_3.4.1/components/device/silabs/si91x/mcu/drivers/peripheral_drivers/src/rsi_opamp.o
                0x0820701a                RSI_OPAMP1_Config
 .text.RSI_EGPIO_SetPinMux
                0x082070e0       0x14 ./wiseconnect3_sdk_3.4.1/components/device/silabs/si91x/mcu/drivers/peripheral_drivers/src/rsi_usart.o
 .text.RSI_EGPIO_HostPadsGpioModeEnable
                0x082070f4       0x10 ./wiseconnect3_sdk_3.4.1/components/device/silabs/si91x/mcu/drivers/peripheral_drivers/src/rsi_usart.o
 .text.RSI_EGPIO_PadSelectionEnable
                0x08207104       0x10 ./wiseconnect3_sdk_3.4.1/components/device/silabs/si91x/mcu/drivers/peripheral_drivers/src/rsi_usart.o
 .text.RSI_EGPIO_PadReceiverEnable
                0x08207114       0x10 ./wiseconnect3_sdk_3.4.1/components/device/silabs/si91x/mcu/drivers/peripheral_drivers/src/rsi_usart.o
 .text.RSI_EGPIO_UlpPadReceiverEnable
                0x08207124       0x10 ./wiseconnect3_sdk_3.4.1/components/device/silabs/si91x/mcu/drivers/peripheral_drivers/src/rsi_usart.o
 .text.UDMAx_ChannelDisable.isra.0
                0x08207134        0xc ./wiseconnect3_sdk_3.4.1/components/device/silabs/si91x/mcu/drivers/peripheral_drivers/src/rsi_usart.o
 .text.UartIrqHandler
                0x08207140      0x200 ./wiseconnect3_sdk_3.4.1/components/device/silabs/si91x/mcu/drivers/peripheral_drivers/src/rsi_usart.o
                0x08207140                UartIrqHandler
 .text.USART_SetBaudrate
                0x08207340       0x50 ./wiseconnect3_sdk_3.4.1/components/device/silabs/si91x/mcu/drivers/peripheral_drivers/src/rsi_usart.o
                0x08207340                USART_SetBaudrate
 .text.USART_Initialize
                0x08207390      0x120 ./wiseconnect3_sdk_3.4.1/components/device/silabs/si91x/mcu/drivers/peripheral_drivers/src/rsi_usart.o
                0x08207390                USART_Initialize
 .text.USART_Uninitialize
                0x082074b0       0xa0 ./wiseconnect3_sdk_3.4.1/components/device/silabs/si91x/mcu/drivers/peripheral_drivers/src/rsi_usart.o
                0x082074b0                USART_Uninitialize
 .text.USART_PowerControl
                0x08207550      0x150 ./wiseconnect3_sdk_3.4.1/components/device/silabs/si91x/mcu/drivers/peripheral_drivers/src/rsi_usart.o
                0x08207550                USART_PowerControl
 .text.USART_Send_Data
                0x082076a0      0x15c ./wiseconnect3_sdk_3.4.1/components/device/silabs/si91x/mcu/drivers/peripheral_drivers/src/rsi_usart.o
                0x082076a0                USART_Send_Data
 .text.USART_Receive_Data
                0x082077fc      0x13c ./wiseconnect3_sdk_3.4.1/components/device/silabs/si91x/mcu/drivers/peripheral_drivers/src/rsi_usart.o
                0x082077fc                USART_Receive_Data
 .text.USART_Transfer
                0x08207938       0x72 ./wiseconnect3_sdk_3.4.1/components/device/silabs/si91x/mcu/drivers/peripheral_drivers/src/rsi_usart.o
                0x08207938                USART_Transfer
 .text.USART_GetTxCount
                0x082079aa        0x6 ./wiseconnect3_sdk_3.4.1/components/device/silabs/si91x/mcu/drivers/peripheral_drivers/src/rsi_usart.o
                0x082079aa                USART_GetTxCount
 .text.USART_GetRxCount
                0x082079b0        0x6 ./wiseconnect3_sdk_3.4.1/components/device/silabs/si91x/mcu/drivers/peripheral_drivers/src/rsi_usart.o
                0x082079b0                USART_GetRxCount
 *fill*         0x082079b6        0x2 
 .text.USART_Control
                0x082079b8      0x8e0 ./wiseconnect3_sdk_3.4.1/components/device/silabs/si91x/mcu/drivers/peripheral_drivers/src/rsi_usart.o
                0x082079b8                USART_Control
 .text.USART_GetStatus
                0x08208298       0x42 ./wiseconnect3_sdk_3.4.1/components/device/silabs/si91x/mcu/drivers/peripheral_drivers/src/rsi_usart.o
                0x08208298                USART_GetStatus
 *fill*         0x082082da        0x2 
 .text.USART_SetModemControl
                0x082082dc       0x84 ./wiseconnect3_sdk_3.4.1/components/device/silabs/si91x/mcu/drivers/peripheral_drivers/src/rsi_usart.o
                0x082082dc                USART_SetModemControl
 .text.USART_GetModemStatus
                0x08208360       0x5c ./wiseconnect3_sdk_3.4.1/components/device/silabs/si91x/mcu/drivers/peripheral_drivers/src/rsi_usart.o
                0x08208360                USART_GetModemStatus
 .text.convert_rsi_to_sl_error_code
                0x082083bc       0x58 ./wiseconnect3_sdk_3.4.1/components/device/silabs/si91x/mcu/drivers/service/clock_manager/src/sl_si91x_clock_manager.o
 .text.RSI_CLK_IntfPLLTurnOn.isra.0
                0x08208414        0xc ./wiseconnect3_sdk_3.4.1/components/device/silabs/si91x/mcu/drivers/service/clock_manager/src/sl_si91x_clock_manager.o
 .text.RSI_CLK_I2sPllTurnOn.isra.0
                0x08208420        0xc ./wiseconnect3_sdk_3.4.1/components/device/silabs/si91x/mcu/drivers/service/clock_manager/src/sl_si91x_clock_manager.o
 .text.RSI_CLK_SocPllTurnOn.isra.0
                0x0820842c        0xc ./wiseconnect3_sdk_3.4.1/components/device/silabs/si91x/mcu/drivers/service/clock_manager/src/sl_si91x_clock_manager.o
 .text.sl_si91x_clock_manager_set_pll_freq
                0x08208438      0x140 ./wiseconnect3_sdk_3.4.1/components/device/silabs/si91x/mcu/drivers/service/clock_manager/src/sl_si91x_clock_manager.o
                0x08208438                sl_si91x_clock_manager_set_pll_freq
 .text.sl_si91x_clock_manager_m4_set_core_clk
                0x08208578       0x90 ./wiseconnect3_sdk_3.4.1/components/device/silabs/si91x/mcu/drivers/service/clock_manager/src/sl_si91x_clock_manager.o
                0x08208578                sl_si91x_clock_manager_m4_set_core_clk
 .text.sl_si91x_clock_manager_init
                0x08208608       0x2c ./wiseconnect3_sdk_3.4.1/components/device/silabs/si91x/mcu/drivers/service/clock_manager/src/sl_si91x_clock_manager.o
                0x08208608                sl_si91x_clock_manager_init
 .text.RSI_BOD_IntrClr
                0x08208634       0x1c ./wiseconnect3_sdk_3.4.1/components/device/silabs/si91x/mcu/drivers/systemlevel/src/rsi_bod.o
                0x08208634                RSI_BOD_IntrClr
 .text.RSI_BOD_SoftTriggerGetBatteryStatus
                0x08208650       0xc8 ./wiseconnect3_sdk_3.4.1/components/device/silabs/si91x/mcu/drivers/systemlevel/src/rsi_bod.o
                0x08208650                RSI_BOD_SoftTriggerGetBatteryStatus
 .text.RSI_IPMU_UpdateIpmuCalibData_efuse
                0x08208718      0x300 ./wiseconnect3_sdk_3.4.1/components/device/silabs/si91x/mcu/drivers/systemlevel/src/rsi_ipmu.o
                0x08208718                RSI_IPMU_UpdateIpmuCalibData_efuse
 .text.RSI_Ipmu_Init
                0x08208a18        0x4 ./wiseconnect3_sdk_3.4.1/components/device/silabs/si91x/mcu/drivers/systemlevel/src/rsi_ipmu.o
                0x08208a18                RSI_Ipmu_Init
 .text.RSI_Configure_Ipmu_Mode
                0x08208a1c       0x74 ./wiseconnect3_sdk_3.4.1/components/device/silabs/si91x/mcu/drivers/systemlevel/src/rsi_ipmu.o
                0x08208a1c                RSI_Configure_Ipmu_Mode
 .text.RSI_IPMU_PowerGateSet
                0x08208a90       0x34 ./wiseconnect3_sdk_3.4.1/components/device/silabs/si91x/mcu/drivers/systemlevel/src/rsi_ipmu.o
                0x08208a90                RSI_IPMU_PowerGateSet
 .text.RSI_IPMU_PowerGateClr
                0x08208ac4       0x4c ./wiseconnect3_sdk_3.4.1/components/device/silabs/si91x/mcu/drivers/systemlevel/src/rsi_ipmu.o
                0x08208ac4                RSI_IPMU_PowerGateClr
 .text.RSI_IPMU_ClockMuxSel
                0x08208b10       0x40 ./wiseconnect3_sdk_3.4.1/components/device/silabs/si91x/mcu/drivers/systemlevel/src/rsi_ipmu.o
                0x08208b10                RSI_IPMU_ClockMuxSel
 .text.RSI_IPMU_ProgramConfigData
                0x08208b50       0xea ./wiseconnect3_sdk_3.4.1/components/device/silabs/si91x/mcu/drivers/systemlevel/src/rsi_ipmu.o
                0x08208b50                RSI_IPMU_ProgramConfigData
 .text.RSI_APB_ProgramConfigData
                0x08208c3a       0xc8 ./wiseconnect3_sdk_3.4.1/components/device/silabs/si91x/mcu/drivers/systemlevel/src/rsi_ipmu.o
                0x08208c3a                RSI_APB_ProgramConfigData
 *fill*         0x08208d02        0x2 
 .text.RSI_IPMU_Retn_Voltage_To_Default
                0x08208d04       0x10 ./wiseconnect3_sdk_3.4.1/components/device/silabs/si91x/mcu/drivers/systemlevel/src/rsi_ipmu.o
                0x08208d04                RSI_IPMU_Retn_Voltage_To_Default
 .text.RSI_IPMU_Set_Higher_Pwm_Ro_Frequency_Mode_to_PMU
                0x08208d14       0x14 ./wiseconnect3_sdk_3.4.1/components/device/silabs/si91x/mcu/drivers/systemlevel/src/rsi_ipmu.o
                0x08208d14                RSI_IPMU_Set_Higher_Pwm_Ro_Frequency_Mode_to_PMU
 .text.RSI_IPMU_M32rc_OscTrimEfuse
                0x08208d28       0x28 ./wiseconnect3_sdk_3.4.1/components/device/silabs/si91x/mcu/drivers/systemlevel/src/rsi_ipmu.o
                0x08208d28                RSI_IPMU_M32rc_OscTrimEfuse
 .text.RSI_IPMU_DBLR32M_TrimEfuse
                0x08208d50       0x18 ./wiseconnect3_sdk_3.4.1/components/device/silabs/si91x/mcu/drivers/systemlevel/src/rsi_ipmu.o
                0x08208d50                RSI_IPMU_DBLR32M_TrimEfuse
 .text.RSI_IPMU_M20roOsc_TrimEfuse
                0x08208d68       0x28 ./wiseconnect3_sdk_3.4.1/components/device/silabs/si91x/mcu/drivers/systemlevel/src/rsi_ipmu.o
                0x08208d68                RSI_IPMU_M20roOsc_TrimEfuse
 .text.RSI_IPMU_RO32khz_TrimEfuse
                0x08208d90       0x18 ./wiseconnect3_sdk_3.4.1/components/device/silabs/si91x/mcu/drivers/systemlevel/src/rsi_ipmu.o
                0x08208d90                RSI_IPMU_RO32khz_TrimEfuse
 .text.RSI_IPMU_RC32khz_TrimEfuse
                0x08208da8       0x18 ./wiseconnect3_sdk_3.4.1/components/device/silabs/si91x/mcu/drivers/systemlevel/src/rsi_ipmu.o
                0x08208da8                RSI_IPMU_RC32khz_TrimEfuse
 .text.RSI_IPMU_Vbg_Tsbjt_Efuse
                0x08208dc0        0xc ./wiseconnect3_sdk_3.4.1/components/device/silabs/si91x/mcu/drivers/systemlevel/src/rsi_ipmu.o
                0x08208dc0                RSI_IPMU_Vbg_Tsbjt_Efuse
 .text.RSI_IPMU_Auxadcoff_DiffEfuse
                0x08208dcc        0xc ./wiseconnect3_sdk_3.4.1/components/device/silabs/si91x/mcu/drivers/systemlevel/src/rsi_ipmu.o
                0x08208dcc                RSI_IPMU_Auxadcoff_DiffEfuse
 .text.RSI_IPMU_Auxadcgain_DiffEfuse
                0x08208dd8        0xc ./wiseconnect3_sdk_3.4.1/components/device/silabs/si91x/mcu/drivers/systemlevel/src/rsi_ipmu.o
                0x08208dd8                RSI_IPMU_Auxadcgain_DiffEfuse
 .text.RSI_IPMU_Auxadcoff_SeEfuse
                0x08208de4        0xc ./wiseconnect3_sdk_3.4.1/components/device/silabs/si91x/mcu/drivers/systemlevel/src/rsi_ipmu.o
                0x08208de4                RSI_IPMU_Auxadcoff_SeEfuse
 .text.RSI_IPMU_Auxadcgain_SeEfuse
                0x08208df0        0xc ./wiseconnect3_sdk_3.4.1/components/device/silabs/si91x/mcu/drivers/systemlevel/src/rsi_ipmu.o
                0x08208df0                RSI_IPMU_Auxadcgain_SeEfuse
 .text.RSI_IPMU_Delvbe_Tsbjt_Efuse
                0x08208dfc        0xc ./wiseconnect3_sdk_3.4.1/components/device/silabs/si91x/mcu/drivers/systemlevel/src/rsi_ipmu.o
                0x08208dfc                RSI_IPMU_Delvbe_Tsbjt_Efuse
 .text._usdelay
                0x08208e08        0x6 ./wiseconnect3_sdk_3.4.1/components/device/silabs/si91x/mcu/drivers/systemlevel/src/rsi_pll.o
 *fill*         0x08208e0e        0x2 
 .text.clk_m4_soc_clk_config
                0x08208e10       0xc8 ./wiseconnect3_sdk_3.4.1/components/device/silabs/si91x/mcu/drivers/systemlevel/src/rsi_pll.o
                0x08208e10                clk_m4_soc_clk_config
 .text.ulpss_enable_ref_clks
                0x08208ed8       0xf8 ./wiseconnect3_sdk_3.4.1/components/device/silabs/si91x/mcu/drivers/systemlevel/src/rsi_pll.o
                0x08208ed8                ulpss_enable_ref_clks
 .text.clk_m4ss_ref_clk_config
                0x08208fd0       0xcc ./wiseconnect3_sdk_3.4.1/components/device/silabs/si91x/mcu/drivers/systemlevel/src/rsi_pll.o
                0x08208fd0                clk_m4ss_ref_clk_config
 .text.ulpss_ref_clk_config
                0x0820909c       0xbc ./wiseconnect3_sdk_3.4.1/components/device/silabs/si91x/mcu/drivers/systemlevel/src/rsi_ulpss_clk.o
                0x0820909c                ulpss_ref_clk_config
 .text.convert_rsi_to_sl_error_code
                0x08209158       0x58 ./wiseconnect3_sdk_3.4.1/components/device/silabs/si91x/mcu/drivers/unified_api/src/sl_si91x_adc.o
 .text.validate_adc_parameters
                0x082091b0       0x18 ./wiseconnect3_sdk_3.4.1/components/device/silabs/si91x/mcu/drivers/unified_api/src/sl_si91x_adc.o
 .text.validate_adc_channel_parameters
                0x082091c8       0x70 ./wiseconnect3_sdk_3.4.1/components/device/silabs/si91x/mcu/drivers/unified_api/src/sl_si91x_adc.o
 .text.callback_event_handler
                0x08209238       0x14 ./wiseconnect3_sdk_3.4.1/components/device/silabs/si91x/mcu/drivers/unified_api/src/sl_si91x_adc.o
 .text.sl_si91x_adc_init
                0x0820924c      0x128 ./wiseconnect3_sdk_3.4.1/components/device/silabs/si91x/mcu/drivers/unified_api/src/sl_si91x_adc.o
                0x0820924c                sl_si91x_adc_init
 .text.sl_si91x_adc_set_channel_configuration
                0x08209374       0x70 ./wiseconnect3_sdk_3.4.1/components/device/silabs/si91x/mcu/drivers/unified_api/src/sl_si91x_adc.o
                0x08209374                sl_si91x_adc_set_channel_configuration
 .text.sl_si91x_adc_register_event_callback
                0x082093e4       0x1c ./wiseconnect3_sdk_3.4.1/components/device/silabs/si91x/mcu/drivers/unified_api/src/sl_si91x_adc.o
                0x082093e4                sl_si91x_adc_register_event_callback
 .text.sl_si91x_adc_temperature_sensor_enable
                0x08209400       0x14 ./wiseconnect3_sdk_3.4.1/components/device/silabs/si91x/mcu/drivers/unified_api/src/sl_si91x_adc.o
                0x08209400                sl_si91x_adc_temperature_sensor_enable
 .text.sl_si91x_adc_start
                0x08209414       0x1e ./wiseconnect3_sdk_3.4.1/components/device/silabs/si91x/mcu/drivers/unified_api/src/sl_si91x_adc.o
                0x08209414                sl_si91x_adc_start
 .text.sl_si91x_adc_stop
                0x08209432       0x1e ./wiseconnect3_sdk_3.4.1/components/device/silabs/si91x/mcu/drivers/unified_api/src/sl_si91x_adc.o
                0x08209432                sl_si91x_adc_stop
 .text.sl_si91x_adc_deinit
                0x08209450       0x28 ./wiseconnect3_sdk_3.4.1/components/device/silabs/si91x/mcu/drivers/unified_api/src/sl_si91x_adc.o
                0x08209450                sl_si91x_adc_deinit
 .text.callback_event
                0x08209478       0x10 ./wiseconnect3_sdk_3.4.1/components/device/silabs/si91x/mcu/drivers/unified_api/src/sl_si91x_bjt_temperature_sensor.o
 .text.sl_si91x_bjt_temperature_sensor_init
                0x08209488       0xb0 ./wiseconnect3_sdk_3.4.1/components/device/silabs/si91x/mcu/drivers/unified_api/src/sl_si91x_bjt_temperature_sensor.o
                0x08209488                sl_si91x_bjt_temperature_sensor_init
 .text.sl_si91x_bjt_temperature_sensor_bg_set_channel_configuration
                0x08209538       0x60 ./wiseconnect3_sdk_3.4.1/components/device/silabs/si91x/mcu/drivers/unified_api/src/sl_si91x_bjt_temperature_sensor.o
                0x08209538                sl_si91x_bjt_temperature_sensor_bg_set_channel_configuration
 .text.sl_si91x_bjt_temperature_sensor_state
                0x08209598       0x24 ./wiseconnect3_sdk_3.4.1/components/device/silabs/si91x/mcu/drivers/unified_api/src/sl_si91x_bjt_temperature_sensor.o
                0x08209598                sl_si91x_bjt_temperature_sensor_state
 .text.sl_si91x_bjt_temperature_sensor_set_channel_configuration
                0x082095bc       0x48 ./wiseconnect3_sdk_3.4.1/components/device/silabs/si91x/mcu/drivers/unified_api/src/sl_si91x_bjt_temperature_sensor.o
                0x082095bc                sl_si91x_bjt_temperature_sensor_set_channel_configuration
 .text.sl_si91x_bjt_temperature_sensor_read_data
                0x08209604      0x170 ./wiseconnect3_sdk_3.4.1/components/device/silabs/si91x/mcu/drivers/unified_api/src/sl_si91x_bjt_temperature_sensor.o
                0x08209604                sl_si91x_bjt_temperature_sensor_read_data
 .text.sl_si91x_bjt_temperature_sensor_deinit
                0x08209774       0x5c ./wiseconnect3_sdk_3.4.1/components/device/silabs/si91x/mcu/drivers/unified_api/src/sl_si91x_bjt_temperature_sensor.o
                0x08209774                sl_si91x_bjt_temperature_sensor_deinit
 .text.sl_si91x_dma_init
                0x082097d0       0x70 ./wiseconnect3_sdk_3.4.1/components/device/silabs/si91x/mcu/drivers/unified_api/src/sl_si91x_dma.o
                0x082097d0                sl_si91x_dma_init
 .text.sl_si91x_dma_allocate_channel
                0x08209840       0xdc ./wiseconnect3_sdk_3.4.1/components/device/silabs/si91x/mcu/drivers/unified_api/src/sl_si91x_dma.o
                0x08209840                sl_si91x_dma_allocate_channel
 .text.sl_si91x_dma_register_callbacks
                0x0820991c       0x5c ./wiseconnect3_sdk_3.4.1/components/device/silabs/si91x/mcu/drivers/unified_api/src/sl_si91x_dma.o
                0x0820991c                sl_si91x_dma_register_callbacks
 .text.sl_si91x_dma_unregister_callbacks
                0x08209978       0x88 ./wiseconnect3_sdk_3.4.1/components/device/silabs/si91x/mcu/drivers/unified_api/src/sl_si91x_dma.o
                0x08209978                sl_si91x_dma_unregister_callbacks
 .text.sl_mv_m4_app_from_flash_to_ram
                0x08209a00       0x50 ./wiseconnect3_sdk_3.4.1/components/device/silabs/si91x/wireless/ahb_interface/src/rsi_hal_mcu_m4_ram.o
                0x08209a00                sl_mv_m4_app_from_flash_to_ram
 .text.sli_si91x_raise_pkt_pending_interrupt_to_ta
                0x08209a50       0x20 ./wiseconnect3_sdk_3.4.1/components/device/silabs/si91x/wireless/ahb_interface/src/rsi_hal_mcu_m4_rom.o
                0x08209a50                sli_si91x_raise_pkt_pending_interrupt_to_ta
 .text.raise_m4_to_ta_interrupt
                0x08209a70        0xc ./wiseconnect3_sdk_3.4.1/components/device/silabs/si91x/wireless/ahb_interface/src/rsi_hal_mcu_m4_rom.o
                0x08209a70                raise_m4_to_ta_interrupt
 .text.mask_ta_interrupt
                0x08209a7c        0xc ./wiseconnect3_sdk_3.4.1/components/device/silabs/si91x/wireless/ahb_interface/src/rsi_hal_mcu_m4_rom.o
                0x08209a7c                mask_ta_interrupt
 .text.sli_receive_from_ta_done_isr
                0x08209a88       0x24 ./wiseconnect3_sdk_3.4.1/components/device/silabs/si91x/wireless/ahb_interface/src/rsi_hal_mcu_m4_rom.o
                0x08209a88                sli_receive_from_ta_done_isr
 .text.sli_m4_interrupt_isr
                0x08209aac       0xc4 ./wiseconnect3_sdk_3.4.1/components/device/silabs/si91x/wireless/ahb_interface/src/rsi_hal_mcu_m4_rom.o
                0x08209aac                sli_m4_interrupt_isr
 .text.sl_si91x_bus_read_interrupt_status
                0x08209b70       0x10 ./wiseconnect3_sdk_3.4.1/components/device/silabs/si91x/wireless/ahb_interface/src/rsi_hal_mcu_m4_rom.o
                0x08209b70                sl_si91x_bus_read_interrupt_status
 .text.si91x_req_wakeup
                0x08209b80       0x20 ./wiseconnect3_sdk_3.4.1/components/device/silabs/si91x/wireless/ahb_interface/src/rsi_hal_mcu_m4_rom.o
                0x08209b80                si91x_req_wakeup
 .text.sl_si91x_host_clear_sleep_indicator
                0x08209ba0       0x14 ./wiseconnect3_sdk_3.4.1/components/device/silabs/si91x/wireless/ahb_interface/src/rsi_hal_mcu_m4_rom.o
                0x08209ba0                sl_si91x_host_clear_sleep_indicator
 .text.sli_si91x_raise_xtal_interrupt_to_ta
                0x08209bb4       0x38 ./wiseconnect3_sdk_3.4.1/components/device/silabs/si91x/wireless/ahb_interface/src/rsi_hal_mcu_m4_rom.o
                0x08209bb4                sli_si91x_raise_xtal_interrupt_to_ta
 .text.sli_si91x_xtal_turn_on_request_from_m4_to_TA
                0x08209bec       0x58 ./wiseconnect3_sdk_3.4.1/components/device/silabs/si91x/wireless/ahb_interface/src/rsi_hal_mcu_m4_rom.o
                0x08209bec                sli_si91x_xtal_turn_on_request_from_m4_to_TA
 .text.sli_si91x_send_m4_xtal_usage_notification_to_ta
                0x08209c44       0x24 ./wiseconnect3_sdk_3.4.1/components/device/silabs/si91x/wireless/ahb_interface/src/rsi_hal_mcu_m4_rom.o
                0x08209c44                sli_si91x_send_m4_xtal_usage_notification_to_ta
 .text.IRQ074_Handler
                0x08209c68        0x4 ./wiseconnect3_sdk_3.4.1/components/device/silabs/si91x/wireless/ahb_interface/src/rsi_hal_mcu_m4_rom.o
                0x08209c68                IRQ074_Handler
 .text.sl_si91x_ta_events_init
                0x08209c6c       0x14 ./wiseconnect3_sdk_3.4.1/components/device/silabs/si91x/wireless/ahb_interface/src/rsi_hal_mcu_m4_rom.o
                0x08209c6c                sl_si91x_ta_events_init
 .text.sli_si91x_platform_init
                0x08209c80       0x78 ./wiseconnect3_sdk_3.4.1/components/device/silabs/si91x/wireless/ahb_interface/src/sl_platform.o
                0x08209c80                sli_si91x_platform_init
 .text.si91x_bootup_firmware
                0x08209cf8       0x94 ./wiseconnect3_sdk_3.4.1/components/device/silabs/si91x/wireless/ahb_interface/src/sl_platform.o
                0x08209cf8                si91x_bootup_firmware
 .text.sli_si91x_configure_wireless_frontend_controls
                0x08209d8c       0x44 ./wiseconnect3_sdk_3.4.1/components/device/silabs/si91x/wireless/ahb_interface/src/sl_platform_wireless.o
                0x08209d8c                sli_si91x_configure_wireless_frontend_controls
 .text.sl_si91x_bus_init
                0x08209dd0       0x1c ./wiseconnect3_sdk_3.4.1/components/device/silabs/si91x/wireless/ahb_interface/src/sl_si91x_bus.o
                0x08209dd0                sl_si91x_bus_init
 .text.sli_si91x_submit_rx_pkt
                0x08209dec       0x84 ./wiseconnect3_sdk_3.4.1/components/device/silabs/si91x/wireless/ahb_interface/src/sl_si91x_bus.o
                0x08209dec                sli_si91x_submit_rx_pkt
 .text.sl_si91x_bus_read_frame
                0x08209e70        0xc ./wiseconnect3_sdk_3.4.1/components/device/silabs/si91x/wireless/ahb_interface/src/sl_si91x_bus.o
                0x08209e70                sl_si91x_bus_read_frame
 .text.sl_si91x_bus_write_frame
                0x08209e7c       0x24 ./wiseconnect3_sdk_3.4.1/components/device/silabs/si91x/wireless/ahb_interface/src/sl_si91x_bus.o
                0x08209e7c                sl_si91x_bus_write_frame
 .text.sli_submit_rx_buffer
                0x08209ea0       0x16 ./wiseconnect3_sdk_3.4.1/components/device/silabs/si91x/wireless/ahb_interface/src/sl_si91x_bus.o
                0x08209ea0                sli_submit_rx_buffer
 *fill*         0x08209eb6        0x2 
 .text.rsi_update_tx_dma_desc
                0x08209eb8       0x28 ./wiseconnect3_sdk_3.4.1/components/device/silabs/si91x/wireless/ahb_interface/src/sl_si91x_bus.o
                0x08209eb8                rsi_update_tx_dma_desc
 .text.rsi_update_rx_dma_desc
                0x08209ee0       0x10 ./wiseconnect3_sdk_3.4.1/components/device/silabs/si91x/wireless/ahb_interface/src/sl_si91x_bus.o
                0x08209ee0                rsi_update_rx_dma_desc
 .text.sli_si91x_config_m4_dma_desc_on_reset
                0x08209ef0       0x48 ./wiseconnect3_sdk_3.4.1/components/device/silabs/si91x/wireless/ahb_interface/src/sl_si91x_bus.o
                0x08209ef0                sli_si91x_config_m4_dma_desc_on_reset
 .text.rsi_waitfor_boardready
                0x08209f38       0x44 ./wiseconnect3_sdk_3.4.1/components/device/silabs/si91x/wireless/ahb_interface/src/sli_siwx917_soc.o
                0x08209f38                rsi_waitfor_boardready
 .text.rsi_select_option
                0x08209f7c       0x80 ./wiseconnect3_sdk_3.4.1/components/device/silabs/si91x/wireless/ahb_interface/src/sli_siwx917_soc.o
                0x08209f7c                rsi_select_option
 .text.unmask_ta_interrupt
                0x08209ffc        0xc ./wiseconnect3_sdk_3.4.1/components/device/silabs/si91x/wireless/ahb_interface/src/sli_siwx917_soc.o
                0x08209ffc                unmask_ta_interrupt
 .text.sli_m4_ta_interrupt_init
                0x0820a008       0x2c ./wiseconnect3_sdk_3.4.1/components/device/silabs/si91x/wireless/ahb_interface/src/sli_siwx917_soc.o
                0x0820a008                sli_m4_ta_interrupt_init
 .text.sl_si91x_errno
                0x0820a034       0x1c ./wiseconnect3_sdk_3.4.1/components/device/silabs/si91x/wireless/errno/src/sl_si91x_errno.o
                0x0820a034                sl_si91x_errno
 .text.sl_si91x_bus_rx_irq_handler
                0x0820a050        0x4 ./wiseconnect3_sdk_3.4.1/components/device/silabs/si91x/wireless/host_mcu/si91x/siwx917_soc_ncp_host.o
                0x0820a050                sl_si91x_bus_rx_irq_handler
 .text.sl_si91x_bus_rx_done_handler
                0x0820a054        0x2 ./wiseconnect3_sdk_3.4.1/components/device/silabs/si91x/wireless/host_mcu/si91x/siwx917_soc_ncp_host.o
                0x0820a054                sl_si91x_bus_rx_done_handler
 .text.sl_si91x_host_init
                0x0820a056        0xa ./wiseconnect3_sdk_3.4.1/components/device/silabs/si91x/wireless/host_mcu/si91x/siwx917_soc_ncp_host.o
                0x0820a056                sl_si91x_host_init
 .text.sl_si91x_host_deinit
                0x0820a060        0x4 ./wiseconnect3_sdk_3.4.1/components/device/silabs/si91x/wireless/host_mcu/si91x/siwx917_soc_ncp_host.o
                0x0820a060                sl_si91x_host_deinit
 .text.sl_si91x_host_hold_in_reset
                0x0820a064        0x2 ./wiseconnect3_sdk_3.4.1/components/device/silabs/si91x/wireless/host_mcu/si91x/siwx917_soc_ncp_host.o
                0x0820a064                sl_si91x_host_hold_in_reset
 .text.sl_si91x_host_release_from_reset
                0x0820a066        0x2 ./wiseconnect3_sdk_3.4.1/components/device/silabs/si91x/wireless/host_mcu/si91x/siwx917_soc_ncp_host.o
                0x0820a066                sl_si91x_host_release_from_reset
 .text.sl_si91x_host_enable_bus_interrupt
                0x0820a068        0x2 ./wiseconnect3_sdk_3.4.1/components/device/silabs/si91x/wireless/host_mcu/si91x/siwx917_soc_ncp_host.o
                0x0820a068                sl_si91x_host_enable_bus_interrupt
 .text.sl_si91x_host_disable_bus_interrupt
                0x0820a06a        0x2 ./wiseconnect3_sdk_3.4.1/components/device/silabs/si91x/wireless/host_mcu/si91x/siwx917_soc_ncp_host.o
                0x0820a06a                sl_si91x_host_disable_bus_interrupt
 .text.sl_si91x_host_is_in_irq_context
                0x0820a06c       0x14 ./wiseconnect3_sdk_3.4.1/components/device/silabs/si91x/wireless/host_mcu/si91x/siwx917_soc_ncp_host.o
                0x0820a06c                sl_si91x_host_is_in_irq_context
 .text.sl_si91x_host_init_buffer_manager
                0x0820a080       0xa8 ./wiseconnect3_sdk_3.4.1/components/device/silabs/si91x/wireless/memory/mem_pool_buffer_quota.o
                0x0820a080                sl_si91x_host_init_buffer_manager
 .text.sl_si91x_host_deinit_buffer_manager
                0x0820a128       0x80 ./wiseconnect3_sdk_3.4.1/components/device/silabs/si91x/wireless/memory/mem_pool_buffer_quota.o
                0x0820a128                sl_si91x_host_deinit_buffer_manager
 .text.sl_si91x_host_allocate_buffer
                0x0820a1a8       0x94 ./wiseconnect3_sdk_3.4.1/components/device/silabs/si91x/wireless/memory/mem_pool_buffer_quota.o
                0x0820a1a8                sl_si91x_host_allocate_buffer
 .text.sl_si91x_host_get_buffer_data
                0x0820a23c       0x16 ./wiseconnect3_sdk_3.4.1/components/device/silabs/si91x/wireless/memory/mem_pool_buffer_quota.o
                0x0820a23c                sl_si91x_host_get_buffer_data
 *fill*         0x0820a252        0x2 
 .text.sl_si91x_host_free_buffer
                0x0820a254       0x30 ./wiseconnect3_sdk_3.4.1/components/device/silabs/si91x/wireless/memory/mem_pool_buffer_quota.o
                0x0820a254                sl_si91x_host_free_buffer
 .text.convert_si91x_dns_response
                0x0820a284       0x2a ./wiseconnect3_sdk_3.4.1/components/device/silabs/si91x/wireless/sl_net/src/sl_net_rsi_utility.o
                0x0820a284                convert_si91x_dns_response
 .text.convert_si91x_event_to_sl_net_event
                0x0820a2ae       0x40 ./wiseconnect3_sdk_3.4.1/components/device/silabs/si91x/wireless/sl_net/src/sl_net_rsi_utility.o
                0x0820a2ae                convert_si91x_event_to_sl_net_event
 *fill*         0x0820a2ee        0x2 
 .text.sl_si91x_register_event_handler
                0x0820a2f0        0xc ./wiseconnect3_sdk_3.4.1/components/device/silabs/si91x/wireless/sl_net/src/sl_net_si91x_callback_framework.o
                0x0820a2f0                sl_si91x_register_event_handler
 .text.sl_si91x_default_handler
                0x0820a2fc      0x114 ./wiseconnect3_sdk_3.4.1/components/device/silabs/si91x/wireless/sl_net/src/sl_net_si91x_callback_framework.o
                0x0820a2fc                sl_si91x_default_handler
 .text.handle_mqtt_client_asynch_events
                0x0820a410       0xf0 ./wiseconnect3_sdk_3.4.1/components/device/silabs/si91x/wireless/sl_net/src/sl_net_si91x_integration_handler.o
 .text.sli_si91x_network_cleanup_handler
                0x0820a500        0x4 ./wiseconnect3_sdk_3.4.1/components/device/silabs/si91x/wireless/sl_net/src/sl_net_si91x_integration_handler.o
                0x0820a500                sli_si91x_network_cleanup_handler
 .text.sli_si91x_flush_all_socket_tx_queues_based_on_dest_ip_address
                0x0820a504       0x60 ./wiseconnect3_sdk_3.4.1/components/device/silabs/si91x/wireless/sl_net/src/sl_net_si91x_integration_handler.o
                0x0820a504                sli_si91x_flush_all_socket_tx_queues_based_on_dest_ip_address
 .text.sli_si91x_flush_third_party_station_dependent_sockets
                0x0820a564       0xb8 ./wiseconnect3_sdk_3.4.1/components/device/silabs/si91x/wireless/sl_net/src/sl_net_si91x_integration_handler.o
                0x0820a564                sli_si91x_flush_third_party_station_dependent_sockets
 .text.sl_net_si91x_event_dispatch_handler
                0x0820a61c      0x168 ./wiseconnect3_sdk_3.4.1/components/device/silabs/si91x/wireless/sl_net/src/sl_net_si91x_integration_handler.o
                0x0820a61c                sl_net_si91x_event_dispatch_handler
 .text.convert_to_si91x_cert_type
                0x0820a784       0x86 ./wiseconnect3_sdk_3.4.1/components/device/silabs/si91x/wireless/sl_net/src/sl_si91x_net_credentials.o
 .text.sl_si91x_set_credential
                0x0820a80a       0x46 ./wiseconnect3_sdk_3.4.1/components/device/silabs/si91x/wireless/sl_net/src/sl_si91x_net_credentials.o
                0x0820a80a                sl_si91x_set_credential
 .text.sli_si91x_configure_ip_address
                0x0820a850      0x1f0 ./wiseconnect3_sdk_3.4.1/components/device/silabs/si91x/wireless/sl_net/src/sl_si91x_net_internal_stack.o
                0x0820a850                sli_si91x_configure_ip_address
 .text.sl_si91x_configure_ip_address
                0x0820aa40        0xc ./wiseconnect3_sdk_3.4.1/components/device/silabs/si91x/wireless/sl_net/src/sl_si91x_net_internal_stack.o
                0x0820aa40                sl_si91x_configure_ip_address
 .text.sli_si91x_clear_select_id
                0x0820aa4c       0x30 ./wiseconnect3_sdk_3.4.1/components/device/silabs/si91x/wireless/socket/src/sl_si91x_socket_utility.o
 .text.handle_accept_response
                0x0820aa7c       0x58 ./wiseconnect3_sdk_3.4.1/components/device/silabs/si91x/wireless/socket/src/sl_si91x_socket_utility.o
                0x0820aa7c                handle_accept_response
 .text.sli_si91x_socket_init
                0x0820aad4       0x70 ./wiseconnect3_sdk_3.4.1/components/device/silabs/si91x/wireless/socket/src/sl_si91x_socket_utility.o
                0x0820aad4                sli_si91x_socket_init
 .text.sli_si91x_socket_deinit
                0x0820ab44       0x50 ./wiseconnect3_sdk_3.4.1/components/device/silabs/si91x/wireless/socket/src/sl_si91x_socket_utility.o
                0x0820ab44                sli_si91x_socket_deinit
 .text.sli_si91x_vap_shutdown
                0x0820ab94       0x2c ./wiseconnect3_sdk_3.4.1/components/device/silabs/si91x/wireless/socket/src/sl_si91x_socket_utility.o
                0x0820ab94                sli_si91x_vap_shutdown
 .text.get_si91x_socket
                0x0820abc0       0x14 ./wiseconnect3_sdk_3.4.1/components/device/silabs/si91x/wireless/socket/src/sl_si91x_socket_utility.o
                0x0820abc0                get_si91x_socket
 .text.handle_select_response
                0x0820abd4       0x68 ./wiseconnect3_sdk_3.4.1/components/device/silabs/si91x/wireless/socket/src/sl_si91x_socket_utility.o
                0x0820abd4                handle_select_response
 .text.sli_si91x_get_socket_from_id
                0x0820ac3c       0x44 ./wiseconnect3_sdk_3.4.1/components/device/silabs/si91x/wireless/socket/src/sl_si91x_socket_utility.o
                0x0820ac3c                sli_si91x_get_socket_from_id
 .text.sli_get_socket_command_from_host_packet
                0x0820ac80        0x4 ./wiseconnect3_sdk_3.4.1/components/device/silabs/si91x/wireless/socket/src/sl_si91x_socket_utility.o
                0x0820ac80                sli_get_socket_command_from_host_packet
 .text.si91x_socket_event_handler
                0x0820ac84      0x220 ./wiseconnect3_sdk_3.4.1/components/device/silabs/si91x/wireless/socket/src/sl_si91x_socket_utility.o
                0x0820ac84                si91x_socket_event_handler
 .text.sli_si91x_get_socket_id
                0x0820aea4       0x64 ./wiseconnect3_sdk_3.4.1/components/device/silabs/si91x/wireless/socket/src/sl_si91x_socket_utility.o
                0x0820aea4                sli_si91x_get_socket_id
 .text.sli_si91x_set_socket_event
                0x0820af08       0x10 ./wiseconnect3_sdk_3.4.1/components/device/silabs/si91x/wireless/socket/src/sl_si91x_socket_utility.o
                0x0820af08                sli_si91x_set_socket_event
 .text.sli_si91x_flush_select_request_table
                0x0820af18       0x54 ./wiseconnect3_sdk_3.4.1/components/device/silabs/si91x/wireless/socket/src/sl_si91x_socket_utility.o
                0x0820af18                sli_si91x_flush_select_request_table
 .text.sli_si91x_is_ip_address_zero
                0x0820af6c       0x30 ./wiseconnect3_sdk_3.4.1/components/device/silabs/si91x/wireless/socket/src/sl_si91x_socket_utility.o
                0x0820af6c                sli_si91x_is_ip_address_zero
 .text.sli_fw_status_storage_index_init
                0x0820af9c       0x30 ./wiseconnect3_sdk_3.4.1/components/device/silabs/si91x/wireless/src/sl_rsi_utility.o
                0x0820af9c                sli_fw_status_storage_index_init
 .text.sli_handle_wifi_beacon